Archive member included to satisfy reference by file (symbol)

d:/stm32cubeide_1.6.0/stm32cubeide/plugins/com.st.stm32cube.ide.mcu.externaltools.gnu-tools-for-stm32.9-2020-q2-update.win32_2.0.0.202105311346/tools/bin/../lib/gcc/arm-none-eabi/9.3.1/../../../../arm-none-eabi/lib/thumb/v7-m/nofp\libc_nano.a(lib_a-errno.o)
                              ./Core/Src/syscalls.o (__errno)
d:/stm32cubeide_1.6.0/stm32cubeide/plugins/com.st.stm32cube.ide.mcu.externaltools.gnu-tools-for-stm32.9-2020-q2-update.win32_2.0.0.202105311346/tools/bin/../lib/gcc/arm-none-eabi/9.3.1/../../../../arm-none-eabi/lib/thumb/v7-m/nofp\libc_nano.a(lib_a-exit.o)
                              d:/stm32cubeide_1.6.0/stm32cubeide/plugins/com.st.stm32cube.ide.mcu.externaltools.gnu-tools-for-stm32.9-2020-q2-update.win32_2.0.0.202105311346/tools/bin/../lib/gcc/arm-none-eabi/9.3.1/../../../../arm-none-eabi/lib/thumb/v7-m/nofp/crt0.o (exit)
d:/stm32cubeide_1.6.0/stm32cubeide/plugins/com.st.stm32cube.ide.mcu.externaltools.gnu-tools-for-stm32.9-2020-q2-update.win32_2.0.0.202105311346/tools/bin/../lib/gcc/arm-none-eabi/9.3.1/../../../../arm-none-eabi/lib/thumb/v7-m/nofp\libc_nano.a(lib_a-impure.o)
                              d:/stm32cubeide_1.6.0/stm32cubeide/plugins/com.st.stm32cube.ide.mcu.externaltools.gnu-tools-for-stm32.9-2020-q2-update.win32_2.0.0.202105311346/tools/bin/../lib/gcc/arm-none-eabi/9.3.1/../../../../arm-none-eabi/lib/thumb/v7-m/nofp\libc_nano.a(lib_a-exit.o) (_global_impure_ptr)
d:/stm32cubeide_1.6.0/stm32cubeide/plugins/com.st.stm32cube.ide.mcu.externaltools.gnu-tools-for-stm32.9-2020-q2-update.win32_2.0.0.202105311346/tools/bin/../lib/gcc/arm-none-eabi/9.3.1/../../../../arm-none-eabi/lib/thumb/v7-m/nofp\libc_nano.a(lib_a-init.o)
                              d:/stm32cubeide_1.6.0/stm32cubeide/plugins/com.st.stm32cube.ide.mcu.externaltools.gnu-tools-for-stm32.9-2020-q2-update.win32_2.0.0.202105311346/tools/bin/../lib/gcc/arm-none-eabi/9.3.1/../../../../arm-none-eabi/lib/thumb/v7-m/nofp/crt0.o (__libc_init_array)
d:/stm32cubeide_1.6.0/stm32cubeide/plugins/com.st.stm32cube.ide.mcu.externaltools.gnu-tools-for-stm32.9-2020-q2-update.win32_2.0.0.202105311346/tools/bin/../lib/gcc/arm-none-eabi/9.3.1/../../../../arm-none-eabi/lib/thumb/v7-m/nofp\libc_nano.a(lib_a-memcpy-stub.o)
                              ./Middlewares/Third_Party/FreeRTOS/Source/queue.o (memcpy)
d:/stm32cubeide_1.6.0/stm32cubeide/plugins/com.st.stm32cube.ide.mcu.externaltools.gnu-tools-for-stm32.9-2020-q2-update.win32_2.0.0.202105311346/tools/bin/../lib/gcc/arm-none-eabi/9.3.1/../../../../arm-none-eabi/lib/thumb/v7-m/nofp\libc_nano.a(lib_a-memset.o)
                              d:/stm32cubeide_1.6.0/stm32cubeide/plugins/com.st.stm32cube.ide.mcu.externaltools.gnu-tools-for-stm32.9-2020-q2-update.win32_2.0.0.202105311346/tools/bin/../lib/gcc/arm-none-eabi/9.3.1/../../../../arm-none-eabi/lib/thumb/v7-m/nofp/crt0.o (memset)

Allocating common symbols
Common symbol       size              file

defaultTaskHandle   0x4               ./Core/Src/main.o
Thread3Handle       0x4               ./Core/Src/main.o
uart_mutex02Handle  0x4               ./Core/Src/main.o
Thread1Handle       0x4               ./Core/Src/main.o
uwTick              0x4               ./Drivers/STM32F1xx_HAL_Driver/Src/stm32f1xx_hal.o
xQueueRegistry      0x40              ./Middlewares/Third_Party/FreeRTOS/Source/queue.o
pFlash              0x20              ./Drivers/STM32F1xx_HAL_Driver/Src/stm32f1xx_hal_flash.o
uart_mutex01Handle  0x4               ./Core/Src/main.o
Thread_2_Profiler   0x4               ./Core/Src/main.o
huart1              0x44              ./Core/Src/main.o
Default_Thread_Profiler
                    0x4               ./Core/Src/main.o
Thread2Handle       0x4               ./Core/Src/main.o
Thread_1_Profiler   0x4               ./Core/Src/main.o
htim2               0x48              ./Core/Src/stm32f1xx_hal_timebase_tim.o
uart_mutex03Handle  0x4               ./Core/Src/main.o

Discarded input sections

 .text          0x0000000000000000        0x0 d:/stm32cubeide_1.6.0/stm32cubeide/plugins/com.st.stm32cube.ide.mcu.externaltools.gnu-tools-for-stm32.9-2020-q2-update.win32_2.0.0.202105311346/tools/bin/../lib/gcc/arm-none-eabi/9.3.1/thumb/v7-m/nofp/crti.o
 .data          0x0000000000000000        0x0 d:/stm32cubeide_1.6.0/stm32cubeide/plugins/com.st.stm32cube.ide.mcu.externaltools.gnu-tools-for-stm32.9-2020-q2-update.win32_2.0.0.202105311346/tools/bin/../lib/gcc/arm-none-eabi/9.3.1/thumb/v7-m/nofp/crti.o
 .bss           0x0000000000000000        0x0 d:/stm32cubeide_1.6.0/stm32cubeide/plugins/com.st.stm32cube.ide.mcu.externaltools.gnu-tools-for-stm32.9-2020-q2-update.win32_2.0.0.202105311346/tools/bin/../lib/gcc/arm-none-eabi/9.3.1/thumb/v7-m/nofp/crti.o
[...]
Memory Configuration

Name             Origin             Length             Attributes
RAM              0x0000000020000000 0x0000000000005000 xrw
FLASH            0x0000000008000000 0x0000000000010000 xr
*default*        0x0000000000000000 0xffffffffffffffff

Linker script and memory map

LOAD d:/stm32cubeide_1.6.0/stm32cubeide/plugins/com.st.stm32cube.ide.mcu.externaltools.gnu-tools-for-stm32.9-2020-q2-update.win32_2.0.0.202105311346/tools/bin/../lib/gcc/arm-none-eabi/9.3.1/thumb/v7-m/nofp/crti.o
LOAD d:/stm32cubeide_1.6.0/stm32cubeide/plugins/com.st.stm32cube.ide.mcu.externaltools.gnu-tools-for-stm32.9-2020-q2-update.win32_2.0.0.202105311346/tools/bin/../lib/gcc/arm-none-eabi/9.3.1/thumb/v7-m/nofp/crtbegin.o
LOAD d:/stm32cubeide_1.6.0/stm32cubeide/plugins/com.st.stm32cube.ide.mcu.externaltools.gnu-tools-for-stm32.9-2020-q2-update.win32_2.0.0.202105311346/tools/bin/../lib/gcc/arm-none-eabi/9.3.1/../../../../arm-none-eabi/lib/thumb/v7-m/nofp/crt0.o
LOAD ./Core/Src/freertos.o
LOAD ./Core/Src/main.o
LOAD ./Core/Src/stm32f1xx_hal_msp.o
LOAD ./Core/Src/stm32f1xx_hal_timebase_tim.o
LOAD ./Core/Src/stm32f1xx_it.o
LOAD ./Core/Src/syscalls.o
LOAD ./Core/Src/sysmem.o
LOAD ./Core/Src/system_stm32f1xx.o
LOAD ./Core/Startup/startup_stm32f103c8tx.o
LOAD ./Drivers/STM32F1xx_HAL_Driver/Src/stm32f1xx_hal.o
LOAD ./Drivers/STM32F1xx_HAL_Driver/Src/stm32f1xx_hal_cortex.o
LOAD ./Drivers/STM32F1xx_HAL_Driver/Src/stm32f1xx_hal_dma.o
LOAD ./Drivers/STM32F1xx_HAL_Driver/Src/stm32f1xx_hal_exti.o
LOAD ./Drivers/STM32F1xx_HAL_Driver/Src/stm32f1xx_hal_flash.o
LOAD ./Drivers/STM32F1xx_HAL_Driver/Src/stm32f1xx_hal_flash_ex.o
LOAD ./Drivers/STM32F1xx_HAL_Driver/Src/stm32f1xx_hal_gpio.o
LOAD ./Drivers/STM32F1xx_HAL_Driver/Src/stm32f1xx_hal_gpio_ex.o
LOAD ./Drivers/STM32F1xx_HAL_Driver/Src/stm32f1xx_hal_pwr.o
LOAD ./Drivers/STM32F1xx_HAL_Driver/Src/stm32f1xx_hal_rcc.o
LOAD ./Drivers/STM32F1xx_HAL_Driver/Src/stm32f1xx_hal_rcc_ex.o
LOAD ./Drivers/STM32F1xx_HAL_Driver/Src/stm32f1xx_hal_tim.o
LOAD ./Drivers/STM32F1xx_HAL_Driver/Src/stm32f1xx_hal_tim_ex.o
LOAD ./Drivers/STM32F1xx_HAL_Driver/Src/stm32f1xx_hal_uart.o
LOAD ./Middlewares/Third_Party/FreeRTOS/Source/CMSIS_RTOS/cmsis_os.o
LOAD ./Middlewares/Third_Party/FreeRTOS/Source/croutine.o
LOAD ./Middlewares/Third_Party/FreeRTOS/Source/event_groups.o
LOAD ./Middlewares/Third_Party/FreeRTOS/Source/list.o
LOAD ./Middlewares/Third_Party/FreeRTOS/Source/queue.o
LOAD ./Middlewares/Third_Party/FreeRTOS/Source/stream_buffer.o
LOAD ./Middlewares/Third_Party/FreeRTOS/Source/tasks.o
LOAD ./Middlewares/Third_Party/FreeRTOS/Source/timers.o
LOAD ./Middlewares/Third_Party/FreeRTOS/Source/portable/GCC/ARM_CM3/port.o
LOAD ./Middlewares/Third_Party/FreeRTOS/Source/portable/MemMang/heap_4.o
START GROUP
LOAD d:/stm32cubeide_1.6.0/stm32cubeide/plugins/com.st.stm32cube.ide.mcu.externaltools.gnu-tools-for-stm32.9-2020-q2-update.win32_2.0.0.202105311346/tools/bin/../lib/gcc/arm-none-eabi/9.3.1/../../../../arm-none-eabi/lib/thumb/v7-m/nofp\libc_nano.a
LOAD d:/stm32cubeide_1.6.0/stm32cubeide/plugins/com.st.stm32cube.ide.mcu.externaltools.gnu-tools-for-stm32.9-2020-q2-update.win32_2.0.0.202105311346/tools/bin/../lib/gcc/arm-none-eabi/9.3.1/../../../../arm-none-eabi/lib/thumb/v7-m/nofp\libm.a
END GROUP
START GROUP
LOAD d:/stm32cubeide_1.6.0/stm32cubeide/plugins/com.st.stm32cube.ide.mcu.externaltools.gnu-tools-for-stm32.9-2020-q2-update.win32_2.0.0.202105311346/tools/bin/../lib/gcc/arm-none-eabi/9.3.1/thumb/v7-m/nofp\libgcc.a
LOAD d:/stm32cubeide_1.6.0/stm32cubeide/plugins/com.st.stm32cube.ide.mcu.externaltools.gnu-tools-for-stm32.9-2020-q2-update.win32_2.0.0.202105311346/tools/bin/../lib/gcc/arm-none-eabi/9.3.1/../../../../arm-none-eabi/lib/thumb/v7-m/nofp\libc_nano.a
END GROUP
START GROUP
LOAD d:/stm32cubeide_1.6.0/stm32cubeide/plugins/com.st.stm32cube.ide.mcu.externaltools.gnu-tools-for-stm32.9-2020-q2-update.win32_2.0.0.202105311346/tools/bin/../lib/gcc/arm-none-eabi/9.3.1/thumb/v7-m/nofp\libgcc.a
LOAD d:/stm32cubeide_1.6.0/stm32cubeide/plugins/com.st.stm32cube.ide.mcu.externaltools.gnu-tools-for-stm32.9-2020-q2-update.win32_2.0.0.202105311346/tools/bin/../lib/gcc/arm-none-eabi/9.3.1/../../../../arm-none-eabi/lib/thumb/v7-m/nofp\libc_nano.a
LOAD d:/stm32cubeide_1.6.0/stm32cubeide/plugins/com.st.stm32cube.ide.mcu.externaltools.gnu-tools-for-stm32.9-2020-q2-update.win32_2.0.0.202105311346/tools/bin/../lib/gcc/arm-none-eabi/9.3.1/../../../../arm-none-eabi/lib/thumb/v7-m/nofp\libnosys.a
END GROUP
START GROUP
LOAD d:/stm32cubeide_1.6.0/stm32cubeide/plugins/com.st.stm32cube.ide.mcu.externaltools.gnu-tools-for-stm32.9-2020-q2-update.win32_2.0.0.202105311346/tools/bin/../lib/gcc/arm-none-eabi/9.3.1/thumb/v7-m/nofp\libgcc.a
LOAD d:/stm32cubeide_1.6.0/stm32cubeide/plugins/com.st.stm32cube.ide.mcu.externaltools.gnu-tools-for-stm32.9-2020-q2-update.win32_2.0.0.202105311346/tools/bin/../lib/gcc/arm-none-eabi/9.3.1/../../../../arm-none-eabi/lib/thumb/v7-m/nofp\libc_nano.a
LOAD d:/stm32cubeide_1.6.0/stm32cubeide/plugins/com.st.stm32cube.ide.mcu.externaltools.gnu-tools-for-stm32.9-2020-q2-update.win32_2.0.0.202105311346/tools/bin/../lib/gcc/arm-none-eabi/9.3.1/../../../../arm-none-eabi/lib/thumb/v7-m/nofp\libnosys.a
END GROUP
LOAD d:/stm32cubeide_1.6.0/stm32cubeide/plugins/com.st.stm32cube.ide.mcu.externaltools.gnu-tools-for-stm32.9-2020-q2-update.win32_2.0.0.202105311346/tools/bin/../lib/gcc/arm-none-eabi/9.3.1/thumb/v7-m/nofp/crtend.o
LOAD d:/stm32cubeide_1.6.0/stm32cubeide/plugins/com.st.stm32cube.ide.mcu.externaltools.gnu-tools-for-stm32.9-2020-q2-update.win32_2.0.0.202105311346/tools/bin/../lib/gcc/arm-none-eabi/9.3.1/thumb/v7-m/nofp/crtn.o
                0x0000000020005000                _estack = (ORIGIN (RAM) + LENGTH (RAM))
                0x0000000000000200                _Min_Heap_Size = 0x200
                0x0000000000000400                _Min_Stack_Size = 0x400

.isr_vector     0x0000000008000000      0x10c
                0x0000000008000000                . = ALIGN (0x4)
 *(.isr_vector)
 .isr_vector    0x0000000008000000      0x10c ./Core/Startup/startup_stm32f103c8tx.o
                0x0000000008000000                g_pfnVectors
                0x000000000800010c                . = ALIGN (0x4)

.text           0x0000000008000110     0x3fac
                0x0000000008000110                . = ALIGN (0x4)
 *(.text)
 .text          0x0000000008000110       0x40 d:/stm32cubeide_1.6.0/stm32cubeide/plugins/com.st.stm32cube.ide.mcu.externaltools.gnu-tools-for-stm32.9-2020-q2-update.win32_2.0.0.202105311346/tools/bin/../lib/gcc/arm-none-eabi/9.3.1/thumb/v7-m/nofp/crtbegin.o
 *(.text*)
 .text.vApplicationGetIdleTaskMemory
                0x0000000008000150       0x30 ./Core/Src/freertos.o
                0x0000000008000150                vApplicationGetIdleTaskMemory
 .text.main     0x0000000008000180      0x128 ./Core/Src/main.o
                0x0000000008000180                main
 .text.SystemClock_Config
                0x00000000080002a8       0x8a ./Core/Src/main.o
                0x00000000080002a8                SystemClock_Config
 *fill*         0x0000000008000332        0x2 
 .text.MX_USART1_UART_Init
                0x0000000008000334       0x54 ./Core/Src/main.o
 .text.MX_GPIO_Init
                0x0000000008000388       0xb0 ./Core/Src/main.o
 .text.StartDefaultTask
                0x0000000008000438       0x80 ./Core/Src/main.o
                0x0000000008000438                StartDefaultTask
 .text.Thread1Func
                0x00000000080004b8       0x40 ./Core/Src/main.o
                0x00000000080004b8                Thread1Func
 .text.Thread2Func
                0x00000000080004f8       0x40 ./Core/Src/main.o
                0x00000000080004f8                Thread2Func
 .text.Thread3Func
                0x0000000008000538       0x40 ./Core/Src/main.o
                0x0000000008000538                Thread3Func
 .text.HAL_TIM_PeriodElapsedCallback
                0x0000000008000578       0x1e ./Core/Src/main.o
                0x0000000008000578                HAL_TIM_PeriodElapsedCallback
 .text.Error_Handler
                0x0000000008000596        0xa ./Core/Src/main.o
                0x0000000008000596                Error_Handler
 .text.HAL_MspInit
                0x00000000080005a0       0x70 ./Core/Src/stm32f1xx_hal_msp.o
                0x00000000080005a0                HAL_MspInit
 .text.HAL_UART_MspInit
                0x0000000008000610       0x98 ./Core/Src/stm32f1xx_hal_msp.o
                0x0000000008000610                HAL_UART_MspInit
 .text.HAL_InitTick
                0x00000000080006a8       0xb0 ./Core/Src/stm32f1xx_hal_timebase_tim.o
                0x00000000080006a8                HAL_InitTick
 .text.NMI_Handler
                0x0000000008000758        0x6 ./Core/Src/stm32f1xx_it.o
                0x0000000008000758                NMI_Handler
 .text.HardFault_Handler
                0x000000000800075e        0x6 ./Core/Src/stm32f1xx_it.o
                0x000000000800075e                HardFault_Handler
 .text.MemManage_Handler
                0x0000000008000764        0x6 ./Core/Src/stm32f1xx_it.o
                0x0000000008000764                MemManage_Handler
 .text.BusFault_Handler
                0x000000000800076a        0x6 ./Core/Src/stm32f1xx_it.o
                0x000000000800076a                BusFault_Handler
 .text.UsageFault_Handler
                0x0000000008000770        0x6 ./Core/Src/stm32f1xx_it.o
                0x0000000008000770                UsageFault_Handler
 .text.DebugMon_Handler
                0x0000000008000776        0xc ./Core/Src/stm32f1xx_it.o
                0x0000000008000776                DebugMon_Handler
 *fill*         0x0000000008000782        0x2 
 .text.TIM2_IRQHandler
                0x0000000008000784       0x14 ./Core/Src/stm32f1xx_it.o
                0x0000000008000784                TIM2_IRQHandler
 .text.SystemInit
                0x0000000008000798        0xc ./Core/Src/system_stm32f1xx.o
                0x0000000008000798                SystemInit
 .text.Reset_Handler
                0x00000000080007a4       0x48 ./Core/Startup/startup_stm32f103c8tx.o
                0x00000000080007a4                Reset_Handler
 .text.Default_Handler
                0x00000000080007ec        0x2 ./Core/Startup/startup_stm32f103c8tx.o
                0x00000000080007ec                RTC_Alarm_IRQHandler
                0x00000000080007ec                EXTI2_IRQHandler
                0x00000000080007ec                TIM1_CC_IRQHandler
                0x00000000080007ec                PVD_IRQHandler
                0x00000000080007ec                EXTI3_IRQHandler
                0x00000000080007ec                EXTI0_IRQHandler
                0x00000000080007ec                I2C2_EV_IRQHandler
                0x00000000080007ec                ADC1_2_IRQHandler
                0x00000000080007ec                SPI1_IRQHandler
                0x00000000080007ec                TAMPER_IRQHandler
                0x00000000080007ec                DMA1_Channel4_IRQHandler
                0x00000000080007ec                USART3_IRQHandler
                0x00000000080007ec                RTC_IRQHandler
                0x00000000080007ec                DMA1_Channel7_IRQHandler
                0x00000000080007ec                CAN1_RX1_IRQHandler
                0x00000000080007ec                TIM4_IRQHandler
                0x00000000080007ec                I2C1_EV_IRQHandler
                0x00000000080007ec                DMA1_Channel6_IRQHandler
                0x00000000080007ec                TIM3_IRQHandler
                0x00000000080007ec                RCC_IRQHandler
                0x00000000080007ec                TIM1_TRG_COM_IRQHandler
                0x00000000080007ec                DMA1_Channel1_IRQHandler
                0x00000000080007ec                Default_Handler
                0x00000000080007ec                EXTI15_10_IRQHandler
                0x00000000080007ec                EXTI9_5_IRQHandler
                0x00000000080007ec                SPI2_IRQHandler
                0x00000000080007ec                DMA1_Channel5_IRQHandler
                0x00000000080007ec                EXTI4_IRQHandler
                0x00000000080007ec                USB_LP_CAN1_RX0_IRQHandler
                0x00000000080007ec                USB_HP_CAN1_TX_IRQHandler
                0x00000000080007ec                DMA1_Channel3_IRQHandler
                0x00000000080007ec                TIM1_UP_IRQHandler
                0x00000000080007ec                WWDG_IRQHandler
                0x00000000080007ec                TIM1_BRK_IRQHandler
                0x00000000080007ec                EXTI1_IRQHandler
                0x00000000080007ec                USART2_IRQHandler
                0x00000000080007ec                I2C2_ER_IRQHandler
                0x00000000080007ec                DMA1_Channel2_IRQHandler
                0x00000000080007ec                CAN1_SCE_IRQHandler
                0x00000000080007ec                FLASH_IRQHandler
                0x00000000080007ec                USART1_IRQHandler
                0x00000000080007ec                I2C1_ER_IRQHandler
                0x00000000080007ec                USBWakeUp_IRQHandler
 *fill*         0x00000000080007ee        0x2 
 .text.HAL_Init
                0x00000000080007f0       0x2c ./Drivers/STM32F1xx_HAL_Driver/Src/stm32f1xx_hal.o
                0x00000000080007f0                HAL_Init
 .text.HAL_IncTick
                0x000000000800081c       0x24 ./Drivers/STM32F1xx_HAL_Driver/Src/stm32f1xx_hal.o
                0x000000000800081c                HAL_IncTick
 .text.HAL_GetTick
                0x0000000008000840       0x14 ./Drivers/STM32F1xx_HAL_Driver/Src/stm32f1xx_hal.o
                0x0000000008000840                HAL_GetTick
 .text.__NVIC_SetPriorityGrouping
                0x0000000008000854       0x48 ./Drivers/STM32F1xx_HAL_Driver/Src/stm32f1xx_hal_cortex.o
 .text.__NVIC_GetPriorityGrouping
                0x000000000800089c       0x1c ./Drivers/STM32F1xx_HAL_Driver/Src/stm32f1xx_hal_cortex.o
 .text.__NVIC_EnableIRQ
                0x00000000080008b8       0x38 ./Drivers/STM32F1xx_HAL_Driver/Src/stm32f1xx_hal_cortex.o
 .text.__NVIC_SetPriority
                0x00000000080008f0       0x54 ./Drivers/STM32F1xx_HAL_Driver/Src/stm32f1xx_hal_cortex.o
 .text.NVIC_EncodePriority
                0x0000000008000944       0x64 ./Drivers/STM32F1xx_HAL_Driver/Src/stm32f1xx_hal_cortex.o
 .text.HAL_NVIC_SetPriorityGrouping
                0x00000000080009a8       0x16 ./Drivers/STM32F1xx_HAL_Driver/Src/stm32f1xx_hal_cortex.o
                0x00000000080009a8                HAL_NVIC_SetPriorityGrouping
 .text.HAL_NVIC_SetPriority
                0x00000000080009be       0x38 ./Drivers/STM32F1xx_HAL_Driver/Src/stm32f1xx_hal_cortex.o
                0x00000000080009be                HAL_NVIC_SetPriority
 .text.HAL_NVIC_EnableIRQ
                0x00000000080009f6       0x1c ./Drivers/STM32F1xx_HAL_Driver/Src/stm32f1xx_hal_cortex.o
                0x00000000080009f6                HAL_NVIC_EnableIRQ
 *fill*         0x0000000008000a12        0x2 
 .text.HAL_GPIO_Init
                0x0000000008000a14      0x308 ./Drivers/STM32F1xx_HAL_Driver/Src/stm32f1xx_hal_gpio.o
                0x0000000008000a14                HAL_GPIO_Init
 .text.HAL_GPIO_WritePin
                0x0000000008000d1c       0x30 ./Drivers/STM32F1xx_HAL_Driver/Src/stm32f1xx_hal_gpio.o
                0x0000000008000d1c                HAL_GPIO_WritePin
 .text.HAL_RCC_OscConfig
                0x0000000008000d4c      0x500 ./Drivers/STM32F1xx_HAL_Driver/Src/stm32f1xx_hal_rcc.o
                0x0000000008000d4c                HAL_RCC_OscConfig
 .text.HAL_RCC_ClockConfig
                0x000000000800124c      0x1d4 ./Drivers/STM32F1xx_HAL_Driver/Src/stm32f1xx_hal_rcc.o
                0x000000000800124c                HAL_RCC_ClockConfig
 .text.HAL_RCC_GetSysClockFreq
                0x0000000008001420       0xc0 ./Drivers/STM32F1xx_HAL_Driver/Src/stm32f1xx_hal_rcc.o
                0x0000000008001420                HAL_RCC_GetSysClockFreq
 .text.HAL_RCC_GetHCLKFreq
                0x00000000080014e0       0x14 ./Drivers/STM32F1xx_HAL_Driver/Src/stm32f1xx_hal_rcc.o
                0x00000000080014e0                HAL_RCC_GetHCLKFreq
 .text.HAL_RCC_GetPCLK1Freq
                0x00000000080014f4       0x28 ./Drivers/STM32F1xx_HAL_Driver/Src/stm32f1xx_hal_rcc.o
                0x00000000080014f4                HAL_RCC_GetPCLK1Freq
 .text.HAL_RCC_GetPCLK2Freq
                0x000000000800151c       0x28 ./Drivers/STM32F1xx_HAL_Driver/Src/stm32f1xx_hal_rcc.o
                0x000000000800151c                HAL_RCC_GetPCLK2Freq
 .text.HAL_RCC_GetClockConfig
                0x0000000008001544       0x60 ./Drivers/STM32F1xx_HAL_Driver/Src/stm32f1xx_hal_rcc.o
                0x0000000008001544                HAL_RCC_GetClockConfig
 .text.RCC_Delay
                0x00000000080015a4       0x3c ./Drivers/STM32F1xx_HAL_Driver/Src/stm32f1xx_hal_rcc.o
 .text.HAL_TIM_Base_Init
                0x00000000080015e0       0x9e ./Drivers/STM32F1xx_HAL_Driver/Src/stm32f1xx_hal_tim.o
                0x00000000080015e0                HAL_TIM_Base_Init
 .text.HAL_TIM_Base_MspInit
                0x000000000800167e       0x12 ./Drivers/STM32F1xx_HAL_Driver/Src/stm32f1xx_hal_tim.o
                0x000000000800167e                HAL_TIM_Base_MspInit
 .text.HAL_TIM_Base_Start_IT
                0x0000000008001690       0xa4 ./Drivers/STM32F1xx_HAL_Driver/Src/stm32f1xx_hal_tim.o
                0x0000000008001690                HAL_TIM_Base_Start_IT
 .text.HAL_TIM_IRQHandler
                0x0000000008001734      0x210 ./Drivers/STM32F1xx_HAL_Driver/Src/stm32f1xx_hal_tim.o
                0x0000000008001734                HAL_TIM_IRQHandler
 .text.HAL_TIM_OC_DelayElapsedCallback
                0x0000000008001944       0x12 ./Drivers/STM32F1xx_HAL_Driver/Src/stm32f1xx_hal_tim.o
                0x0000000008001944                HAL_TIM_OC_DelayElapsedCallback
 .text.HAL_TIM_IC_CaptureCallback
                0x0000000008001956       0x12 ./Drivers/STM32F1xx_HAL_Driver/Src/stm32f1xx_hal_tim.o
                0x0000000008001956                HAL_TIM_IC_CaptureCallback
 .text.HAL_TIM_PWM_PulseFinishedCallback
                0x0000000008001968       0x12 ./Drivers/STM32F1xx_HAL_Driver/Src/stm32f1xx_hal_tim.o
                0x0000000008001968                HAL_TIM_PWM_PulseFinishedCallback
 .text.HAL_TIM_TriggerCallback
                0x000000000800197a       0x12 ./Drivers/STM32F1xx_HAL_Driver/Src/stm32f1xx_hal_tim.o
                0x000000000800197a                HAL_TIM_TriggerCallback
 .text.TIM_Base_SetConfig
                0x000000000800198c       0xc4 ./Drivers/STM32F1xx_HAL_Driver/Src/stm32f1xx_hal_tim.o
                0x000000000800198c                TIM_Base_SetConfig
 .text.HAL_TIMEx_CommutCallback
                0x0000000008001a50       0x12 ./Drivers/STM32F1xx_HAL_Driver/Src/stm32f1xx_hal_tim_ex.o
                0x0000000008001a50                HAL_TIMEx_CommutCallback
 .text.HAL_TIMEx_BreakCallback
                0x0000000008001a62       0x12 ./Drivers/STM32F1xx_HAL_Driver/Src/stm32f1xx_hal_tim_ex.o
                0x0000000008001a62                HAL_TIMEx_BreakCallback
 .text.HAL_UART_Init
                0x0000000008001a74       0x9a ./Drivers/STM32F1xx_HAL_Driver/Src/stm32f1xx_hal_uart.o
                0x0000000008001a74                HAL_UART_Init
 .text.HAL_UART_Transmit
                0x0000000008001b0e      0x124 ./Drivers/STM32F1xx_HAL_Driver/Src/stm32f1xx_hal_uart.o
                0x0000000008001b0e                HAL_UART_Transmit
 .text.UART_WaitOnFlagUntilTimeout
                0x0000000008001c32       0x94 ./Drivers/STM32F1xx_HAL_Driver/Src/stm32f1xx_hal_uart.o
 *fill*         0x0000000008001cc6        0x2 
 .text.UART_SetConfig
                0x0000000008001cc8      0x11c ./Drivers/STM32F1xx_HAL_Driver/Src/stm32f1xx_hal_uart.o
 .text.makeFreeRtosPriority
                0x0000000008001de4       0x2e ./Middlewares/Third_Party/FreeRTOS/Source/CMSIS_RTOS/cmsis_os.o
 .text.osKernelStart
                0x0000000008001e12        0xe ./Middlewares/Third_Party/FreeRTOS/Source/CMSIS_RTOS/cmsis_os.o
                0x0000000008001e12                osKernelStart
 .text.osThreadCreate
                0x0000000008001e20       0x98 ./Middlewares/Third_Party/FreeRTOS/Source/CMSIS_RTOS/cmsis_os.o
                0x0000000008001e20                osThreadCreate
 .text.osMutexCreate
                0x0000000008001eb8       0x30 ./Middlewares/Third_Party/FreeRTOS/Source/CMSIS_RTOS/cmsis_os.o
                0x0000000008001eb8                osMutexCreate
 .text.vListInitialise
                0x0000000008001ee8       0x3e ./Middlewares/Third_Party/FreeRTOS/Source/list.o
                0x0000000008001ee8                vListInitialise
 .text.vListInitialiseItem
                0x0000000008001f26       0x18 ./Middlewares/Third_Party/FreeRTOS/Source/list.o
                0x0000000008001f26                vListInitialiseItem
 .text.vListInsertEnd
                0x0000000008001f3e       0x46 ./Middlewares/Third_Party/FreeRTOS/Source/list.o
                0x0000000008001f3e                vListInsertEnd
 .text.vListInsert
                0x0000000008001f84       0x70 ./Middlewares/Third_Party/FreeRTOS/Source/list.o
                0x0000000008001f84                vListInsert
 .text.uxListRemove
                0x0000000008001ff4       0x52 ./Middlewares/Third_Party/FreeRTOS/Source/list.o
                0x0000000008001ff4                uxListRemove
 *fill*         0x0000000008002046        0x2 
 .text.xQueueGenericReset
                0x0000000008002048       0xd0 ./Middlewares/Third_Party/FreeRTOS/Source/queue.o
                0x0000000008002048                xQueueGenericReset
 .text.xQueueGenericCreateStatic
                0x0000000008002118       0xee ./Middlewares/Third_Party/FreeRTOS/Source/queue.o
                0x0000000008002118                xQueueGenericCreateStatic
 .text.xQueueGenericCreate
                0x0000000008002206       0x7c ./Middlewares/Third_Party/FreeRTOS/Source/queue.o
                0x0000000008002206                xQueueGenericCreate
 .text.prvInitialiseNewQueue
                0x0000000008002282       0x3e ./Middlewares/Third_Party/FreeRTOS/Source/queue.o
 .text.prvInitialiseMutex
                0x00000000080022c0       0x34 ./Middlewares/Third_Party/FreeRTOS/Source/queue.o
 .text.xQueueCreateMutex
                0x00000000080022f4       0x30 ./Middlewares/Third_Party/FreeRTOS/Source/queue.o
                0x00000000080022f4                xQueueCreateMutex
 .text.xQueueCreateMutexStatic
                0x0000000008002324       0x36 ./Middlewares/Third_Party/FreeRTOS/Source/queue.o
                0x0000000008002324                xQueueCreateMutexStatic
 *fill*         0x000000000800235a        0x2 
 .text.xQueueGenericSend
                0x000000000800235c      0x1fc ./Middlewares/Third_Party/FreeRTOS/Source/queue.o
                0x000000000800235c                xQueueGenericSend
 .text.xQueueSemaphoreTake
                0x0000000008002558      0x218 ./Middlewares/Third_Party/FreeRTOS/Source/queue.o
                0x0000000008002558                xQueueSemaphoreTake
 .text.prvGetDisinheritPriorityAfterTimeout
                0x0000000008002770       0x2e ./Middlewares/Third_Party/FreeRTOS/Source/queue.o
 .text.prvCopyDataToQueue
                0x000000000800279e       0xd4 ./Middlewares/Third_Party/FreeRTOS/Source/queue.o
 .text.prvUnlockQueue
                0x0000000008002872       0xa4 ./Middlewares/Third_Party/FreeRTOS/Source/queue.o
 .text.prvIsQueueEmpty
                0x0000000008002916       0x2c ./Middlewares/Third_Party/FreeRTOS/Source/queue.o
 .text.prvIsQueueFull
                0x0000000008002942       0x30 ./Middlewares/Third_Party/FreeRTOS/Source/queue.o
 .text.xTaskCreateStatic
                0x0000000008002972       0xb8 ./Middlewares/Third_Party/FreeRTOS/Source/tasks.o
                0x0000000008002972                xTaskCreateStatic
 .text.xTaskCreate
                0x0000000008002a2a       0x8a ./Middlewares/Third_Party/FreeRTOS/Source/tasks.o
                0x0000000008002a2a                xTaskCreate
 .text.prvInitialiseNewTask
                0x0000000008002ab4       0xfe ./Middlewares/Third_Party/FreeRTOS/Source/tasks.o
 *fill*         0x0000000008002bb2        0x2 
 .text.prvAddNewTaskToReadyList
                0x0000000008002bb4       0xd4 ./Middlewares/Third_Party/FreeRTOS/Source/tasks.o
 .text.vTaskStartScheduler
                0x0000000008002c88       0xc0 ./Middlewares/Third_Party/FreeRTOS/Source/tasks.o
                0x0000000008002c88                vTaskStartScheduler
 .text.vTaskSuspendAll
                0x0000000008002d48       0x1c ./Middlewares/Third_Party/FreeRTOS/Source/tasks.o
                0x0000000008002d48                vTaskSuspendAll
 .text.xTaskResumeAll
                0x0000000008002d64      0x138 ./Middlewares/Third_Party/FreeRTOS/Source/tasks.o
                0x0000000008002d64                xTaskResumeAll
 .text.xTaskIncrementTick
                0x0000000008002e9c      0x17c ./Middlewares/Third_Party/FreeRTOS/Source/tasks.o
                0x0000000008002e9c                xTaskIncrementTick
 .text.vTaskSwitchContext
                0x0000000008003018       0xb4 ./Middlewares/Third_Party/FreeRTOS/Source/tasks.o
                0x0000000008003018                vTaskSwitchContext
 .text.vTaskPlaceOnEventList
                0x00000000080030cc       0x48 ./Middlewares/Third_Party/FreeRTOS/Source/tasks.o
                0x00000000080030cc                vTaskPlaceOnEventList
 .text.xTaskRemoveFromEventList
                0x0000000008003114       0xc4 ./Middlewares/Third_Party/FreeRTOS/Source/tasks.o
                0x0000000008003114                xTaskRemoveFromEventList
 .text.vTaskInternalSetTimeOutState
                0x00000000080031d8       0x2c ./Middlewares/Third_Party/FreeRTOS/Source/tasks.o
                0x00000000080031d8                vTaskInternalSetTimeOutState
 .text.xTaskCheckForTimeOut
                0x0000000008003204       0xc4 ./Middlewares/Third_Party/FreeRTOS/Source/tasks.o
                0x0000000008003204                xTaskCheckForTimeOut
 .text.vTaskMissedYield
                0x00000000080032c8       0x18 ./Middlewares/Third_Party/FreeRTOS/Source/tasks.o
                0x00000000080032c8                vTaskMissedYield
 .text.prvIdleTask
                0x00000000080032e0       0x30 ./Middlewares/Third_Party/FreeRTOS/Source/tasks.o
 .text.prvInitialiseTaskLists
                0x0000000008003310       0x80 ./Middlewares/Third_Party/FreeRTOS/Source/tasks.o
 .text.prvCheckTasksWaitingTermination
                0x0000000008003390       0x5c ./Middlewares/Third_Party/FreeRTOS/Source/tasks.o
 .text.prvDeleteTCB
                0x00000000080033ec       0x5e ./Middlewares/Third_Party/FreeRTOS/Source/tasks.o
 *fill*         0x000000000800344a        0x2 
 .text.prvResetNextTaskUnblockTime
                0x000000000800344c       0x48 ./Middlewares/Third_Party/FreeRTOS/Source/tasks.o
 .text.xTaskGetSchedulerState
                0x0000000008003494       0x3c ./Middlewares/Third_Party/FreeRTOS/Source/tasks.o
                0x0000000008003494                xTaskGetSchedulerState
 .text.xTaskPriorityInherit
                0x00000000080034d0      0x10c ./Middlewares/Third_Party/FreeRTOS/Source/tasks.o
                0x00000000080034d0                xTaskPriorityInherit
 .text.xTaskPriorityDisinherit
                0x00000000080035dc      0x10c ./Middlewares/Third_Party/FreeRTOS/Source/tasks.o
                0x00000000080035dc                xTaskPriorityDisinherit
 .text.vTaskPriorityDisinheritAfterTimeout
                0x00000000080036e8      0x140 ./Middlewares/Third_Party/FreeRTOS/Source/tasks.o
                0x00000000080036e8                vTaskPriorityDisinheritAfterTimeout
 .text.pvTaskIncrementMutexHeldCount
                0x0000000008003828       0x28 ./Middlewares/Third_Party/FreeRTOS/Source/tasks.o
                0x0000000008003828                pvTaskIncrementMutexHeldCount
 .text.prvAddCurrentTaskToDelayedList
                0x0000000008003850       0xcc ./Middlewares/Third_Party/FreeRTOS/Source/tasks.o
 .text.pxPortInitialiseStack
                0x000000000800391c       0x58 ./Middlewares/Third_Party/FreeRTOS/Source/portable/GCC/ARM_CM3/port.o
                0x000000000800391c                pxPortInitialiseStack
 .text.prvTaskExitError
                0x0000000008003974       0x58 ./Middlewares/Third_Party/FreeRTOS/Source/portable/GCC/ARM_CM3/port.o
 *fill*         0x00000000080039cc        0x4 
 .text.SVC_Handler
                0x00000000080039d0       0x28 ./Middlewares/Third_Party/FreeRTOS/Source/portable/GCC/ARM_CM3/port.o
                0x00000000080039d0                SVC_Handler
 .text.prvPortStartFirstTask
                0x00000000080039f8       0x20 ./Middlewares/Third_Party/FreeRTOS/Source/portable/GCC/ARM_CM3/port.o
 .text.xPortStartScheduler
                0x0000000008003a18       0xe4 ./Middlewares/Third_Party/FreeRTOS/Source/portable/GCC/ARM_CM3/port.o
                0x0000000008003a18                xPortStartScheduler
 .text.vPortEnterCritical
                0x0000000008003afc       0x60 ./Middlewares/Third_Party/FreeRTOS/Source/portable/GCC/ARM_CM3/port.o
                0x0000000008003afc                vPortEnterCritical
 .text.vPortExitCritical
                0x0000000008003b5c       0x50 ./Middlewares/Third_Party/FreeRTOS/Source/portable/GCC/ARM_CM3/port.o
                0x0000000008003b5c                vPortExitCritical
 *fill*         0x0000000008003bac        0x4 
 .text.PendSV_Handler
                0x0000000008003bb0       0x48 ./Middlewares/Third_Party/FreeRTOS/Source/portable/GCC/ARM_CM3/port.o
                0x0000000008003bb0                PendSV_Handler
 .text.SysTick_Handler
                0x0000000008003bf8       0x44 ./Middlewares/Third_Party/FreeRTOS/Source/portable/GCC/ARM_CM3/port.o
                0x0000000008003bf8                SysTick_Handler
 .text.vPortSetupTimerInterrupt
                0x0000000008003c3c       0x44 ./Middlewares/Third_Party/FreeRTOS/Source/portable/GCC/ARM_CM3/port.o
                0x0000000008003c3c                vPortSetupTimerInterrupt
 .text.pvPortMalloc
                0x0000000008003c80      0x188 ./Middlewares/Third_Party/FreeRTOS/Source/portable/MemMang/heap_4.o
                0x0000000008003c80                pvPortMalloc
 .text.vPortFree
                0x0000000008003e08       0xb4 ./Middlewares/Third_Party/FreeRTOS/Source/portable/MemMang/heap_4.o
                0x0000000008003e08                vPortFree
 .text.prvHeapInit
                0x0000000008003ebc       0xc4 ./Middlewares/Third_Party/FreeRTOS/Source/portable/MemMang/heap_4.o
 .text.prvInsertBlockIntoFreeList
                0x0000000008003f80       0xb0 ./Middlewares/Third_Party/FreeRTOS/Source/portable/MemMang/heap_4.o
 .text.__libc_init_array
                0x0000000008004030       0x48 d:/stm32cubeide_1.6.0/stm32cubeide/plugins/com.st.stm32cube.ide.mcu.externaltools.gnu-tools-for-stm32.9-2020-q2-update.win32_2.0.0.202105311346/tools/bin/../lib/gcc/arm-none-eabi/9.3.1/../../../../arm-none-eabi/lib/thumb/v7-m/nofp\libc_nano.a(lib_a-init.o)
                0x0000000008004030                __libc_init_array
 .text.memcpy   0x0000000008004078       0x1c d:/stm32cubeide_1.6.0/stm32cubeide/plugins/com.st.stm32cube.ide.mcu.externaltools.gnu-tools-for-stm32.9-2020-q2-update.win32_2.0.0.202105311346/tools/bin/../lib/gcc/arm-none-eabi/9.3.1/../../../../arm-none-eabi/lib/thumb/v7-m/nofp\libc_nano.a(lib_a-memcpy-stub.o)
                0x0000000008004078                memcpy
 .text.memset   0x0000000008004094       0x10 d:/stm32cubeide_1.6.0/stm32cubeide/plugins/com.st.stm32cube.ide.mcu.externaltools.gnu-tools-for-stm32.9-2020-q2-update.win32_2.0.0.202105311346/tools/bin/../lib/gcc/arm-none-eabi/9.3.1/../../../../arm-none-eabi/lib/thumb/v7-m/nofp\libc_nano.a(lib_a-memset.o)
                0x0000000008004094                memset
 *(.glue_7)
 .glue_7        0x00000000080040a4        0x0 linker stubs
 *(.glue_7t)
 .glue_7t       0x00000000080040a4        0x0 linker stubs
 *(.eh_frame)
 .eh_frame      0x00000000080040a4        0x0 d:/stm32cubeide_1.6.0/stm32cubeide/plugins/com.st.stm32cube.ide.mcu.externaltools.gnu-tools-for-stm32.9-2020-q2-update.win32_2.0.0.202105311346/tools/bin/../lib/gcc/arm-none-eabi/9.3.1/thumb/v7-m/nofp/crtbegin.o
 *(.init)
 .init          0x00000000080040a4        0x4 d:/stm32cubeide_1.6.0/stm32cubeide/plugins/com.st.stm32cube.ide.mcu.externaltools.gnu-tools-for-stm32.9-2020-q2-update.win32_2.0.0.202105311346/tools/bin/../lib/gcc/arm-none-eabi/9.3.1/thumb/v7-m/nofp/crti.o
                0x00000000080040a4                _init
 .init          0x00000000080040a8        0x8 d:/stm32cubeide_1.6.0/stm32cubeide/plugins/com.st.stm32cube.ide.mcu.externaltools.gnu-tools-for-stm32.9-2020-q2-update.win32_2.0.0.202105311346/tools/bin/../lib/gcc/arm-none-eabi/9.3.1/thumb/v7-m/nofp/crtn.o
 *(.fini)
 .fini          0x00000000080040b0        0x4 d:/stm32cubeide_1.6.0/stm32cubeide/plugins/com.st.stm32cube.ide.mcu.externaltools.gnu-tools-for-stm32.9-2020-q2-update.win32_2.0.0.202105311346/tools/bin/../lib/gcc/arm-none-eabi/9.3.1/thumb/v7-m/nofp/crti.o
                0x00000000080040b0                _fini
 .fini          0x00000000080040b4        0x8 d:/stm32cubeide_1.6.0/stm32cubeide/plugins/com.st.stm32cube.ide.mcu.externaltools.gnu-tools-for-stm32.9-2020-q2-update.win32_2.0.0.202105311346/tools/bin/../lib/gcc/arm-none-eabi/9.3.1/thumb/v7-m/nofp/crtn.o
                0x00000000080040bc                . = ALIGN (0x4)
                0x00000000080040bc                _etext = .

.vfp11_veneer   0x00000000080040bc        0x0
 .vfp11_veneer  0x00000000080040bc        0x0 linker stubs

.v4_bx          0x00000000080040bc        0x0
 .v4_bx         0x00000000080040bc        0x0 linker stubs

.iplt           0x00000000080040bc        0x0
 .iplt          0x00000000080040bc        0x0 d:/stm32cubeide_1.6.0/stm32cubeide/plugins/com.st.stm32cube.ide.mcu.externaltools.gnu-tools-for-stm32.9-2020-q2-update.win32_2.0.0.202105311346/tools/bin/../lib/gcc/arm-none-eabi/9.3.1/thumb/v7-m/nofp/crtbegin.o

.rodata         0x00000000080040bc       0xc4
                0x00000000080040bc                . = ALIGN (0x4)
 *(.rodata)
 .rodata        0x00000000080040bc       0x94 ./Core/Src/main.o
 .rodata        0x0000000008004150       0x10 ./Drivers/STM32F1xx_HAL_Driver/Src/stm32f1xx_hal_rcc.o
 .rodata        0x0000000008004160        0x5 ./Middlewares/Third_Party/FreeRTOS/Source/tasks.o
 *(.rodata*)
 *fill*         0x0000000008004165        0x3 
 .rodata.AHBPrescTable
                0x0000000008004168       0x10 ./Core/Src/system_stm32f1xx.o
                0x0000000008004168                AHBPrescTable
 .rodata.APBPrescTable
                0x0000000008004178        0x8 ./Core/Src/system_stm32f1xx.o
                0x0000000008004178                APBPrescTable
                0x0000000008004180                . = ALIGN (0x4)

.rel.dyn        0x0000000008004180        0x0
 .rel.iplt      0x0000000008004180        0x0 d:/stm32cubeide_1.6.0/stm32cubeide/plugins/com.st.stm32cube.ide.mcu.externaltools.gnu-tools-for-stm32.9-2020-q2-update.win32_2.0.0.202105311346/tools/bin/../lib/gcc/arm-none-eabi/9.3.1/thumb/v7-m/nofp/crtbegin.o

.ARM.extab      0x0000000008004180        0x0
                0x0000000008004180                . = ALIGN (0x4)
 *(.ARM.extab* .gnu.linkonce.armextab.*)
                0x0000000008004180                . = ALIGN (0x4)

.ARM            0x0000000008004180        0x0
                0x0000000008004180                . = ALIGN (0x4)
                0x0000000008004180                __exidx_start = .
 *(.ARM.exidx*)
                0x0000000008004180                __exidx_end = .
                0x0000000008004180                . = ALIGN (0x4)

.preinit_array  0x0000000008004180        0x0
                0x0000000008004180                . = ALIGN (0x4)
                0x0000000008004180                PROVIDE (__preinit_array_start = .)
 *(.preinit_array*)
                0x0000000008004180                PROVIDE (__preinit_array_end = .)
                0x0000000008004180                . = ALIGN (0x4)

.init_array     0x0000000008004180        0x4
                0x0000000008004180                . = ALIGN (0x4)
                0x0000000008004180                PROVIDE (__init_array_start = .)
 *(SORT_BY_NAME(.init_array.*))
 *(.init_array*)
 .init_array    0x0000000008004180        0x4 d:/stm32cubeide_1.6.0/stm32cubeide/plugins/com.st.stm32cube.ide.mcu.externaltools.gnu-tools-for-stm32.9-2020-q2-update.win32_2.0.0.202105311346/tools/bin/../lib/gcc/arm-none-eabi/9.3.1/thumb/v7-m/nofp/crtbegin.o
                0x0000000008004184                PROVIDE (__init_array_end = .)
                0x0000000008004184                . = ALIGN (0x4)

.fini_array     0x0000000008004184        0x4
                0x0000000008004184                . = ALIGN (0x4)
                [!provide]                        PROVIDE (__fini_array_start = .)
 *(SORT_BY_NAME(.fini_array.*))
 *(.fini_array*)
 .fini_array    0x0000000008004184        0x4 d:/stm32cubeide_1.6.0/stm32cubeide/plugins/com.st.stm32cube.ide.mcu.externaltools.gnu-tools-for-stm32.9-2020-q2-update.win32_2.0.0.202105311346/tools/bin/../lib/gcc/arm-none-eabi/9.3.1/thumb/v7-m/nofp/crtbegin.o
                [!provide]                        PROVIDE (__fini_array_end = .)
                0x0000000008004188                . = ALIGN (0x4)
                0x0000000008004188                _sidata = LOADADDR (.data)

.data           0x0000000020000000       0x90 load address 0x0000000008004188
                0x0000000020000000                . = ALIGN (0x4)
                0x0000000020000000                _sdata = .
 *(.data)
 *(.data*)
 .data.msgThreadDefault
                0x0000000020000000       0x1e ./Core/Src/main.o
                0x0000000020000000                msgThreadDefault
 *fill*         0x000000002000001e        0x2 
 .data.msgThread1
                0x0000000020000020       0x1e ./Core/Src/main.o
                0x0000000020000020                msgThread1
 *fill*         0x000000002000003e        0x2 
 .data.msgThread2
                0x0000000020000040       0x1e ./Core/Src/main.o
                0x0000000020000040                msgThread2
 *fill*         0x000000002000005e        0x2 
 .data.msgThread3
                0x0000000020000060       0x1e ./Core/Src/main.o
                0x0000000020000060                msgThread3
 *fill*         0x000000002000007e        0x2 
 .data.SystemCoreClock
                0x0000000020000080        0x4 ./Core/Src/system_stm32f1xx.o
                0x0000000020000080                SystemCoreClock
 .data.uwTickPrio
                0x0000000020000084        0x4 ./Drivers/STM32F1xx_HAL_Driver/Src/stm32f1xx_hal.o
                0x0000000020000084                uwTickPrio
 .data.uwTickFreq
                0x0000000020000088        0x1 ./Drivers/STM32F1xx_HAL_Driver/Src/stm32f1xx_hal.o
                0x0000000020000088                uwTickFreq
 *fill*         0x0000000020000089        0x3 
 .data.uxCriticalNesting
                0x000000002000008c        0x4 ./Middlewares/Third_Party/FreeRTOS/Source/portable/GCC/ARM_CM3/port.o
 *(.RamFunc)
 *(.RamFunc*)
                0x0000000020000090                . = ALIGN (0x4)
                0x0000000020000090                _edata = .

.igot.plt       0x0000000020000090        0x0 load address 0x0000000008004218
 .igot.plt      0x0000000020000090        0x0 d:/stm32cubeide_1.6.0/stm32cubeide/plugins/com.st.stm32cube.ide.mcu.externaltools.gnu-tools-for-stm32.9-2020-q2-update.win32_2.0.0.202105311346/tools/bin/../lib/gcc/arm-none-eabi/9.3.1/thumb/v7-m/nofp/crtbegin.o
                0x0000000020000090                . = ALIGN (0x4)

.bss            0x0000000020000090     0x1074 load address 0x0000000008004218
                0x0000000020000090                _sbss = .
                0x0000000020000090                __bss_start__ = _sbss
 *(.bss)
 .bss           0x0000000020000090       0x1c d:/stm32cubeide_1.6.0/stm32cubeide/plugins/com.st.stm32cube.ide.mcu.externaltools.gnu-tools-for-stm32.9-2020-q2-update.win32_2.0.0.202105311346/tools/bin/../lib/gcc/arm-none-eabi/9.3.1/thumb/v7-m/nofp/crtbegin.o
 *(.bss*)
 .bss.xIdleTaskTCBBuffer
                0x00000000200000ac       0x54 ./Core/Src/freertos.o
 .bss.xIdleStack
                0x0000000020000100      0x200 ./Core/Src/freertos.o
 .bss.pxCurrentTCB
                0x0000000020000300        0x4 ./Middlewares/Third_Party/FreeRTOS/Source/tasks.o
                0x0000000020000300                pxCurrentTCB
 .bss.pxReadyTasksLists
                0x0000000020000304       0x8c ./Middlewares/Third_Party/FreeRTOS/Source/tasks.o
 .bss.xDelayedTaskList1
                0x0000000020000390       0x14 ./Middlewares/Third_Party/FreeRTOS/Source/tasks.o
 .bss.xDelayedTaskList2
                0x00000000200003a4       0x14 ./Middlewares/Third_Party/FreeRTOS/Source/tasks.o
 .bss.pxDelayedTaskList
                0x00000000200003b8        0x4 ./Middlewares/Third_Party/FreeRTOS/Source/tasks.o
 .bss.pxOverflowDelayedTaskList
                0x00000000200003bc        0x4 ./Middlewares/Third_Party/FreeRTOS/Source/tasks.o
 .bss.xPendingReadyList
                0x00000000200003c0       0x14 ./Middlewares/Third_Party/FreeRTOS/Source/tasks.o
 .bss.xTasksWaitingTermination
                0x00000000200003d4       0x14 ./Middlewares/Third_Party/FreeRTOS/Source/tasks.o
 .bss.uxDeletedTasksWaitingCleanUp
                0x00000000200003e8        0x4 ./Middlewares/Third_Party/FreeRTOS/Source/tasks.o
 .bss.xSuspendedTaskList
                0x00000000200003ec       0x14 ./Middlewares/Third_Party/FreeRTOS/Source/tasks.o
 .bss.uxCurrentNumberOfTasks
                0x0000000020000400        0x4 ./Middlewares/Third_Party/FreeRTOS/Source/tasks.o
 .bss.xTickCount
                0x0000000020000404        0x4 ./Middlewares/Third_Party/FreeRTOS/Source/tasks.o
 .bss.uxTopReadyPriority
                0x0000000020000408        0x4 ./Middlewares/Third_Party/FreeRTOS/Source/tasks.o
 .bss.xSchedulerRunning
                0x000000002000040c        0x4 ./Middlewares/Third_Party/FreeRTOS/Source/tasks.o
 .bss.uxPendedTicks
                0x0000000020000410        0x4 ./Middlewares/Third_Party/FreeRTOS/Source/tasks.o
 .bss.xYieldPending
                0x0000000020000414        0x4 ./Middlewares/Third_Party/FreeRTOS/Source/tasks.o
 .bss.xNumOfOverflows
                0x0000000020000418        0x4 ./Middlewares/Third_Party/FreeRTOS/Source/tasks.o
 .bss.uxTaskNumber
                0x000000002000041c        0x4 ./Middlewares/Third_Party/FreeRTOS/Source/tasks.o
 .bss.xNextTaskUnblockTime
                0x0000000020000420        0x4 ./Middlewares/Third_Party/FreeRTOS/Source/tasks.o
 .bss.xIdleTaskHandle
                0x0000000020000424        0x4 ./Middlewares/Third_Party/FreeRTOS/Source/tasks.o
 .bss.uxSchedulerSuspended
                0x0000000020000428        0x4 ./Middlewares/Third_Party/FreeRTOS/Source/tasks.o
 .bss.ucMaxSysCallPriority
                0x000000002000042c        0x1 ./Middlewares/Third_Party/FreeRTOS/Source/portable/GCC/ARM_CM3/port.o
 *fill*         0x000000002000042d        0x3 
 .bss.ulMaxPRIGROUPValue
                0x0000000020000430        0x4 ./Middlewares/Third_Party/FreeRTOS/Source/portable/GCC/ARM_CM3/port.o
 .bss.ucHeap    0x0000000020000434      0xc00 ./Middlewares/Third_Party/FreeRTOS/Source/portable/MemMang/heap_4.o
 .bss.xStart    0x0000000020001034        0x8 ./Middlewares/Third_Party/FreeRTOS/Source/portable/MemMang/heap_4.o
 .bss.pxEnd     0x000000002000103c        0x4 ./Middlewares/Third_Party/FreeRTOS/Source/portable/MemMang/heap_4.o
 .bss.xFreeBytesRemaining
                0x0000000020001040        0x4 ./Middlewares/Third_Party/FreeRTOS/Source/portable/MemMang/heap_4.o
 .bss.xMinimumEverFreeBytesRemaining
                0x0000000020001044        0x4 ./Middlewares/Third_Party/FreeRTOS/Source/portable/MemMang/heap_4.o
 .bss.xBlockAllocatedBit
                0x0000000020001048        0x4 ./Middlewares/Third_Party/FreeRTOS/Source/portable/MemMang/heap_4.o
 *(COMMON)
 COMMON         0x000000002000104c       0x6c ./Core/Src/main.o
                0x000000002000104c                defaultTaskHandle
                0x0000000020001050                Thread3Handle
                0x0000000020001054                uart_mutex02Handle
                0x0000000020001058                Thread1Handle
                0x000000002000105c                uart_mutex01Handle
                0x0000000020001060                Thread_2_Profiler
                0x0000000020001064                huart1
                0x00000000200010a8                Default_Thread_Profiler
                0x00000000200010ac                Thread2Handle
                0x00000000200010b0                Thread_1_Profiler
                0x00000000200010b4                uart_mutex03Handle
 COMMON         0x00000000200010b8       0x48 ./Core/Src/stm32f1xx_hal_timebase_tim.o
                0x00000000200010b8                htim2
 COMMON         0x0000000020001100        0x4 ./Drivers/STM32F1xx_HAL_Driver/Src/stm32f1xx_hal.o
                0x0000000020001100                uwTick
                0x0000000020001104                . = ALIGN (0x4)
                0x0000000020001104                _ebss = .
                0x0000000020001104                __bss_end__ = _ebss

._user_heap_stack
                0x0000000020001104      0x604 load address 0x0000000008004218
                0x0000000020001108                . = ALIGN (0x8)
 *fill*         0x0000000020001104        0x4 
                [!provide]                        PROVIDE (end = .)
                0x0000000020001108                PROVIDE (_end = .)
                0x0000000020001308                . = (. + _Min_Heap_Size)
 *fill*         0x0000000020001108      0x200 
                0x0000000020001708                . = (. + _Min_Stack_Size)
 *fill*         0x0000000020001308      0x400 
                0x0000000020001708                . = ALIGN (0x8)

/DISCARD/
 libc.a(*)
 libm.a(*)
 libgcc.a(*)

.ARM.attributes
                0x0000000000000000       0x29
 *(.ARM.attributes)
 .ARM.attributes
                0x0000000000000000       0x1d d:/stm32cubeide_1.6.0/stm32cubeide/plugins/com.st.stm32cube.ide.mcu.externaltools.gnu-tools-for-stm32.9-2020-q2-update.win32_2.0.0.202105311346/tools/bin/../lib/gcc/arm-none-eabi/9.3.1/thumb/v7-m/nofp/crti.o
 .ARM.attributes
                0x000000000000001d       0x2d d:/stm32cubeide_1.6.0/stm32cubeide/plugins/com.st.stm32cube.ide.mcu.externaltools.gnu-tools-for-stm32.9-2020-q2-update.win32_2.0.0.202105311346/tools/bin/../lib/gcc/arm-none-eabi/9.3.1/thumb/v7-m/nofp/crtbegin.o
 .ARM.attributes
                0x000000000000004a       0x2d ./Core/Src/freertos.o
 .ARM.attributes
                0x0000000000000077       0x2d ./Core/Src/main.o
 .ARM.attributes
                0x00000000000000a4       0x2d ./Core/Src/stm32f1xx_hal_msp.o
 .ARM.attributes
                0x00000000000000d1       0x2d ./Core/Src/stm32f1xx_hal_timebase_tim.o
 .ARM.attributes
                0x00000000000000fe       0x2d ./Core/Src/stm32f1xx_it.o
 .ARM.attributes
                0x000000000000012b       0x2d ./Core/Src/system_stm32f1xx.o
 .ARM.attributes
                0x0000000000000158       0x21 ./Core/Startup/startup_stm32f103c8tx.o
 .ARM.attributes
                0x0000000000000179       0x2d ./Drivers/STM32F1xx_HAL_Driver/Src/stm32f1xx_hal.o
 .ARM.attributes
                0x00000000000001a6       0x2d ./Drivers/STM32F1xx_HAL_Driver/Src/stm32f1xx_hal_cortex.o
 .ARM.attributes
                0x00000000000001d3       0x2d ./Drivers/STM32F1xx_HAL_Driver/Src/stm32f1xx_hal_gpio.o
 .ARM.attributes
                0x0000000000000200       0x2d ./Drivers/STM32F1xx_HAL_Driver/Src/stm32f1xx_hal_rcc.o
 .ARM.attributes
                0x000000000000022d       0x2d ./Drivers/STM32F1xx_HAL_Driver/Src/stm32f1xx_hal_tim.o
 .ARM.attributes
                0x000000000000025a       0x2d ./Drivers/STM32F1xx_HAL_Driver/Src/stm32f1xx_hal_tim_ex.o
 .ARM.attributes
                0x0000000000000287       0x2d ./Drivers/STM32F1xx_HAL_Driver/Src/stm32f1xx_hal_uart.o
 .ARM.attributes
                0x00000000000002b4       0x2d ./Middlewares/Third_Party/FreeRTOS/Source/CMSIS_RTOS/cmsis_os.o
 .ARM.attributes
                0x00000000000002e1       0x2d ./Middlewares/Third_Party/FreeRTOS/Source/list.o
 .ARM.attributes
                0x000000000000030e       0x2d ./Middlewares/Third_Party/FreeRTOS/Source/queue.o
 .ARM.attributes
                0x000000000000033b       0x2d ./Middlewares/Third_Party/FreeRTOS/Source/tasks.o
 .ARM.attributes
                0x0000000000000368       0x2d ./Middlewares/Third_Party/FreeRTOS/Source/portable/GCC/ARM_CM3/port.o
 .ARM.attributes
                0x0000000000000395       0x2d ./Middlewares/Third_Party/FreeRTOS/Source/portable/MemMang/heap_4.o
 .ARM.attributes
                0x00000000000003c2       0x2d d:/stm32cubeide_1.6.0/stm32cubeide/plugins/com.st.stm32cube.ide.mcu.externaltools.gnu-tools-for-stm32.9-2020-q2-update.win32_2.0.0.202105311346/tools/bin/../lib/gcc/arm-none-eabi/9.3.1/../../../../arm-none-eabi/lib/thumb/v7-m/nofp\libc_nano.a(lib_a-init.o)
 .ARM.attributes
                0x00000000000003ef       0x2d d:/stm32cubeide_1.6.0/stm32cubeide/plugins/com.st.stm32cube.ide.mcu.externaltools.gnu-tools-for-stm32.9-2020-q2-update.win32_2.0.0.202105311346/tools/bin/../lib/gcc/arm-none-eabi/9.3.1/../../../../arm-none-eabi/lib/thumb/v7-m/nofp\libc_nano.a(lib_a-memcpy-stub.o)
 .ARM.attributes
                0x000000000000041c       0x2d d:/stm32cubeide_1.6.0/stm32cubeide/plugins/com.st.stm32cube.ide.mcu.externaltools.gnu-tools-for-stm32.9-2020-q2-update.win32_2.0.0.202105311346/tools/bin/../lib/gcc/arm-none-eabi/9.3.1/../../../../arm-none-eabi/lib/thumb/v7-m/nofp\libc_nano.a(lib_a-memset.o)
 .ARM.attributes
                0x0000000000000449       0x1d d:/stm32cubeide_1.6.0/stm32cubeide/plugins/com.st.stm32cube.ide.mcu.externaltools.gnu-tools-for-stm32.9-2020-q2-update.win32_2.0.0.202105311346/tools/bin/../lib/gcc/arm-none-eabi/9.3.1/thumb/v7-m/nofp/crtn.o
OUTPUT(RTOS.elf elf32-littlearm)
LOAD linker stubs
LOAD d:/stm32cubeide_1.6.0/stm32cubeide/plugins/com.st.stm32cube.ide.mcu.externaltools.gnu-tools-for-stm32.9-2020-q2-update.win32_2.0.0.202105311346/tools/bin/../lib/gcc/arm-none-eabi/9.3.1/../../../../arm-none-eabi/lib/thumb/v7-m/nofp\libc.a
LOAD d:/stm32cubeide_1.6.0/stm32cubeide/plugins/com.st.stm32cube.ide.mcu.externaltools.gnu-tools-for-stm32.9-2020-q2-update.win32_2.0.0.202105311346/tools/bin/../lib/gcc/arm-none-eabi/9.3.1/../../../../arm-none-eabi/lib/thumb/v7-m/nofp\libm.a
LOAD d:/stm32cubeide_1.6.0/stm32cubeide/plugins/com.st.stm32cube.ide.mcu.externaltools.gnu-tools-for-stm32.9-2020-q2-update.win32_2.0.0.202105311346/tools/bin/../lib/gcc/arm-none-eabi/9.3.1/thumb/v7-m/nofp\libgcc.a

.debug_info     0x0000000000000000    0x12e41
 .debug_info    0x0000000000000000      0x36d ./Core/Src/freertos.o
 .debug_info    0x000000000000036d     0x13d2 ./Core/Src/main.o
 .debug_info    0x000000000000173f      0xa1e ./Core/Src/stm32f1xx_hal_msp.o
 .debug_info    0x000000000000215d      0xa19 ./Core/Src/stm32f1xx_hal_timebase_tim.o
 .debug_info    0x0000000000002b76      0x77e ./Core/Src/stm32f1xx_it.o
 .debug_info    0x00000000000032f4      0x2be ./Core/Src/system_stm32f1xx.o
 .debug_info    0x00000000000035b2       0x22 ./Core/Startup/startup_stm32f103c8tx.o
 .debug_info    0x00000000000035d4      0x76a ./Drivers/STM32F1xx_HAL_Driver/Src/stm32f1xx_hal.o
 .debug_info    0x0000000000003d3e      0xbdc ./Drivers/STM32F1xx_HAL_Driver/Src/stm32f1xx_hal_cortex.o
 .debug_info    0x000000000000491a      0x701 ./Drivers/STM32F1xx_HAL_Driver/Src/stm32f1xx_hal_gpio.o
 .debug_info    0x000000000000501b      0x88e ./Drivers/STM32F1xx_HAL_Driver/Src/stm32f1xx_hal_rcc.o
 .debug_info    0x00000000000058a9     0x2a45 ./Drivers/STM32F1xx_HAL_Driver/Src/stm32f1xx_hal_tim.o
 .debug_info    0x00000000000082ee     0x14d5 ./Drivers/STM32F1xx_HAL_Driver/Src/stm32f1xx_hal_tim_ex.o
 .debug_info    0x00000000000097c3     0x161a ./Drivers/STM32F1xx_HAL_Driver/Src/stm32f1xx_hal_uart.o
 .debug_info    0x000000000000addd     0x2019 ./Middlewares/Third_Party/FreeRTOS/Source/CMSIS_RTOS/cmsis_os.o
 .debug_info    0x000000000000cdf6      0xb7c ./Middlewares/Third_Party/FreeRTOS/Source/list.o
 .debug_info    0x000000000000d972     0x1f3a ./Middlewares/Third_Party/FreeRTOS/Source/queue.o
 .debug_info    0x000000000000f8ac     0x247d ./Middlewares/Third_Party/FreeRTOS/Source/tasks.o
 .debug_info    0x0000000000011d29      0x4a1 ./Middlewares/Third_Party/FreeRTOS/Source/portable/GCC/ARM_CM3/port.o
 .debug_info    0x00000000000121ca      0xc77 ./Middlewares/Third_Party/FreeRTOS/Source/portable/MemMang/heap_4.o

.debug_abbrev   0x0000000000000000     0x2c9e
 .debug_abbrev  0x0000000000000000      0x11d ./Core/Src/freertos.o
 .debug_abbrev  0x000000000000011d      0x2b0 ./Core/Src/main.o
 .debug_abbrev  0x00000000000003cd      0x1b5 ./Core/Src/stm32f1xx_hal_msp.o
 .debug_abbrev  0x0000000000000582      0x1bf ./Core/Src/stm32f1xx_hal_timebase_tim.o
 .debug_abbrev  0x0000000000000741      0x176 ./Core/Src/stm32f1xx_it.o
 .debug_abbrev  0x00000000000008b7      0x14e ./Core/Src/system_stm32f1xx.o
 .debug_abbrev  0x0000000000000a05       0x12 ./Core/Startup/startup_stm32f103c8tx.o
 .debug_abbrev  0x0000000000000a17      0x1ed ./Drivers/STM32F1xx_HAL_Driver/Src/stm32f1xx_hal.o
 .debug_abbrev  0x0000000000000c04      0x313 ./Drivers/STM32F1xx_HAL_Driver/Src/stm32f1xx_hal_cortex.o
 .debug_abbrev  0x0000000000000f17      0x1e8 ./Drivers/STM32F1xx_HAL_Driver/Src/stm32f1xx_hal_gpio.o
 .debug_abbrev  0x00000000000010ff      0x273 ./Drivers/STM32F1xx_HAL_Driver/Src/stm32f1xx_hal_rcc.o
 .debug_abbrev  0x0000000000001372      0x25e ./Drivers/STM32F1xx_HAL_Driver/Src/stm32f1xx_hal_tim.o
 .debug_abbrev  0x00000000000015d0      0x266 ./Drivers/STM32F1xx_HAL_Driver/Src/stm32f1xx_hal_tim_ex.o
 .debug_abbrev  0x0000000000001836      0x28b ./Drivers/STM32F1xx_HAL_Driver/Src/stm32f1xx_hal_uart.o
 .debug_abbrev  0x0000000000001ac1      0x3c2 ./Middlewares/Third_Party/FreeRTOS/Source/CMSIS_RTOS/cmsis_os.o
 .debug_abbrev  0x0000000000001e83      0x1f7 ./Middlewares/Third_Party/FreeRTOS/Source/list.o
 .debug_abbrev  0x000000000000207a      0x3a2 ./Middlewares/Third_Party/FreeRTOS/Source/queue.o
 .debug_abbrev  0x000000000000241c      0x380 ./Middlewares/Third_Party/FreeRTOS/Source/tasks.o
 .debug_abbrev  0x000000000000279c      0x22f ./Middlewares/Third_Party/FreeRTOS/Source/portable/GCC/ARM_CM3/port.o
 .debug_abbrev  0x00000000000029cb      0x2d3 ./Middlewares/Third_Party/FreeRTOS/Source/portable/MemMang/heap_4.o

.debug_aranges  0x0000000000000000     0x1118
 .debug_aranges
                0x0000000000000000       0x20 ./Core/Src/freertos.o
 .debug_aranges
                0x0000000000000020       0x68 ./Core/Src/main.o
 .debug_aranges
                0x0000000000000088       0x30 ./Core/Src/stm32f1xx_hal_msp.o
 .debug_aranges
                0x00000000000000b8       0x30 ./Core/Src/stm32f1xx_hal_timebase_tim.o
 .debug_aranges
                0x00000000000000e8       0x50 ./Core/Src/stm32f1xx_it.o
 .debug_aranges
                0x0000000000000138       0x28 ./Core/Src/system_stm32f1xx.o
 .debug_aranges
                0x0000000000000160       0x28 ./Core/Startup/startup_stm32f103c8tx.o
 .debug_aranges
                0x0000000000000188       0xe0 ./Drivers/STM32F1xx_HAL_Driver/Src/stm32f1xx_hal.o
 .debug_aranges
                0x0000000000000268      0x100 ./Drivers/STM32F1xx_HAL_Driver/Src/stm32f1xx_hal_cortex.o
 .debug_aranges
                0x0000000000000368       0x58 ./Drivers/STM32F1xx_HAL_Driver/Src/stm32f1xx_hal_gpio.o
 .debug_aranges
                0x00000000000003c0       0x90 ./Drivers/STM32F1xx_HAL_Driver/Src/stm32f1xx_hal_rcc.o
 .debug_aranges
                0x0000000000000450      0x3d0 ./Drivers/STM32F1xx_HAL_Driver/Src/stm32f1xx_hal_tim.o
 .debug_aranges
                0x0000000000000820      0x168 ./Drivers/STM32F1xx_HAL_Driver/Src/stm32f1xx_hal_tim_ex.o
 .debug_aranges
                0x0000000000000988      0x200 ./Drivers/STM32F1xx_HAL_Driver/Src/stm32f1xx_hal_uart.o
 .debug_aranges
                0x0000000000000b88      0x1d8 ./Middlewares/Third_Party/FreeRTOS/Source/CMSIS_RTOS/cmsis_os.o
 .debug_aranges
                0x0000000000000d60       0x40 ./Middlewares/Third_Party/FreeRTOS/Source/list.o
 .debug_aranges
                0x0000000000000da0      0x108 ./Middlewares/Third_Party/FreeRTOS/Source/queue.o
 .debug_aranges
                0x0000000000000ea8      0x1a8 ./Middlewares/Third_Party/FreeRTOS/Source/tasks.o
 .debug_aranges
                0x0000000000001050       0x78 ./Middlewares/Third_Party/FreeRTOS/Source/portable/GCC/ARM_CM3/port.o
 .debug_aranges
                0x00000000000010c8       0x50 ./Middlewares/Third_Party/FreeRTOS/Source/portable/MemMang/heap_4.o

.debug_ranges   0x0000000000000000     0x1010
 .debug_ranges  0x0000000000000000       0x10 ./Core/Src/freertos.o
 .debug_ranges  0x0000000000000010       0x58 ./Core/Src/main.o
 .debug_ranges  0x0000000000000068       0x20 ./Core/Src/stm32f1xx_hal_msp.o
 .debug_ranges  0x0000000000000088       0x20 ./Core/Src/stm32f1xx_hal_timebase_tim.o
 .debug_ranges  0x00000000000000a8       0x40 ./Core/Src/stm32f1xx_it.o
 .debug_ranges  0x00000000000000e8       0x18 ./Core/Src/system_stm32f1xx.o
 .debug_ranges  0x0000000000000100       0x20 ./Core/Startup/startup_stm32f103c8tx.o
 .debug_ranges  0x0000000000000120       0xd0 ./Drivers/STM32F1xx_HAL_Driver/Src/stm32f1xx_hal.o
 .debug_ranges  0x00000000000001f0       0xf0 ./Drivers/STM32F1xx_HAL_Driver/Src/stm32f1xx_hal_cortex.o
 .debug_ranges  0x00000000000002e0       0x48 ./Drivers/STM32F1xx_HAL_Driver/Src/stm32f1xx_hal_gpio.o
 .debug_ranges  0x0000000000000328       0x80 ./Drivers/STM32F1xx_HAL_Driver/Src/stm32f1xx_hal_rcc.o
 .debug_ranges  0x00000000000003a8      0x3c0 ./Drivers/STM32F1xx_HAL_Driver/Src/stm32f1xx_hal_tim.o
 .debug_ranges  0x0000000000000768      0x158 ./Drivers/STM32F1xx_HAL_Driver/Src/stm32f1xx_hal_tim_ex.o
 .debug_ranges  0x00000000000008c0      0x220 ./Drivers/STM32F1xx_HAL_Driver/Src/stm32f1xx_hal_uart.o
 .debug_ranges  0x0000000000000ae0      0x1c8 ./Middlewares/Third_Party/FreeRTOS/Source/CMSIS_RTOS/cmsis_os.o
 .debug_ranges  0x0000000000000ca8       0x30 ./Middlewares/Third_Party/FreeRTOS/Source/list.o
 .debug_ranges  0x0000000000000cd8       0xf8 ./Middlewares/Third_Party/FreeRTOS/Source/queue.o
 .debug_ranges  0x0000000000000dd0      0x198 ./Middlewares/Third_Party/FreeRTOS/Source/tasks.o
 .debug_ranges  0x0000000000000f68       0x68 ./Middlewares/Third_Party/FreeRTOS/Source/portable/GCC/ARM_CM3/port.o
 .debug_ranges  0x0000000000000fd0       0x40 ./Middlewares/Third_Party/FreeRTOS/Source/portable/MemMang/heap_4.o

.debug_macro    0x0000000000000000    0x18794
 .debug_macro   0x0000000000000000      0x21a ./Core/Src/freertos.o
 .debug_macro   0x000000000000021a      0xa9c ./Core/Src/freertos.o
 .debug_macro   0x0000000000000cb6      0x174 ./Core/Src/freertos.o
 .debug_macro   0x0000000000000e2a       0x22 ./Core/Src/freertos.o
 .debug_macro   0x0000000000000e4c       0x8e ./Core/Src/freertos.o
 .debug_macro   0x0000000000000eda       0x51 ./Core/Src/freertos.o
 .debug_macro   0x0000000000000f2b      0x103 ./Core/Src/freertos.o
 .debug_macro   0x000000000000102e       0x6a ./Core/Src/freertos.o
 .debug_macro   0x0000000000001098      0x1df ./Core/Src/freertos.o
 .debug_macro   0x0000000000001277       0xd6 ./Core/Src/freertos.o
 .debug_macro   0x000000000000134d      0x15a ./Core/Src/freertos.o
 .debug_macro   0x00000000000014a7       0xd7 ./Core/Src/freertos.o
 .debug_macro   0x000000000000157e       0x10 ./Core/Src/freertos.o
 .debug_macro   0x000000000000158e       0x1f ./Core/Src/freertos.o
 .debug_macro   0x00000000000015ad      0x4b7 ./Core/Src/freertos.o
 .debug_macro   0x0000000000001a64       0xb5 ./Core/Src/freertos.o
 .debug_macro   0x0000000000001b19       0x8c ./Core/Src/freertos.o
 .debug_macro   0x0000000000001ba5      0x21b ./Core/Src/freertos.o
 .debug_macro   0x0000000000001dc0       0x2e ./Core/Src/freertos.o
 .debug_macro   0x0000000000001dee       0x22 ./Core/Src/freertos.o
 .debug_macro   0x0000000000001e10       0x1c ./Core/Src/freertos.o
 .debug_macro   0x0000000000001e2c       0x22 ./Core/Src/freertos.o
 .debug_macro   0x0000000000001e4e       0xc3 ./Core/Src/freertos.o
 .debug_macro   0x0000000000001f11      0xd23 ./Core/Src/freertos.o
 .debug_macro   0x0000000000002c34     0xe09e ./Core/Src/freertos.o
 .debug_macro   0x0000000000010cd2       0x6d ./Core/Src/freertos.o
 .debug_macro   0x0000000000010d3f     0x3468 ./Core/Src/freertos.o
 .debug_macro   0x00000000000141a7       0x5c ./Core/Src/freertos.o
 .debug_macro   0x0000000000014203      0x5be ./Core/Src/freertos.o
 .debug_macro   0x00000000000147c1      0x289 ./Core/Src/freertos.o
 .debug_macro   0x0000000000014a4a      0x1cb ./Core/Src/freertos.o
 .debug_macro   0x0000000000014c15      0x114 ./Core/Src/freertos.o
 .debug_macro   0x0000000000014d29      0x1b2 ./Core/Src/freertos.o
 .debug_macro   0x0000000000014edb       0x27 ./Core/Src/freertos.o
 .debug_macro   0x0000000000014f02      0x136 ./Core/Src/freertos.o
 .debug_macro   0x0000000000015038      0x1bc ./Core/Src/freertos.o
 .debug_macro   0x00000000000151f4       0x34 ./Core/Src/freertos.o
 .debug_macro   0x0000000000015228       0x3c ./Core/Src/freertos.o
 .debug_macro   0x0000000000015264       0x57 ./Core/Src/freertos.o
 .debug_macro   0x00000000000152bb       0x88 ./Core/Src/freertos.o
 .debug_macro   0x0000000000015343      0x241 ./Core/Src/freertos.o
 .debug_macro   0x0000000000015584      0x141 ./Core/Src/freertos.o
 .debug_macro   0x00000000000156c5      0x8d1 ./Core/Src/freertos.o
 .debug_macro   0x0000000000015f96      0x279 ./Core/Src/freertos.o
 .debug_macro   0x000000000001620f       0x83 ./Core/Src/freertos.o
 .debug_macro   0x0000000000016292       0x1c ./Core/Src/freertos.o
 .debug_macro   0x00000000000162ae      0x265 ./Core/Src/main.o
 .debug_macro   0x0000000000016513       0xd6 ./Core/Src/main.o
 .debug_macro   0x00000000000165e9       0x91 ./Core/Src/main.o
 .debug_macro   0x000000000001667a       0x8d ./Core/Src/main.o
 .debug_macro   0x0000000000016707       0x7e ./Core/Src/main.o
 .debug_macro   0x0000000000016785       0x19 ./Core/Src/main.o
 .debug_macro   0x000000000001679e       0xf2 ./Core/Src/main.o
 .debug_macro   0x0000000000016890      0x1b2 ./Core/Src/stm32f1xx_hal_msp.o
 .debug_macro   0x0000000000016a42      0x1a3 ./Core/Src/stm32f1xx_hal_timebase_tim.o
 .debug_macro   0x0000000000016be5      0x1bc ./Core/Src/stm32f1xx_it.o
 .debug_macro   0x0000000000016da1      0x1a3 ./Core/Src/system_stm32f1xx.o
 .debug_macro   0x0000000000016f44      0x1c7 ./Drivers/STM32F1xx_HAL_Driver/Src/stm32f1xx_hal.o
 .debug_macro   0x000000000001710b      0x1a3 ./Drivers/STM32F1xx_HAL_Driver/Src/stm32f1xx_hal_cortex.o
 .debug_macro   0x00000000000172ae      0x20e ./Drivers/STM32F1xx_HAL_Driver/Src/stm32f1xx_hal_gpio.o
 .debug_macro   0x00000000000174bc      0x1b5 ./Drivers/STM32F1xx_HAL_Driver/Src/stm32f1xx_hal_rcc.o
 .debug_macro   0x0000000000017671      0x1a4 ./Drivers/STM32F1xx_HAL_Driver/Src/stm32f1xx_hal_tim.o
 .debug_macro   0x0000000000017815      0x1a3 ./Drivers/STM32F1xx_HAL_Driver/Src/stm32f1xx_hal_tim_ex.o
 .debug_macro   0x00000000000179b8      0x1a4 ./Drivers/STM32F1xx_HAL_Driver/Src/stm32f1xx_hal_uart.o
 .debug_macro   0x0000000000017b5c      0x1fe ./Middlewares/Third_Party/FreeRTOS/Source/CMSIS_RTOS/cmsis_os.o
 .debug_macro   0x0000000000017d5a       0x10 ./Middlewares/Third_Party/FreeRTOS/Source/CMSIS_RTOS/cmsis_os.o
 .debug_macro   0x0000000000017d6a       0x20 ./Middlewares/Third_Party/FreeRTOS/Source/CMSIS_RTOS/cmsis_os.o
 .debug_macro   0x0000000000017d8a       0xab ./Middlewares/Third_Party/FreeRTOS/Source/CMSIS_RTOS/cmsis_os.o
 .debug_macro   0x0000000000017e35      0x187 ./Middlewares/Third_Party/FreeRTOS/Source/list.o
 .debug_macro   0x0000000000017fbc      0x212 ./Middlewares/Third_Party/FreeRTOS/Source/queue.o
 .debug_macro   0x00000000000181ce       0x16 ./Middlewares/Third_Party/FreeRTOS/Source/queue.o
 .debug_macro   0x00000000000181e4      0x280 ./Middlewares/Third_Party/FreeRTOS/Source/tasks.o
 .debug_macro   0x0000000000018464       0x10 ./Middlewares/Third_Party/FreeRTOS/Source/tasks.o
 .debug_macro   0x0000000000018474      0x172 ./Middlewares/Third_Party/FreeRTOS/Source/portable/GCC/ARM_CM3/port.o
 .debug_macro   0x00000000000185e6      0x1ae ./Middlewares/Third_Party/FreeRTOS/Source/portable/MemMang/heap_4.o

.debug_line     0x0000000000000000    0x1134f
 .debug_line    0x0000000000000000      0x76e ./Core/Src/freertos.o
 .debug_line    0x000000000000076e      0x9e0 ./Core/Src/main.o
 .debug_line    0x000000000000114e      0x6c6 ./Core/Src/stm32f1xx_hal_msp.o
 .debug_line    0x0000000000001814      0x6d0 ./Core/Src/stm32f1xx_hal_timebase_tim.o
 .debug_line    0x0000000000001ee4      0x70d ./Core/Src/stm32f1xx_it.o
 .debug_line    0x00000000000025f1      0x6ef ./Core/Src/system_stm32f1xx.o
 .debug_line    0x0000000000002ce0       0x87 ./Core/Startup/startup_stm32f103c8tx.o
 .debug_line    0x0000000000002d67      0x91c ./Drivers/STM32F1xx_HAL_Driver/Src/stm32f1xx_hal.o
 .debug_line    0x0000000000003683      0xb04 ./Drivers/STM32F1xx_HAL_Driver/Src/stm32f1xx_hal_cortex.o
 .debug_line    0x0000000000004187      0x9b3 ./Drivers/STM32F1xx_HAL_Driver/Src/stm32f1xx_hal_gpio.o
 .debug_line    0x0000000000004b3a      0xd2a ./Drivers/STM32F1xx_HAL_Driver/Src/stm32f1xx_hal_rcc.o
 .debug_line    0x0000000000005864     0x32c5 ./Drivers/STM32F1xx_HAL_Driver/Src/stm32f1xx_hal_tim.o
 .debug_line    0x0000000000008b29     0x1844 ./Drivers/STM32F1xx_HAL_Driver/Src/stm32f1xx_hal_tim_ex.o
 .debug_line    0x000000000000a36d     0x19f7 ./Drivers/STM32F1xx_HAL_Driver/Src/stm32f1xx_hal_uart.o
 .debug_line    0x000000000000bd64     0x11b4 ./Middlewares/Third_Party/FreeRTOS/Source/CMSIS_RTOS/cmsis_os.o
 .debug_line    0x000000000000cf18      0x6fb ./Middlewares/Third_Party/FreeRTOS/Source/list.o
 .debug_line    0x000000000000d613     0x1478 ./Middlewares/Third_Party/FreeRTOS/Source/queue.o
 .debug_line    0x000000000000ea8b     0x18be ./Middlewares/Third_Party/FreeRTOS/Source/tasks.o
 .debug_line    0x0000000000010349      0x749 ./Middlewares/Third_Party/FreeRTOS/Source/portable/GCC/ARM_CM3/port.o
 .debug_line    0x0000000000010a92      0x8bd ./Middlewares/Third_Party/FreeRTOS/Source/portable/MemMang/heap_4.o

.debug_str      0x0000000000000000    0x92128
 .debug_str     0x0000000000000000    0x86bd8 ./Core/Src/freertos.o
                                      0x86f4c (size before relaxing)
 .debug_str     0x0000000000086bd8     0x2dd4 ./Core/Src/main.o
                                      0x89d75 (size before relaxing)
 .debug_str     0x00000000000899ac      0x2e8 ./Core/Src/stm32f1xx_hal_msp.o
                                      0x83ba2 (size before relaxing)
 .debug_str     0x0000000000089c94       0xaa ./Core/Src/stm32f1xx_hal_timebase_tim.o
                                      0x83c95 (size before relaxing)
 .debug_str     0x0000000000089d3e       0xa2 ./Core/Src/stm32f1xx_it.o
                                      0x8395c (size before relaxing)
 .debug_str     0x0000000000089de0       0x52 ./Core/Src/system_stm32f1xx.o
                                      0x83437 (size before relaxing)
 .debug_str     0x0000000000089e32       0x36 ./Core/Startup/startup_stm32f103c8tx.o
                                         0x53 (size before relaxing)
 .debug_str     0x0000000000089e68      0x2b9 ./Drivers/STM32F1xx_HAL_Driver/Src/stm32f1xx_hal.o
                                      0x83ac8 (size before relaxing)
 .debug_str     0x000000000008a121      0x2f7 ./Drivers/STM32F1xx_HAL_Driver/Src/stm32f1xx_hal_cortex.o
                                      0x83ad0 (size before relaxing)
 .debug_str     0x000000000008a418      0x324 ./Drivers/STM32F1xx_HAL_Driver/Src/stm32f1xx_hal_gpio.o
                                      0x837fb (size before relaxing)
 .debug_str     0x000000000008a73c      0x245 ./Drivers/STM32F1xx_HAL_Driver/Src/stm32f1xx_hal_rcc.o
                                      0x83834 (size before relaxing)
 .debug_str     0x000000000008a981      0xe4d ./Drivers/STM32F1xx_HAL_Driver/Src/stm32f1xx_hal_tim.o
                                      0x84806 (size before relaxing)
 .debug_str     0x000000000008b7ce      0x538 ./Drivers/STM32F1xx_HAL_Driver/Src/stm32f1xx_hal_tim_ex.o
                                      0x83fb7 (size before relaxing)
 .debug_str     0x000000000008bd06      0x5ed ./Drivers/STM32F1xx_HAL_Driver/Src/stm32f1xx_hal_uart.o
                                      0x83e26 (size before relaxing)
 .debug_str     0x000000000008c2f3     0x392b ./Middlewares/Third_Party/FreeRTOS/Source/CMSIS_RTOS/cmsis_os.o
                                       0xdeaa (size before relaxing)
 .debug_str     0x000000000008fc1e      0x225 ./Middlewares/Third_Party/FreeRTOS/Source/list.o
                                       0xa7eb (size before relaxing)
 .debug_str     0x000000000008fe43      0x7d3 ./Middlewares/Third_Party/FreeRTOS/Source/queue.o
                                       0xbea3 (size before relaxing)
 .debug_str     0x0000000000090616     0x11ca ./Middlewares/Third_Party/FreeRTOS/Source/tasks.o
                                       0xc9dc (size before relaxing)
 .debug_str     0x00000000000917e0      0x6ee ./Middlewares/Third_Party/FreeRTOS/Source/portable/GCC/ARM_CM3/port.o
                                       0x8145 (size before relaxing)
 .debug_str     0x0000000000091ece      0x25a ./Middlewares/Third_Party/FreeRTOS/Source/portable/MemMang/heap_4.o
                                       0xaf0e (size before relaxing)

.comment        0x0000000000000000       0x53
 .comment       0x0000000000000000       0x53 ./Core/Src/freertos.o
                                         0x54 (size before relaxing)
 .comment       0x0000000000000053       0x54 ./Core/Src/main.o
 .comment       0x0000000000000053       0x54 ./Core/Src/stm32f1xx_hal_msp.o
 .comment       0x0000000000000053       0x54 ./Core/Src/stm32f1xx_hal_timebase_tim.o
 .comment       0x0000000000000053       0x54 ./Core/Src/stm32f1xx_it.o
 .comment       0x0000000000000053       0x54 ./Core/Src/system_stm32f1xx.o
 .comment       0x0000000000000053       0x54 ./Drivers/STM32F1xx_HAL_Driver/Src/stm32f1xx_hal.o
 .comment       0x0000000000000053       0x54 ./Drivers/STM32F1xx_HAL_Driver/Src/stm32f1xx_hal_cortex.o
 .comment       0x0000000000000053       0x54 ./Drivers/STM32F1xx_HAL_Driver/Src/stm32f1xx_hal_gpio.o
 .comment       0x0000000000000053       0x54 ./Drivers/STM32F1xx_HAL_Driver/Src/stm32f1xx_hal_rcc.o
 .comment       0x0000000000000053       0x54 ./Drivers/STM32F1xx_HAL_Driver/Src/stm32f1xx_hal_tim.o
 .comment       0x0000000000000053       0x54 ./Drivers/STM32F1xx_HAL_Driver/Src/stm32f1xx_hal_tim_ex.o
 .comment       0x0000000000000053       0x54 ./Drivers/STM32F1xx_HAL_Driver/Src/stm32f1xx_hal_uart.o
 .comment       0x0000000000000053       0x54 ./Middlewares/Third_Party/FreeRTOS/Source/CMSIS_RTOS/cmsis_os.o
 .comment       0x0000000000000053       0x54 ./Middlewares/Third_Party/FreeRTOS/Source/list.o
 .comment       0x0000000000000053       0x54 ./Middlewares/Third_Party/FreeRTOS/Source/queue.o
 .comment       0x0000000000000053       0x54 ./Middlewares/Third_Party/FreeRTOS/Source/tasks.o
 .comment       0x0000000000000053       0x54 ./Middlewares/Third_Party/FreeRTOS/Source/portable/GCC/ARM_CM3/port.o
 .comment       0x0000000000000053       0x54 ./Middlewares/Third_Party/FreeRTOS/Source/portable/MemMang/heap_4.o

.debug_frame    0x0000000000000000     0x46f8
 .debug_frame   0x0000000000000000       0x38 ./Core/Src/freertos.o
 .debug_frame   0x0000000000000038      0x154 ./Core/Src/main.o
 .debug_frame   0x000000000000018c       0x7c ./Core/Src/stm32f1xx_hal_msp.o
 .debug_frame   0x0000000000000208       0x74 ./Core/Src/stm32f1xx_hal_timebase_tim.o
 .debug_frame   0x000000000000027c       0xc4 ./Core/Src/stm32f1xx_it.o
 .debug_frame   0x0000000000000340       0x58 ./Core/Src/system_stm32f1xx.o
 .debug_frame   0x0000000000000398      0x334 ./Drivers/STM32F1xx_HAL_Driver/Src/stm32f1xx_hal.o
 .debug_frame   0x00000000000006cc      0x428 ./Drivers/STM32F1xx_HAL_Driver/Src/stm32f1xx_hal_cortex.o
 .debug_frame   0x0000000000000af4      0x14c ./Drivers/STM32F1xx_HAL_Driver/Src/stm32f1xx_hal_gpio.o
 .debug_frame   0x0000000000000c40      0x21c ./Drivers/STM32F1xx_HAL_Driver/Src/stm32f1xx_hal_rcc.o
 .debug_frame   0x0000000000000e5c     0x11b8 ./Drivers/STM32F1xx_HAL_Driver/Src/stm32f1xx_hal_tim.o
 .debug_frame   0x0000000000002014      0x638 ./Drivers/STM32F1xx_HAL_Driver/Src/stm32f1xx_hal_tim_ex.o
 .debug_frame   0x000000000000264c      0x914 ./Drivers/STM32F1xx_HAL_Driver/Src/stm32f1xx_hal_uart.o
 .debug_frame   0x0000000000002f60      0x80c ./Middlewares/Third_Party/FreeRTOS/Source/CMSIS_RTOS/cmsis_os.o
 .debug_frame   0x000000000000376c       0xd8 ./Middlewares/Third_Party/FreeRTOS/Source/list.o
 .debug_frame   0x0000000000003844      0x46c ./Middlewares/Third_Party/FreeRTOS/Source/queue.o
 .debug_frame   0x0000000000003cb0      0x734 ./Middlewares/Third_Party/FreeRTOS/Source/tasks.o
 .debug_frame   0x00000000000043e4      0x198 ./Middlewares/Third_Party/FreeRTOS/Source/portable/GCC/ARM_CM3/port.o
 .debug_frame   0x000000000000457c      0x108 ./Middlewares/Third_Party/FreeRTOS/Source/portable/MemMang/heap_4.o
 .debug_frame   0x0000000000004684       0x2c d:/stm32cubeide_1.6.0/stm32cubeide/plugins/com.st.stm32cube.ide.mcu.externaltools.gnu-tools-for-stm32.9-2020-q2-update.win32_2.0.0.202105311346/tools/bin/../lib/gcc/arm-none-eabi/9.3.1/../../../../arm-none-eabi/lib/thumb/v7-m/nofp\libc_nano.a(lib_a-init.o)
 .debug_frame   0x00000000000046b0       0x28 d:/stm32cubeide_1.6.0/stm32cubeide/plugins/com.st.stm32cube.ide.mcu.externaltools.gnu-tools-for-stm32.9-2020-q2-update.win32_2.0.0.202105311346/tools/bin/../lib/gcc/arm-none-eabi/9.3.1/../../../../arm-none-eabi/lib/thumb/v7-m/nofp\libc_nano.a(lib_a-memcpy-stub.o)
 .debug_frame   0x00000000000046d8       0x20 d:/stm32cubeide_1.6.0/stm32cubeide/plugins/com.st.stm32cube.ide.mcu.externaltools.gnu-tools-for-stm32.9-2020-q2-update.win32_2.0.0.202105311346/tools/bin/../lib/gcc/arm-none-eabi/9.3.1/../../../../arm-none-eabi/lib/thumb/v7-m/nofp\libc_nano.a(lib_a-memset.o)
