Archive member included to satisfy reference by file (symbol)

d:/stm32cubeide_1.6.0/stm32cubeide/plugins/com.st.stm32cube.ide.mcu.externaltools.gnu-tools-for-stm32.9-2020-q2-update.win32_1.5.0.202011040924/tools/bin/../lib/gcc/arm-none-eabi/9.3.1/../../../../arm-none-eabi/lib/thumb/v7-m/nofp\libc_nano.a(lib_a-errno.o)
                              Core/Src/syscalls.o (__errno)
d:/stm32cubeide_1.6.0/stm32cubeide/plugins/com.st.stm32cube.ide.mcu.externaltools.gnu-tools-for-stm32.9-2020-q2-update.win32_1.5.0.202011040924/tools/bin/../lib/gcc/arm-none-eabi/9.3.1/../../../../arm-none-eabi/lib/thumb/v7-m/nofp\libc_nano.a(lib_a-exit.o)
                              d:/stm32cubeide_1.6.0/stm32cubeide/plugins/com.st.stm32cube.ide.mcu.externaltools.gnu-tools-for-stm32.9-2020-q2-update.win32_1.5.0.202011040924/tools/bin/../lib/gcc/arm-none-eabi/9.3.1/../../../../arm-none-eabi/lib/thumb/v7-m/nofp/crt0.o (exit)
d:/stm32cubeide_1.6.0/stm32cubeide/plugins/com.st.stm32cube.ide.mcu.externaltools.gnu-tools-for-stm32.9-2020-q2-update.win32_1.5.0.202011040924/tools/bin/../lib/gcc/arm-none-eabi/9.3.1/../../../../arm-none-eabi/lib/thumb/v7-m/nofp\libc_nano.a(lib_a-impure.o)
                              d:/stm32cubeide_1.6.0/stm32cubeide/plugins/com.st.stm32cube.ide.mcu.externaltools.gnu-tools-for-stm32.9-2020-q2-update.win32_1.5.0.202011040924/tools/bin/../lib/gcc/arm-none-eabi/9.3.1/../../../../arm-none-eabi/lib/thumb/v7-m/nofp\libc_nano.a(lib_a-exit.o) (_global_impure_ptr)
d:/stm32cubeide_1.6.0/stm32cubeide/plugins/com.st.stm32cube.ide.mcu.externaltools.gnu-tools-for-stm32.9-2020-q2-update.win32_1.5.0.202011040924/tools/bin/../lib/gcc/arm-none-eabi/9.3.1/../../../../arm-none-eabi/lib/thumb/v7-m/nofp\libc_nano.a(lib_a-init.o)
                              d:/stm32cubeide_1.6.0/stm32cubeide/plugins/com.st.stm32cube.ide.mcu.externaltools.gnu-tools-for-stm32.9-2020-q2-update.win32_1.5.0.202011040924/tools/bin/../lib/gcc/arm-none-eabi/9.3.1/../../../../arm-none-eabi/lib/thumb/v7-m/nofp/crt0.o (__libc_init_array)
d:/stm32cubeide_1.6.0/stm32cubeide/plugins/com.st.stm32cube.ide.mcu.externaltools.gnu-tools-for-stm32.9-2020-q2-update.win32_1.5.0.202011040924/tools/bin/../lib/gcc/arm-none-eabi/9.3.1/../../../../arm-none-eabi/lib/thumb/v7-m/nofp\libc_nano.a(lib_a-memset.o)
                              d:/stm32cubeide_1.6.0/stm32cubeide/plugins/com.st.stm32cube.ide.mcu.externaltools.gnu-tools-for-stm32.9-2020-q2-update.win32_1.5.0.202011040924/tools/bin/../lib/gcc/arm-none-eabi/9.3.1/../../../../arm-none-eabi/lib/thumb/v7-m/nofp/crt0.o (memset)

Allocating common symbols
Common symbol       size              file

uwTick              0x4               Drivers/STM32F1xx_HAL_Driver/Src/stm32f1xx_hal.o
pFlash              0x20              Drivers/STM32F1xx_HAL_Driver/Src/stm32f1xx_hal_flash.o
huart1              0x44              Core/Src/main.o

Discarded input sections

 .text          0x0000000000000000        0x0 d:/stm32cubeide_1.6.0/stm32cubeide/plugins/com.st.stm32cube.ide.mcu.externaltools.gnu-tools-for-stm32.9-2020-q2-update.win32_1.5.0.202011040924/tools/bin/../lib/gcc/arm-none-eabi/9.3.1/thumb/v7-m/nofp/crti.o
 .data          0x0000000000000000        0x0 d:/stm32cubeide_1.6.0/stm32cubeide/plugins/com.st.stm32cube.ide.mcu.externaltools.gnu-tools-for-stm32.9-2020-q2-update.win32_1.5.0.202011040924/tools/bin/../lib/gcc/arm-none-eabi/9.3.1/thumb/v7-m/nofp/crti.o
 .bss           0x0000000000000000        0x0 d:/stm32cubeide_1.6.0/stm32cubeide/plugins/com.st.stm32cube.ide.mcu.externaltools.gnu-tools-for-stm32.9-2020-q2-update.win32_1.5.0.202011040924/tools/bin/../lib/gcc/arm-none-eabi/9.3.1/thumb/v7-m/nofp/crti.o
 .data          0x0000000000000000        0x4 d:/stm32cubeide_1.6.0/stm32cubeide/plugins/com.st.stm32cube.ide.mcu.externaltools.gnu-tools-for-stm32.9-2020-q2-update.win32_1.5.0.202011040924/tools/bin/../lib/gcc/arm-none-eabi/9.3.1/thumb/v7-m/nofp/crtbegin.o
 .text          0x0000000000000000       0x7c d:/stm32cubeide_1.6.0/stm32cubeide/plugins/com.st.stm32cube.ide.mcu.externaltools.gnu-tools-for-stm32.9-2020-q2-update.win32_1.5.0.202011040924/tools/bin/../lib/gcc/arm-none-eabi/9.3.1/../../../../arm-none-eabi/lib/thumb/v7-m/nofp/crt0.o
 .data          0x0000000000000000        0x0 d:/stm32cubeide_1.6.0/stm32cubeide/plugins/com.st.stm32cube.ide.mcu.externaltools.gnu-tools-for-stm32.9-2020-q2-update.win32_1.5.0.202011040924/tools/bin/../lib/gcc/arm-none-eabi/9.3.1/../../../../arm-none-eabi/lib/thumb/v7-m/nofp/crt0.o
 .bss           0x0000000000000000        0x0 d:/stm32cubeide_1.6.0/stm32cubeide/plugins/com.st.stm32cube.ide.mcu.externaltools.gnu-tools-for-stm32.9-2020-q2-update.win32_1.5.0.202011040924/tools/bin/../lib/gcc/arm-none-eabi/9.3.1/../../../../arm-none-eabi/lib/thumb/v7-m/nofp/crt0.o
[...]
Memory Configuration

Name             Origin             Length             Attributes
RAM              0x0000000020000000 0x0000000000005000 xrw
FLASH            0x0000000008000000 0x0000000000010000 xr
*default*        0x0000000000000000 0xffffffffffffffff

Linker script and memory map

LOAD d:/stm32cubeide_1.6.0/stm32cubeide/plugins/com.st.stm32cube.ide.mcu.externaltools.gnu-tools-for-stm32.9-2020-q2-update.win32_1.5.0.202011040924/tools/bin/../lib/gcc/arm-none-eabi/9.3.1/thumb/v7-m/nofp/crti.o
LOAD d:/stm32cubeide_1.6.0/stm32cubeide/plugins/com.st.stm32cube.ide.mcu.externaltools.gnu-tools-for-stm32.9-2020-q2-update.win32_1.5.0.202011040924/tools/bin/../lib/gcc/arm-none-eabi/9.3.1/thumb/v7-m/nofp/crtbegin.o
LOAD d:/stm32cubeide_1.6.0/stm32cubeide/plugins/com.st.stm32cube.ide.mcu.externaltools.gnu-tools-for-stm32.9-2020-q2-update.win32_1.5.0.202011040924/tools/bin/../lib/gcc/arm-none-eabi/9.3.1/../../../../arm-none-eabi/lib/thumb/v7-m/nofp/crt0.o
LOAD Core/Src/main.o
LOAD Core/Src/stm32f1xx_hal_msp.o
LOAD Core/Src/stm32f1xx_it.o
LOAD Core/Src/syscalls.o
LOAD Core/Src/sysmem.o
LOAD Core/Src/system_stm32f1xx.o
LOAD Core/Startup/startup_stm32f103c8tx.o
LOAD Drivers/STM32F1xx_HAL_Driver/Src/stm32f1xx_hal.o
LOAD Drivers/STM32F1xx_HAL_Driver/Src/stm32f1xx_hal_cortex.o
LOAD Drivers/STM32F1xx_HAL_Driver/Src/stm32f1xx_hal_dma.o
LOAD Drivers/STM32F1xx_HAL_Driver/Src/stm32f1xx_hal_exti.o
LOAD Drivers/STM32F1xx_HAL_Driver/Src/stm32f1xx_hal_flash.o
LOAD Drivers/STM32F1xx_HAL_Driver/Src/stm32f1xx_hal_flash_ex.o
LOAD Drivers/STM32F1xx_HAL_Driver/Src/stm32f1xx_hal_gpio.o
LOAD Drivers/STM32F1xx_HAL_Driver/Src/stm32f1xx_hal_gpio_ex.o
LOAD Drivers/STM32F1xx_HAL_Driver/Src/stm32f1xx_hal_pwr.o
LOAD Drivers/STM32F1xx_HAL_Driver/Src/stm32f1xx_hal_rcc.o
LOAD Drivers/STM32F1xx_HAL_Driver/Src/stm32f1xx_hal_rcc_ex.o
LOAD Drivers/STM32F1xx_HAL_Driver/Src/stm32f1xx_hal_tim.o
LOAD Drivers/STM32F1xx_HAL_Driver/Src/stm32f1xx_hal_tim_ex.o
LOAD Drivers/STM32F1xx_HAL_Driver/Src/stm32f1xx_hal_uart.o
START GROUP
LOAD d:/stm32cubeide_1.6.0/stm32cubeide/plugins/com.st.stm32cube.ide.mcu.externaltools.gnu-tools-for-stm32.9-2020-q2-update.win32_1.5.0.202011040924/tools/bin/../lib/gcc/arm-none-eabi/9.3.1/../../../../arm-none-eabi/lib/thumb/v7-m/nofp\libc_nano.a
LOAD d:/stm32cubeide_1.6.0/stm32cubeide/plugins/com.st.stm32cube.ide.mcu.externaltools.gnu-tools-for-stm32.9-2020-q2-update.win32_1.5.0.202011040924/tools/bin/../lib/gcc/arm-none-eabi/9.3.1/../../../../arm-none-eabi/lib/thumb/v7-m/nofp\libm.a
END GROUP
START GROUP
LOAD d:/stm32cubeide_1.6.0/stm32cubeide/plugins/com.st.stm32cube.ide.mcu.externaltools.gnu-tools-for-stm32.9-2020-q2-update.win32_1.5.0.202011040924/tools/bin/../lib/gcc/arm-none-eabi/9.3.1/thumb/v7-m/nofp\libgcc.a
LOAD d:/stm32cubeide_1.6.0/stm32cubeide/plugins/com.st.stm32cube.ide.mcu.externaltools.gnu-tools-for-stm32.9-2020-q2-update.win32_1.5.0.202011040924/tools/bin/../lib/gcc/arm-none-eabi/9.3.1/../../../../arm-none-eabi/lib/thumb/v7-m/nofp\libc_nano.a
END GROUP
START GROUP
LOAD d:/stm32cubeide_1.6.0/stm32cubeide/plugins/com.st.stm32cube.ide.mcu.externaltools.gnu-tools-for-stm32.9-2020-q2-update.win32_1.5.0.202011040924/tools/bin/../lib/gcc/arm-none-eabi/9.3.1/thumb/v7-m/nofp\libgcc.a
LOAD d:/stm32cubeide_1.6.0/stm32cubeide/plugins/com.st.stm32cube.ide.mcu.externaltools.gnu-tools-for-stm32.9-2020-q2-update.win32_1.5.0.202011040924/tools/bin/../lib/gcc/arm-none-eabi/9.3.1/../../../../arm-none-eabi/lib/thumb/v7-m/nofp\libc_nano.a
LOAD d:/stm32cubeide_1.6.0/stm32cubeide/plugins/com.st.stm32cube.ide.mcu.externaltools.gnu-tools-for-stm32.9-2020-q2-update.win32_1.5.0.202011040924/tools/bin/../lib/gcc/arm-none-eabi/9.3.1/../../../../arm-none-eabi/lib/thumb/v7-m/nofp\libnosys.a
END GROUP
START GROUP
LOAD d:/stm32cubeide_1.6.0/stm32cubeide/plugins/com.st.stm32cube.ide.mcu.externaltools.gnu-tools-for-stm32.9-2020-q2-update.win32_1.5.0.202011040924/tools/bin/../lib/gcc/arm-none-eabi/9.3.1/thumb/v7-m/nofp\libgcc.a
LOAD d:/stm32cubeide_1.6.0/stm32cubeide/plugins/com.st.stm32cube.ide.mcu.externaltools.gnu-tools-for-stm32.9-2020-q2-update.win32_1.5.0.202011040924/tools/bin/../lib/gcc/arm-none-eabi/9.3.1/../../../../arm-none-eabi/lib/thumb/v7-m/nofp\libc_nano.a
LOAD d:/stm32cubeide_1.6.0/stm32cubeide/plugins/com.st.stm32cube.ide.mcu.externaltools.gnu-tools-for-stm32.9-2020-q2-update.win32_1.5.0.202011040924/tools/bin/../lib/gcc/arm-none-eabi/9.3.1/../../../../arm-none-eabi/lib/thumb/v7-m/nofp\libnosys.a
END GROUP
LOAD d:/stm32cubeide_1.6.0/stm32cubeide/plugins/com.st.stm32cube.ide.mcu.externaltools.gnu-tools-for-stm32.9-2020-q2-update.win32_1.5.0.202011040924/tools/bin/../lib/gcc/arm-none-eabi/9.3.1/thumb/v7-m/nofp/crtend.o
LOAD d:/stm32cubeide_1.6.0/stm32cubeide/plugins/com.st.stm32cube.ide.mcu.externaltools.gnu-tools-for-stm32.9-2020-q2-update.win32_1.5.0.202011040924/tools/bin/../lib/gcc/arm-none-eabi/9.3.1/thumb/v7-m/nofp/crtn.o
                0x0000000020005000                _estack = (ORIGIN (RAM) + LENGTH (RAM))
                0x0000000000000200                _Min_Heap_Size = 0x200
                0x0000000000000400                _Min_Stack_Size = 0x400

.isr_vector     0x0000000008000000      0x10c
                0x0000000008000000                . = ALIGN (0x4)
 *(.isr_vector)
 .isr_vector    0x0000000008000000      0x10c Core/Startup/startup_stm32f103c8tx.o
                0x0000000008000000                g_pfnVectors
                0x000000000800010c                . = ALIGN (0x4)

.text           0x000000000800010c     0x157c
                0x000000000800010c                . = ALIGN (0x4)
 *(.text)
 .text          0x000000000800010c       0x40 d:/stm32cubeide_1.6.0/stm32cubeide/plugins/com.st.stm32cube.ide.mcu.externaltools.gnu-tools-for-stm32.9-2020-q2-update.win32_1.5.0.202011040924/tools/bin/../lib/gcc/arm-none-eabi/9.3.1/thumb/v7-m/nofp/crtbegin.o
 *(.text*)
 .text.main     0x000000000800014c       0x3c Core/Src/main.o
                0x000000000800014c                main
 .text.SystemClock_Config
                0x0000000008000188       0x8a Core/Src/main.o
                0x0000000008000188                SystemClock_Config
 *fill*         0x0000000008000212        0x2 
 .text.MX_USART1_UART_Init
                0x0000000008000214       0x54 Core/Src/main.o
 .text.MX_GPIO_Init
                0x0000000008000268       0x98 Core/Src/main.o
 .text.Error_Handler
                0x0000000008000300        0xa Core/Src/main.o
                0x0000000008000300                Error_Handler
 *fill*         0x000000000800030a        0x2 
 .text.HAL_MspInit
                0x000000000800030c       0x64 Core/Src/stm32f1xx_hal_msp.o
                0x000000000800030c                HAL_MspInit
 .text.HAL_UART_MspInit
                0x0000000008000370       0x98 Core/Src/stm32f1xx_hal_msp.o
                0x0000000008000370                HAL_UART_MspInit
 .text.NMI_Handler
                0x0000000008000408        0x6 Core/Src/stm32f1xx_it.o
                0x0000000008000408                NMI_Handler
 .text.HardFault_Handler
                0x000000000800040e        0x6 Core/Src/stm32f1xx_it.o
                0x000000000800040e                HardFault_Handler
 .text.MemManage_Handler
                0x0000000008000414        0x6 Core/Src/stm32f1xx_it.o
                0x0000000008000414                MemManage_Handler
 .text.BusFault_Handler
                0x000000000800041a        0x6 Core/Src/stm32f1xx_it.o
                0x000000000800041a                BusFault_Handler
 .text.UsageFault_Handler
                0x0000000008000420        0x6 Core/Src/stm32f1xx_it.o
                0x0000000008000420                UsageFault_Handler
 .text.SVC_Handler
                0x0000000008000426        0xc Core/Src/stm32f1xx_it.o
                0x0000000008000426                SVC_Handler
 .text.DebugMon_Handler
                0x0000000008000432        0xc Core/Src/stm32f1xx_it.o
                0x0000000008000432                DebugMon_Handler
 .text.PendSV_Handler
                0x000000000800043e        0xc Core/Src/stm32f1xx_it.o
                0x000000000800043e                PendSV_Handler
 .text.SysTick_Handler
                0x000000000800044a        0xc Core/Src/stm32f1xx_it.o
                0x000000000800044a                SysTick_Handler
 .text.SystemInit
                0x0000000008000456        0xc Core/Src/system_stm32f1xx.o
                0x0000000008000456                SystemInit
 *fill*         0x0000000008000462        0x2 
 .text.Reset_Handler
                0x0000000008000464       0x48 Core/Startup/startup_stm32f103c8tx.o
                0x0000000008000464                Reset_Handler
 .text.Default_Handler
                0x00000000080004ac        0x2 Core/Startup/startup_stm32f103c8tx.o
                0x00000000080004ac                RTC_Alarm_IRQHandler
                0x00000000080004ac                EXTI2_IRQHandler
                0x00000000080004ac                TIM1_CC_IRQHandler
                0x00000000080004ac                PVD_IRQHandler
                0x00000000080004ac                EXTI3_IRQHandler
                0x00000000080004ac                EXTI0_IRQHandler
                0x00000000080004ac                I2C2_EV_IRQHandler
                0x00000000080004ac                ADC1_2_IRQHandler
                0x00000000080004ac                SPI1_IRQHandler
                0x00000000080004ac                TAMPER_IRQHandler
                0x00000000080004ac                DMA1_Channel4_IRQHandler
                0x00000000080004ac                USART3_IRQHandler
                0x00000000080004ac                RTC_IRQHandler
                0x00000000080004ac                DMA1_Channel7_IRQHandler
                0x00000000080004ac                CAN1_RX1_IRQHandler
                0x00000000080004ac                TIM4_IRQHandler
                0x00000000080004ac                I2C1_EV_IRQHandler
                0x00000000080004ac                DMA1_Channel6_IRQHandler
                0x00000000080004ac                TIM3_IRQHandler
                0x00000000080004ac                RCC_IRQHandler
                0x00000000080004ac                TIM1_TRG_COM_IRQHandler
                0x00000000080004ac                DMA1_Channel1_IRQHandler
                0x00000000080004ac                Default_Handler
                0x00000000080004ac                EXTI15_10_IRQHandler
                0x00000000080004ac                EXTI9_5_IRQHandler
                0x00000000080004ac                SPI2_IRQHandler
                0x00000000080004ac                DMA1_Channel5_IRQHandler
                0x00000000080004ac                EXTI4_IRQHandler
                0x00000000080004ac                USB_LP_CAN1_RX0_IRQHandler
                0x00000000080004ac                USB_HP_CAN1_TX_IRQHandler
                0x00000000080004ac                DMA1_Channel3_IRQHandler
                0x00000000080004ac                TIM1_UP_IRQHandler
                0x00000000080004ac                WWDG_IRQHandler
                0x00000000080004ac                TIM2_IRQHandler
                0x00000000080004ac                TIM1_BRK_IRQHandler
                0x00000000080004ac                EXTI1_IRQHandler
                0x00000000080004ac                USART2_IRQHandler
                0x00000000080004ac                I2C2_ER_IRQHandler
                0x00000000080004ac                DMA1_Channel2_IRQHandler
                0x00000000080004ac                CAN1_SCE_IRQHandler
                0x00000000080004ac                FLASH_IRQHandler
                0x00000000080004ac                USART1_IRQHandler
                0x00000000080004ac                I2C1_ER_IRQHandler
                0x00000000080004ac                USBWakeUp_IRQHandler
 *fill*         0x00000000080004ae        0x2 
 .text.HAL_Init
                0x00000000080004b0       0x2c Drivers/STM32F1xx_HAL_Driver/Src/stm32f1xx_hal.o
                0x00000000080004b0                HAL_Init
 .text.HAL_InitTick
                0x00000000080004dc       0x60 Drivers/STM32F1xx_HAL_Driver/Src/stm32f1xx_hal.o
                0x00000000080004dc                HAL_InitTick
 .text.HAL_IncTick
                0x000000000800053c       0x24 Drivers/STM32F1xx_HAL_Driver/Src/stm32f1xx_hal.o
                0x000000000800053c                HAL_IncTick
 .text.HAL_GetTick
                0x0000000008000560       0x14 Drivers/STM32F1xx_HAL_Driver/Src/stm32f1xx_hal.o
                0x0000000008000560                HAL_GetTick
 .text.__NVIC_SetPriorityGrouping
                0x0000000008000574       0x48 Drivers/STM32F1xx_HAL_Driver/Src/stm32f1xx_hal_cortex.o
 .text.__NVIC_GetPriorityGrouping
                0x00000000080005bc       0x1c Drivers/STM32F1xx_HAL_Driver/Src/stm32f1xx_hal_cortex.o
 .text.__NVIC_SetPriority
                0x00000000080005d8       0x54 Drivers/STM32F1xx_HAL_Driver/Src/stm32f1xx_hal_cortex.o
 .text.NVIC_EncodePriority
                0x000000000800062c       0x64 Drivers/STM32F1xx_HAL_Driver/Src/stm32f1xx_hal_cortex.o
 .text.SysTick_Config
                0x0000000008000690       0x44 Drivers/STM32F1xx_HAL_Driver/Src/stm32f1xx_hal_cortex.o
 .text.HAL_NVIC_SetPriorityGrouping
                0x00000000080006d4       0x16 Drivers/STM32F1xx_HAL_Driver/Src/stm32f1xx_hal_cortex.o
                0x00000000080006d4                HAL_NVIC_SetPriorityGrouping
 .text.HAL_NVIC_SetPriority
                0x00000000080006ea       0x38 Drivers/STM32F1xx_HAL_Driver/Src/stm32f1xx_hal_cortex.o
                0x00000000080006ea                HAL_NVIC_SetPriority
 .text.HAL_SYSTICK_Config
                0x0000000008000722       0x18 Drivers/STM32F1xx_HAL_Driver/Src/stm32f1xx_hal_cortex.o
                0x0000000008000722                HAL_SYSTICK_Config
 *fill*         0x000000000800073a        0x2 
 .text.HAL_GPIO_Init
                0x000000000800073c      0x308 Drivers/STM32F1xx_HAL_Driver/Src/stm32f1xx_hal_gpio.o
                0x000000000800073c                HAL_GPIO_Init
 .text.HAL_GPIO_WritePin
                0x0000000008000a44       0x30 Drivers/STM32F1xx_HAL_Driver/Src/stm32f1xx_hal_gpio.o
                0x0000000008000a44                HAL_GPIO_WritePin
 .text.HAL_RCC_OscConfig
                0x0000000008000a74      0x500 Drivers/STM32F1xx_HAL_Driver/Src/stm32f1xx_hal_rcc.o
                0x0000000008000a74                HAL_RCC_OscConfig
 .text.HAL_RCC_ClockConfig
                0x0000000008000f74      0x1d4 Drivers/STM32F1xx_HAL_Driver/Src/stm32f1xx_hal_rcc.o
                0x0000000008000f74                HAL_RCC_ClockConfig
 .text.HAL_RCC_GetSysClockFreq
                0x0000000008001148       0xc0 Drivers/STM32F1xx_HAL_Driver/Src/stm32f1xx_hal_rcc.o
                0x0000000008001148                HAL_RCC_GetSysClockFreq
 .text.HAL_RCC_GetHCLKFreq
                0x0000000008001208       0x14 Drivers/STM32F1xx_HAL_Driver/Src/stm32f1xx_hal_rcc.o
                0x0000000008001208                HAL_RCC_GetHCLKFreq
 .text.HAL_RCC_GetPCLK1Freq
                0x000000000800121c       0x28 Drivers/STM32F1xx_HAL_Driver/Src/stm32f1xx_hal_rcc.o
                0x000000000800121c                HAL_RCC_GetPCLK1Freq
 .text.HAL_RCC_GetPCLK2Freq
                0x0000000008001244       0x28 Drivers/STM32F1xx_HAL_Driver/Src/stm32f1xx_hal_rcc.o
                0x0000000008001244                HAL_RCC_GetPCLK2Freq
 .text.RCC_Delay
                0x000000000800126c       0x3c Drivers/STM32F1xx_HAL_Driver/Src/stm32f1xx_hal_rcc.o
 .text.HAL_UART_Init
                0x00000000080012a8       0x9a Drivers/STM32F1xx_HAL_Driver/Src/stm32f1xx_hal_uart.o
                0x00000000080012a8                HAL_UART_Init
 .text.HAL_UART_Transmit
                0x0000000008001342      0x124 Drivers/STM32F1xx_HAL_Driver/Src/stm32f1xx_hal_uart.o
                0x0000000008001342                HAL_UART_Transmit
 .text.UART_WaitOnFlagUntilTimeout
                0x0000000008001466       0x94 Drivers/STM32F1xx_HAL_Driver/Src/stm32f1xx_hal_uart.o
 *fill*         0x00000000080014fa        0x2 
 .text.UART_SetConfig
                0x00000000080014fc      0x11c Drivers/STM32F1xx_HAL_Driver/Src/stm32f1xx_hal_uart.o
 .text.__libc_init_array
                0x0000000008001618       0x48 d:/stm32cubeide_1.6.0/stm32cubeide/plugins/com.st.stm32cube.ide.mcu.externaltools.gnu-tools-for-stm32.9-2020-q2-update.win32_1.5.0.202011040924/tools/bin/../lib/gcc/arm-none-eabi/9.3.1/../../../../arm-none-eabi/lib/thumb/v7-m/nofp\libc_nano.a(lib_a-init.o)
                0x0000000008001618                __libc_init_array
 .text.memset   0x0000000008001660       0x10 d:/stm32cubeide_1.6.0/stm32cubeide/plugins/com.st.stm32cube.ide.mcu.externaltools.gnu-tools-for-stm32.9-2020-q2-update.win32_1.5.0.202011040924/tools/bin/../lib/gcc/arm-none-eabi/9.3.1/../../../../arm-none-eabi/lib/thumb/v7-m/nofp\libc_nano.a(lib_a-memset.o)
                0x0000000008001660                memset
 *(.glue_7)
 .glue_7        0x0000000008001670        0x0 linker stubs
 *(.glue_7t)
 .glue_7t       0x0000000008001670        0x0 linker stubs
 *(.eh_frame)
 .eh_frame      0x0000000008001670        0x0 d:/stm32cubeide_1.6.0/stm32cubeide/plugins/com.st.stm32cube.ide.mcu.externaltools.gnu-tools-for-stm32.9-2020-q2-update.win32_1.5.0.202011040924/tools/bin/../lib/gcc/arm-none-eabi/9.3.1/thumb/v7-m/nofp/crtbegin.o
 *(.init)
 .init          0x0000000008001670        0x4 d:/stm32cubeide_1.6.0/stm32cubeide/plugins/com.st.stm32cube.ide.mcu.externaltools.gnu-tools-for-stm32.9-2020-q2-update.win32_1.5.0.202011040924/tools/bin/../lib/gcc/arm-none-eabi/9.3.1/thumb/v7-m/nofp/crti.o
                0x0000000008001670                _init
 .init          0x0000000008001674        0x8 d:/stm32cubeide_1.6.0/stm32cubeide/plugins/com.st.stm32cube.ide.mcu.externaltools.gnu-tools-for-stm32.9-2020-q2-update.win32_1.5.0.202011040924/tools/bin/../lib/gcc/arm-none-eabi/9.3.1/thumb/v7-m/nofp/crtn.o
 *(.fini)
 .fini          0x000000000800167c        0x4 d:/stm32cubeide_1.6.0/stm32cubeide/plugins/com.st.stm32cube.ide.mcu.externaltools.gnu-tools-for-stm32.9-2020-q2-update.win32_1.5.0.202011040924/tools/bin/../lib/gcc/arm-none-eabi/9.3.1/thumb/v7-m/nofp/crti.o
                0x000000000800167c                _fini
 .fini          0x0000000008001680        0x8 d:/stm32cubeide_1.6.0/stm32cubeide/plugins/com.st.stm32cube.ide.mcu.externaltools.gnu-tools-for-stm32.9-2020-q2-update.win32_1.5.0.202011040924/tools/bin/../lib/gcc/arm-none-eabi/9.3.1/thumb/v7-m/nofp/crtn.o
                0x0000000008001688                . = ALIGN (0x4)
                0x0000000008001688                _etext = .

.vfp11_veneer   0x0000000008001688        0x0
 .vfp11_veneer  0x0000000008001688        0x0 linker stubs

.v4_bx          0x0000000008001688        0x0
 .v4_bx         0x0000000008001688        0x0 linker stubs

.iplt           0x0000000008001688        0x0
 .iplt          0x0000000008001688        0x0 d:/stm32cubeide_1.6.0/stm32cubeide/plugins/com.st.stm32cube.ide.mcu.externaltools.gnu-tools-for-stm32.9-2020-q2-update.win32_1.5.0.202011040924/tools/bin/../lib/gcc/arm-none-eabi/9.3.1/thumb/v7-m/nofp/crtbegin.o

.rodata         0x0000000008001688       0x28
                0x0000000008001688                . = ALIGN (0x4)
 *(.rodata)
 .rodata        0x0000000008001688       0x10 Drivers/STM32F1xx_HAL_Driver/Src/stm32f1xx_hal_rcc.o
 *(.rodata*)
 .rodata.AHBPrescTable
                0x0000000008001698       0x10 Core/Src/system_stm32f1xx.o
                0x0000000008001698                AHBPrescTable
 .rodata.APBPrescTable
                0x00000000080016a8        0x8 Core/Src/system_stm32f1xx.o
                0x00000000080016a8                APBPrescTable
                0x00000000080016b0                . = ALIGN (0x4)

.rel.dyn        0x00000000080016b0        0x0
 .rel.iplt      0x00000000080016b0        0x0 d:/stm32cubeide_1.6.0/stm32cubeide/plugins/com.st.stm32cube.ide.mcu.externaltools.gnu-tools-for-stm32.9-2020-q2-update.win32_1.5.0.202011040924/tools/bin/../lib/gcc/arm-none-eabi/9.3.1/thumb/v7-m/nofp/crtbegin.o

.ARM.extab      0x00000000080016b0        0x0
                0x00000000080016b0                . = ALIGN (0x4)
 *(.ARM.extab* .gnu.linkonce.armextab.*)
                0x00000000080016b0                . = ALIGN (0x4)

.ARM            0x00000000080016b0        0x0
                0x00000000080016b0                . = ALIGN (0x4)
                0x00000000080016b0                __exidx_start = .
 *(.ARM.exidx*)
                0x00000000080016b0                __exidx_end = .
                0x00000000080016b0                . = ALIGN (0x4)

.preinit_array  0x00000000080016b0        0x0
                0x00000000080016b0                . = ALIGN (0x4)
                0x00000000080016b0                PROVIDE (__preinit_array_start = .)
 *(.preinit_array*)
                0x00000000080016b0                PROVIDE (__preinit_array_end = .)
                0x00000000080016b0                . = ALIGN (0x4)

.init_array     0x00000000080016b0        0x4
                0x00000000080016b0                . = ALIGN (0x4)
                0x00000000080016b0                PROVIDE (__init_array_start = .)
 *(SORT_BY_NAME(.init_array.*))
 *(.init_array*)
 .init_array    0x00000000080016b0        0x4 d:/stm32cubeide_1.6.0/stm32cubeide/plugins/com.st.stm32cube.ide.mcu.externaltools.gnu-tools-for-stm32.9-2020-q2-update.win32_1.5.0.202011040924/tools/bin/../lib/gcc/arm-none-eabi/9.3.1/thumb/v7-m/nofp/crtbegin.o
                0x00000000080016b4                PROVIDE (__init_array_end = .)
                0x00000000080016b4                . = ALIGN (0x4)

.fini_array     0x00000000080016b4        0x4
                0x00000000080016b4                . = ALIGN (0x4)
                [!provide]                        PROVIDE (__fini_array_start = .)
 *(SORT_BY_NAME(.fini_array.*))
 *(.fini_array*)
 .fini_array    0x00000000080016b4        0x4 d:/stm32cubeide_1.6.0/stm32cubeide/plugins/com.st.stm32cube.ide.mcu.externaltools.gnu-tools-for-stm32.9-2020-q2-update.win32_1.5.0.202011040924/tools/bin/../lib/gcc/arm-none-eabi/9.3.1/thumb/v7-m/nofp/crtbegin.o
                [!provide]                        PROVIDE (__fini_array_end = .)
                0x00000000080016b8                . = ALIGN (0x4)
                0x00000000080016b8                _sidata = LOADADDR (.data)

.data           0x0000000020000000       0xd4 load address 0x00000000080016b8
                0x0000000020000000                . = ALIGN (0x4)
                0x0000000020000000                _sdata = .
 *(.data)
 *(.data*)
 .data.msg      0x0000000020000000       0x64 Core/Src/main.o
                0x0000000020000000                msg
 .data.msg2     0x0000000020000064       0x64 Core/Src/main.o
                0x0000000020000064                msg2
 .data.SystemCoreClock
                0x00000000200000c8        0x4 Core/Src/system_stm32f1xx.o
                0x00000000200000c8                SystemCoreClock
 .data.uwTickPrio
                0x00000000200000cc        0x4 Drivers/STM32F1xx_HAL_Driver/Src/stm32f1xx_hal.o
                0x00000000200000cc                uwTickPrio
 .data.uwTickFreq
                0x00000000200000d0        0x1 Drivers/STM32F1xx_HAL_Driver/Src/stm32f1xx_hal.o
                0x00000000200000d0                uwTickFreq
 *(.RamFunc)
 *(.RamFunc*)
                0x00000000200000d4                . = ALIGN (0x4)
 *fill*         0x00000000200000d1        0x3 
                0x00000000200000d4                _edata = .

.igot.plt       0x00000000200000d4        0x0 load address 0x000000000800178c
 .igot.plt      0x00000000200000d4        0x0 d:/stm32cubeide_1.6.0/stm32cubeide/plugins/com.st.stm32cube.ide.mcu.externaltools.gnu-tools-for-stm32.9-2020-q2-update.win32_1.5.0.202011040924/tools/bin/../lib/gcc/arm-none-eabi/9.3.1/thumb/v7-m/nofp/crtbegin.o
                0x00000000200000d4                . = ALIGN (0x4)

.bss            0x00000000200000d4       0x64 load address 0x000000000800178c
                0x00000000200000d4                _sbss = .
                0x00000000200000d4                __bss_start__ = _sbss
 *(.bss)
 .bss           0x00000000200000d4       0x1c d:/stm32cubeide_1.6.0/stm32cubeide/plugins/com.st.stm32cube.ide.mcu.externaltools.gnu-tools-for-stm32.9-2020-q2-update.win32_1.5.0.202011040924/tools/bin/../lib/gcc/arm-none-eabi/9.3.1/thumb/v7-m/nofp/crtbegin.o
 *(.bss*)
 *(COMMON)
 COMMON         0x00000000200000f0       0x44 Core/Src/main.o
                0x00000000200000f0                huart1
 COMMON         0x0000000020000134        0x4 Drivers/STM32F1xx_HAL_Driver/Src/stm32f1xx_hal.o
                0x0000000020000134                uwTick
                0x0000000020000138                . = ALIGN (0x4)
                0x0000000020000138                _ebss = .
                0x0000000020000138                __bss_end__ = _ebss

._user_heap_stack
                0x0000000020000138      0x600 load address 0x000000000800178c
                0x0000000020000138                . = ALIGN (0x8)
                [!provide]                        PROVIDE (end = .)
                0x0000000020000138                PROVIDE (_end = .)
                0x0000000020000338                . = (. + _Min_Heap_Size)
 *fill*         0x0000000020000138      0x200 
                0x0000000020000738                . = (. + _Min_Stack_Size)
 *fill*         0x0000000020000338      0x400 
                0x0000000020000738                . = ALIGN (0x8)

/DISCARD/
 libc.a(*)
 libm.a(*)
 libgcc.a(*)

.ARM.attributes
                0x0000000000000000       0x29
 *(.ARM.attributes)
 .ARM.attributes
                0x0000000000000000       0x1d d:/stm32cubeide_1.6.0/stm32cubeide/plugins/com.st.stm32cube.ide.mcu.externaltools.gnu-tools-for-stm32.9-2020-q2-update.win32_1.5.0.202011040924/tools/bin/../lib/gcc/arm-none-eabi/9.3.1/thumb/v7-m/nofp/crti.o
 .ARM.attributes
                0x000000000000001d       0x2d d:/stm32cubeide_1.6.0/stm32cubeide/plugins/com.st.stm32cube.ide.mcu.externaltools.gnu-tools-for-stm32.9-2020-q2-update.win32_1.5.0.202011040924/tools/bin/../lib/gcc/arm-none-eabi/9.3.1/thumb/v7-m/nofp/crtbegin.o
 .ARM.attributes
                0x000000000000004a       0x2d Core/Src/main.o
 .ARM.attributes
                0x0000000000000077       0x2d Core/Src/stm32f1xx_hal_msp.o
 .ARM.attributes
                0x00000000000000a4       0x2d Core/Src/stm32f1xx_it.o
 .ARM.attributes
                0x00000000000000d1       0x2d Core/Src/system_stm32f1xx.o
 .ARM.attributes
                0x00000000000000fe       0x21 Core/Startup/startup_stm32f103c8tx.o
 .ARM.attributes
                0x000000000000011f       0x2d Drivers/STM32F1xx_HAL_Driver/Src/stm32f1xx_hal.o
 .ARM.attributes
                0x000000000000014c       0x2d Drivers/STM32F1xx_HAL_Driver/Src/stm32f1xx_hal_cortex.o
 .ARM.attributes
                0x0000000000000179       0x2d Drivers/STM32F1xx_HAL_Driver/Src/stm32f1xx_hal_gpio.o
 .ARM.attributes
                0x00000000000001a6       0x2d Drivers/STM32F1xx_HAL_Driver/Src/stm32f1xx_hal_rcc.o
 .ARM.attributes
                0x00000000000001d3       0x2d Drivers/STM32F1xx_HAL_Driver/Src/stm32f1xx_hal_uart.o
 .ARM.attributes
                0x0000000000000200       0x2d d:/stm32cubeide_1.6.0/stm32cubeide/plugins/com.st.stm32cube.ide.mcu.externaltools.gnu-tools-for-stm32.9-2020-q2-update.win32_1.5.0.202011040924/tools/bin/../lib/gcc/arm-none-eabi/9.3.1/../../../../arm-none-eabi/lib/thumb/v7-m/nofp\libc_nano.a(lib_a-init.o)
 .ARM.attributes
                0x000000000000022d       0x2d d:/stm32cubeide_1.6.0/stm32cubeide/plugins/com.st.stm32cube.ide.mcu.externaltools.gnu-tools-for-stm32.9-2020-q2-update.win32_1.5.0.202011040924/tools/bin/../lib/gcc/arm-none-eabi/9.3.1/../../../../arm-none-eabi/lib/thumb/v7-m/nofp\libc_nano.a(lib_a-memset.o)
 .ARM.attributes
                0x000000000000025a       0x1d d:/stm32cubeide_1.6.0/stm32cubeide/plugins/com.st.stm32cube.ide.mcu.externaltools.gnu-tools-for-stm32.9-2020-q2-update.win32_1.5.0.202011040924/tools/bin/../lib/gcc/arm-none-eabi/9.3.1/thumb/v7-m/nofp/crtn.o
OUTPUT(UART_HAL.elf elf32-littlearm)
LOAD linker stubs
LOAD d:/stm32cubeide_1.6.0/stm32cubeide/plugins/com.st.stm32cube.ide.mcu.externaltools.gnu-tools-for-stm32.9-2020-q2-update.win32_1.5.0.202011040924/tools/bin/../lib/gcc/arm-none-eabi/9.3.1/../../../../arm-none-eabi/lib/thumb/v7-m/nofp\libc.a
LOAD d:/stm32cubeide_1.6.0/stm32cubeide/plugins/com.st.stm32cube.ide.mcu.externaltools.gnu-tools-for-stm32.9-2020-q2-update.win32_1.5.0.202011040924/tools/bin/../lib/gcc/arm-none-eabi/9.3.1/../../../../arm-none-eabi/lib/thumb/v7-m/nofp\libm.a
LOAD d:/stm32cubeide_1.6.0/stm32cubeide/plugins/com.st.stm32cube.ide.mcu.externaltools.gnu-tools-for-stm32.9-2020-q2-update.win32_1.5.0.202011040924/tools/bin/../lib/gcc/arm-none-eabi/9.3.1/thumb/v7-m/nofp\libgcc.a

.debug_info     0x0000000000000000     0x50d9
 .debug_info    0x0000000000000000      0xa11 Core/Src/main.o
 .debug_info    0x0000000000000a11      0x8d7 Core/Src/stm32f1xx_hal_msp.o
 .debug_info    0x00000000000012e8      0x222 Core/Src/stm32f1xx_it.o
 .debug_info    0x000000000000150a      0x2be Core/Src/system_stm32f1xx.o
 .debug_info    0x00000000000017c8       0x22 Core/Startup/startup_stm32f103c8tx.o
 .debug_info    0x00000000000017ea      0x76a Drivers/STM32F1xx_HAL_Driver/Src/stm32f1xx_hal.o
 .debug_info    0x0000000000001f54      0xbdc Drivers/STM32F1xx_HAL_Driver/Src/stm32f1xx_hal_cortex.o
 .debug_info    0x0000000000002b30      0x701 Drivers/STM32F1xx_HAL_Driver/Src/stm32f1xx_hal_gpio.o
 .debug_info    0x0000000000003231      0x88e Drivers/STM32F1xx_HAL_Driver/Src/stm32f1xx_hal_rcc.o
 .debug_info    0x0000000000003abf     0x161a Drivers/STM32F1xx_HAL_Driver/Src/stm32f1xx_hal_uart.o

.debug_abbrev   0x0000000000000000     0x11f7
 .debug_abbrev  0x0000000000000000      0x233 Core/Src/main.o
 .debug_abbrev  0x0000000000000233      0x1ac Core/Src/stm32f1xx_hal_msp.o
 .debug_abbrev  0x00000000000003df       0xd2 Core/Src/stm32f1xx_it.o
 .debug_abbrev  0x00000000000004b1      0x14e Core/Src/system_stm32f1xx.o
 .debug_abbrev  0x00000000000005ff       0x12 Core/Startup/startup_stm32f103c8tx.o
 .debug_abbrev  0x0000000000000611      0x1ed Drivers/STM32F1xx_HAL_Driver/Src/stm32f1xx_hal.o
 .debug_abbrev  0x00000000000007fe      0x313 Drivers/STM32F1xx_HAL_Driver/Src/stm32f1xx_hal_cortex.o
 .debug_abbrev  0x0000000000000b11      0x1e8 Drivers/STM32F1xx_HAL_Driver/Src/stm32f1xx_hal_gpio.o
 .debug_abbrev  0x0000000000000cf9      0x273 Drivers/STM32F1xx_HAL_Driver/Src/stm32f1xx_hal_rcc.o
 .debug_abbrev  0x0000000000000f6c      0x28b Drivers/STM32F1xx_HAL_Driver/Src/stm32f1xx_hal_uart.o

.debug_aranges  0x0000000000000000      0x5e8
 .debug_aranges
                0x0000000000000000       0x40 Core/Src/main.o
 .debug_aranges
                0x0000000000000040       0x30 Core/Src/stm32f1xx_hal_msp.o
 .debug_aranges
                0x0000000000000070       0x60 Core/Src/stm32f1xx_it.o
 .debug_aranges
                0x00000000000000d0       0x28 Core/Src/system_stm32f1xx.o
 .debug_aranges
                0x00000000000000f8       0x28 Core/Startup/startup_stm32f103c8tx.o
 .debug_aranges
                0x0000000000000120       0xe0 Drivers/STM32F1xx_HAL_Driver/Src/stm32f1xx_hal.o
 .debug_aranges
                0x0000000000000200      0x100 Drivers/STM32F1xx_HAL_Driver/Src/stm32f1xx_hal_cortex.o
 .debug_aranges
                0x0000000000000300       0x58 Drivers/STM32F1xx_HAL_Driver/Src/stm32f1xx_hal_gpio.o
 .debug_aranges
                0x0000000000000358       0x90 Drivers/STM32F1xx_HAL_Driver/Src/stm32f1xx_hal_rcc.o
 .debug_aranges
                0x00000000000003e8      0x200 Drivers/STM32F1xx_HAL_Driver/Src/stm32f1xx_hal_uart.o

.debug_ranges   0x0000000000000000      0x580
 .debug_ranges  0x0000000000000000       0x30 Core/Src/main.o
 .debug_ranges  0x0000000000000030       0x20 Core/Src/stm32f1xx_hal_msp.o
 .debug_ranges  0x0000000000000050       0x50 Core/Src/stm32f1xx_it.o
 .debug_ranges  0x00000000000000a0       0x18 Core/Src/system_stm32f1xx.o
 .debug_ranges  0x00000000000000b8       0x20 Core/Startup/startup_stm32f103c8tx.o
 .debug_ranges  0x00000000000000d8       0xd0 Drivers/STM32F1xx_HAL_Driver/Src/stm32f1xx_hal.o
 .debug_ranges  0x00000000000001a8       0xf0 Drivers/STM32F1xx_HAL_Driver/Src/stm32f1xx_hal_cortex.o
 .debug_ranges  0x0000000000000298       0x48 Drivers/STM32F1xx_HAL_Driver/Src/stm32f1xx_hal_gpio.o
 .debug_ranges  0x00000000000002e0       0x80 Drivers/STM32F1xx_HAL_Driver/Src/stm32f1xx_hal_rcc.o
 .debug_ranges  0x0000000000000360      0x220 Drivers/STM32F1xx_HAL_Driver/Src/stm32f1xx_hal_uart.o

.debug_macro    0x0000000000000000    0x15d5a
 .debug_macro   0x0000000000000000      0x19d Core/Src/main.o
 .debug_macro   0x000000000000019d      0xa9c Core/Src/main.o
 .debug_macro   0x0000000000000c39      0x215 Core/Src/main.o
 .debug_macro   0x0000000000000e4e       0x2e Core/Src/main.o
 .debug_macro   0x0000000000000e7c       0x22 Core/Src/main.o
 .debug_macro   0x0000000000000e9e       0x22 Core/Src/main.o
 .debug_macro   0x0000000000000ec0       0x8e Core/Src/main.o
 .debug_macro   0x0000000000000f4e       0x51 Core/Src/main.o
 .debug_macro   0x0000000000000f9f      0x103 Core/Src/main.o
 .debug_macro   0x00000000000010a2       0x6a Core/Src/main.o
 .debug_macro   0x000000000000110c      0x1df Core/Src/main.o
 .debug_macro   0x00000000000012eb       0x1c Core/Src/main.o
 .debug_macro   0x0000000000001307       0x22 Core/Src/main.o
 .debug_macro   0x0000000000001329       0xc3 Core/Src/main.o
 .debug_macro   0x00000000000013ec      0xd23 Core/Src/main.o
 .debug_macro   0x000000000000210f     0xe09e Core/Src/main.o
 .debug_macro   0x00000000000101ad       0x6d Core/Src/main.o
 .debug_macro   0x000000000001021a     0x3468 Core/Src/main.o
 .debug_macro   0x0000000000013682      0x174 Core/Src/main.o
 .debug_macro   0x00000000000137f6       0x5c Core/Src/main.o
 .debug_macro   0x0000000000013852      0x5be Core/Src/main.o
 .debug_macro   0x0000000000013e10      0x289 Core/Src/main.o
 .debug_macro   0x0000000000014099      0x1cb Core/Src/main.o
 .debug_macro   0x0000000000014264      0x114 Core/Src/main.o
 .debug_macro   0x0000000000014378      0x1b2 Core/Src/main.o
 .debug_macro   0x000000000001452a       0x27 Core/Src/main.o
 .debug_macro   0x0000000000014551      0x136 Core/Src/main.o
 .debug_macro   0x0000000000014687      0x1bc Core/Src/main.o
 .debug_macro   0x0000000000014843       0x34 Core/Src/main.o
 .debug_macro   0x0000000000014877       0x3c Core/Src/main.o
 .debug_macro   0x00000000000148b3       0x57 Core/Src/main.o
 .debug_macro   0x000000000001490a       0x88 Core/Src/main.o
 .debug_macro   0x0000000000014992      0x241 Core/Src/main.o
 .debug_macro   0x0000000000014bd3      0x141 Core/Src/main.o
 .debug_macro   0x0000000000014d14      0x279 Core/Src/main.o
 .debug_macro   0x0000000000014f8d       0x83 Core/Src/main.o
 .debug_macro   0x0000000000015010       0x10 Core/Src/main.o
 .debug_macro   0x0000000000015020      0x19d Core/Src/stm32f1xx_hal_msp.o
 .debug_macro   0x00000000000151bd      0x1a7 Core/Src/stm32f1xx_it.o
 .debug_macro   0x0000000000015364      0x18e Core/Src/system_stm32f1xx.o
 .debug_macro   0x00000000000154f2      0x1b2 Drivers/STM32F1xx_HAL_Driver/Src/stm32f1xx_hal.o
 .debug_macro   0x00000000000156a4      0x18e Drivers/STM32F1xx_HAL_Driver/Src/stm32f1xx_hal_cortex.o
 .debug_macro   0x0000000000015832      0x1f9 Drivers/STM32F1xx_HAL_Driver/Src/stm32f1xx_hal_gpio.o
 .debug_macro   0x0000000000015a2b      0x1a0 Drivers/STM32F1xx_HAL_Driver/Src/stm32f1xx_hal_rcc.o
 .debug_macro   0x0000000000015bcb      0x18f Drivers/STM32F1xx_HAL_Driver/Src/stm32f1xx_hal_uart.o

.debug_line     0x0000000000000000     0x5fed
 .debug_line    0x0000000000000000      0x713 Core/Src/main.o
 .debug_line    0x0000000000000713      0x694 Core/Src/stm32f1xx_hal_msp.o
 .debug_line    0x0000000000000da7      0x702 Core/Src/stm32f1xx_it.o
 .debug_line    0x00000000000014a9      0x6be Core/Src/system_stm32f1xx.o
 .debug_line    0x0000000000001b67       0x87 Core/Startup/startup_stm32f103c8tx.o
 .debug_line    0x0000000000001bee      0x8eb Drivers/STM32F1xx_HAL_Driver/Src/stm32f1xx_hal.o
 .debug_line    0x00000000000024d9      0xad3 Drivers/STM32F1xx_HAL_Driver/Src/stm32f1xx_hal_cortex.o
 .debug_line    0x0000000000002fac      0x982 Drivers/STM32F1xx_HAL_Driver/Src/stm32f1xx_hal_gpio.o
 .debug_line    0x000000000000392e      0xcf9 Drivers/STM32F1xx_HAL_Driver/Src/stm32f1xx_hal_rcc.o
 .debug_line    0x0000000000004627     0x19c6 Drivers/STM32F1xx_HAL_Driver/Src/stm32f1xx_hal_uart.o

.debug_str      0x0000000000000000    0x7dfcc
 .debug_str     0x0000000000000000    0x7ca2a Core/Src/main.o
                                      0x7cda4 (size before relaxing)
 .debug_str     0x000000000007ca2a       0x84 Core/Src/stm32f1xx_hal_msp.o
                                      0x7cc62 (size before relaxing)
 .debug_str     0x000000000007caae       0xbd Core/Src/stm32f1xx_it.o
                                      0x7c852 (size before relaxing)
 .debug_str     0x000000000007cb6b       0x52 Core/Src/system_stm32f1xx.o
                                      0x7c7fa (size before relaxing)
 .debug_str     0x000000000007cbbd       0x36 Core/Startup/startup_stm32f103c8tx.o
                                         0x57 (size before relaxing)
 .debug_str     0x000000000007cbf3      0x568 Drivers/STM32F1xx_HAL_Driver/Src/stm32f1xx_hal.o
                                      0x7ce8b (size before relaxing)
 .debug_str     0x000000000007d15b      0x300 Drivers/STM32F1xx_HAL_Driver/Src/stm32f1xx_hal_cortex.o
                                      0x7ce93 (size before relaxing)
 .debug_str     0x000000000007d45b      0x324 Drivers/STM32F1xx_HAL_Driver/Src/stm32f1xx_hal_gpio.o
                                      0x7cbbe (size before relaxing)
 .debug_str     0x000000000007d77f      0x24f Drivers/STM32F1xx_HAL_Driver/Src/stm32f1xx_hal_rcc.o
                                      0x7cbf7 (size before relaxing)
 .debug_str     0x000000000007d9ce      0x5fe Drivers/STM32F1xx_HAL_Driver/Src/stm32f1xx_hal_uart.o
                                      0x7d1e9 (size before relaxing)

.comment        0x0000000000000000       0x53
 .comment       0x0000000000000000       0x53 Core/Src/main.o
                                         0x54 (size before relaxing)
 .comment       0x0000000000000053       0x54 Core/Src/stm32f1xx_hal_msp.o
 .comment       0x0000000000000053       0x54 Core/Src/stm32f1xx_it.o
 .comment       0x0000000000000053       0x54 Core/Src/system_stm32f1xx.o
 .comment       0x0000000000000053       0x54 Drivers/STM32F1xx_HAL_Driver/Src/stm32f1xx_hal.o
 .comment       0x0000000000000053       0x54 Drivers/STM32F1xx_HAL_Driver/Src/stm32f1xx_hal_cortex.o
 .comment       0x0000000000000053       0x54 Drivers/STM32F1xx_HAL_Driver/Src/stm32f1xx_hal_gpio.o
 .comment       0x0000000000000053       0x54 Drivers/STM32F1xx_HAL_Driver/Src/stm32f1xx_hal_rcc.o
 .comment       0x0000000000000053       0x54 Drivers/STM32F1xx_HAL_Driver/Src/stm32f1xx_hal_uart.o

.debug_frame    0x0000000000000000     0x16a8
 .debug_frame   0x0000000000000000       0xa8 Core/Src/main.o
 .debug_frame   0x00000000000000a8       0x80 Core/Src/stm32f1xx_hal_msp.o
 .debug_frame   0x0000000000000128      0x104 Core/Src/stm32f1xx_it.o
 .debug_frame   0x000000000000022c       0x58 Core/Src/system_stm32f1xx.o
 .debug_frame   0x0000000000000284      0x334 Drivers/STM32F1xx_HAL_Driver/Src/stm32f1xx_hal.o
 .debug_frame   0x00000000000005b8      0x428 Drivers/STM32F1xx_HAL_Driver/Src/stm32f1xx_hal_cortex.o
 .debug_frame   0x00000000000009e0      0x14c Drivers/STM32F1xx_HAL_Driver/Src/stm32f1xx_hal_gpio.o
 .debug_frame   0x0000000000000b2c      0x21c Drivers/STM32F1xx_HAL_Driver/Src/stm32f1xx_hal_rcc.o
 .debug_frame   0x0000000000000d48      0x914 Drivers/STM32F1xx_HAL_Driver/Src/stm32f1xx_hal_uart.o
 .debug_frame   0x000000000000165c       0x2c d:/stm32cubeide_1.6.0/stm32cubeide/plugins/com.st.stm32cube.ide.mcu.externaltools.gnu-tools-for-stm32.9-2020-q2-update.win32_1.5.0.202011040924/tools/bin/../lib/gcc/arm-none-eabi/9.3.1/../../../../arm-none-eabi/lib/thumb/v7-m/nofp\libc_nano.a(lib_a-init.o)
 .debug_frame   0x0000000000001688       0x20 d:/stm32cubeide_1.6.0/stm32cubeide/plugins/com.st.stm32cube.ide.mcu.externaltools.gnu-tools-for-stm32.9-2020-q2-update.win32_1.5.0.202011040924/tools/bin/../lib/gcc/arm-none-eabi/9.3.1/../../../../arm-none-eabi/lib/thumb/v7-m/nofp\libc_nano.a(lib_a-memset.o)
