Archive member included to satisfy reference by file (symbol)

d:/stm32cubeide_1.6.0/stm32cubeide/plugins/com.st.stm32cube.ide.mcu.externaltools.gnu-tools-for-stm32.9-2020-q2-update.win32_2.0.0.202105311346/tools/bin/../lib/gcc/arm-none-eabi/9.3.1/../../../../arm-none-eabi/lib/thumb/v7-m/nofp\libc_nano.a(lib_a-errno.o)
                              ./Core/Src/syscalls.o (__errno)
d:/stm32cubeide_1.6.0/stm32cubeide/plugins/com.st.stm32cube.ide.mcu.externaltools.gnu-tools-for-stm32.9-2020-q2-update.win32_2.0.0.202105311346/tools/bin/../lib/gcc/arm-none-eabi/9.3.1/../../../../arm-none-eabi/lib/thumb/v7-m/nofp\libc_nano.a(lib_a-exit.o)
                              d:/stm32cubeide_1.6.0/stm32cubeide/plugins/com.st.stm32cube.ide.mcu.externaltools.gnu-tools-for-stm32.9-2020-q2-update.win32_2.0.0.202105311346/tools/bin/../lib/gcc/arm-none-eabi/9.3.1/../../../../arm-none-eabi/lib/thumb/v7-m/nofp/crt0.o (exit)
d:/stm32cubeide_1.6.0/stm32cubeide/plugins/com.st.stm32cube.ide.mcu.externaltools.gnu-tools-for-stm32.9-2020-q2-update.win32_2.0.0.202105311346/tools/bin/../lib/gcc/arm-none-eabi/9.3.1/../../../../arm-none-eabi/lib/thumb/v7-m/nofp\libc_nano.a(lib_a-impure.o)
                              d:/stm32cubeide_1.6.0/stm32cubeide/plugins/com.st.stm32cube.ide.mcu.externaltools.gnu-tools-for-stm32.9-2020-q2-update.win32_2.0.0.202105311346/tools/bin/../lib/gcc/arm-none-eabi/9.3.1/../../../../arm-none-eabi/lib/thumb/v7-m/nofp\libc_nano.a(lib_a-exit.o) (_global_impure_ptr)
d:/stm32cubeide_1.6.0/stm32cubeide/plugins/com.st.stm32cube.ide.mcu.externaltools.gnu-tools-for-stm32.9-2020-q2-update.win32_2.0.0.202105311346/tools/bin/../lib/gcc/arm-none-eabi/9.3.1/../../../../arm-none-eabi/lib/thumb/v7-m/nofp\libc_nano.a(lib_a-init.o)
                              d:/stm32cubeide_1.6.0/stm32cubeide/plugins/com.st.stm32cube.ide.mcu.externaltools.gnu-tools-for-stm32.9-2020-q2-update.win32_2.0.0.202105311346/tools/bin/../lib/gcc/arm-none-eabi/9.3.1/../../../../arm-none-eabi/lib/thumb/v7-m/nofp/crt0.o (__libc_init_array)
d:/stm32cubeide_1.6.0/stm32cubeide/plugins/com.st.stm32cube.ide.mcu.externaltools.gnu-tools-for-stm32.9-2020-q2-update.win32_2.0.0.202105311346/tools/bin/../lib/gcc/arm-none-eabi/9.3.1/../../../../arm-none-eabi/lib/thumb/v7-m/nofp\libc_nano.a(lib_a-memset.o)
                              d:/stm32cubeide_1.6.0/stm32cubeide/plugins/com.st.stm32cube.ide.mcu.externaltools.gnu-tools-for-stm32.9-2020-q2-update.win32_2.0.0.202105311346/tools/bin/../lib/gcc/arm-none-eabi/9.3.1/../../../../arm-none-eabi/lib/thumb/v7-m/nofp/crt0.o (memset)

Allocating common symbols
Common symbol       size              file

hUsbDeviceFS        0x2c4             ./USB_DEVICE/App/usb_device.o
uwTick              0x4               ./Drivers/STM32F1xx_HAL_Driver/Src/stm32f1xx_hal.o
pFlash              0x20              ./Drivers/STM32F1xx_HAL_Driver/Src/stm32f1xx_hal_flash.o
hpcd_USB_FS         0x2ec             ./USB_DEVICE/Target/usbd_conf.o
USBD_StrDesc        0x200             ./USB_DEVICE/App/usbd_desc.o
mouseBuffer         0xa               ./Core/Src/main.o

Discarded input sections

 .text          0x0000000000000000        0x0 d:/stm32cubeide_1.6.0/stm32cubeide/plugins/com.st.stm32cube.ide.mcu.externaltools.gnu-tools-for-stm32.9-2020-q2-update.win32_2.0.0.202105311346/tools/bin/../lib/gcc/arm-none-eabi/9.3.1/thumb/v7-m/nofp/crti.o
 .data          0x0000000000000000        0x0 d:/stm32cubeide_1.6.0/stm32cubeide/plugins/com.st.stm32cube.ide.mcu.externaltools.gnu-tools-for-stm32.9-2020-q2-update.win32_2.0.0.202105311346/tools/bin/../lib/gcc/arm-none-eabi/9.3.1/thumb/v7-m/nofp/crti.o
 .bss           0x0000000000000000        0x0 d:/stm32cubeide_1.6.0/stm32cubeide/plugins/com.st.stm32cube.ide.mcu.externaltools.gnu-tools-for-stm32.9-2020-q2-update.win32_2.0.0.202105311346/tools/bin/../lib/gcc/arm-none-eabi/9.3.1/thumb/v7-m/nofp/crti.o
 .data          0x0000000000000000        0x4 d:/stm32cubeide_1.6.0/stm32cubeide/plugins/com.st.stm32cube.ide.mcu.externaltools.gnu-tools-for-stm32.9-2020-q2-update.win32_2.0.0.202105311346/tools/bin/../lib/gcc/arm-none-eabi/9.3.1/thumb/v7-m/nofp/crtbegin.o
 .text          0x0000000000000000       0x7c d:/stm32cubeide_1.6.0/stm32cubeide/plugins/com.st.stm32cube.ide.mcu.externaltools.gnu-tools-for-stm32.9-2020-q2-update.win32_2.0.0.202105311346/tools/bin/../lib/gcc/arm-none-eabi/9.3.1/../../../../arm-none-eabi/lib/thumb/v7-m/nofp/crt0.o
 .data          0x0000000000000000        0x0 d:/stm32cubeide_1.6.0/stm32cubeide/plugins/com.st.stm32cube.ide.mcu.externaltools.gnu-tools-for-stm32.9-2020-q2-update.win32_2.0.0.202105311346/tools/bin/../lib/gcc/arm-none-eabi/9.3.1/../../../../arm-none-eabi/lib/thumb/v7-m/nofp/crt0.o
 .bss           0x0000000000000000        0x0 d:/stm32cubeide_1.6.0/stm32cubeide/plugins/com.st.stm32cube.ide.mcu.externaltools.gnu-tools-for-stm32.9-2020-q2-update.win32_2.0.0.202105311346/tools/bin/../lib/gcc/arm-none-eabi/9.3.1/../../../../arm-none-eabi/lib/thumb/v7-m/nofp/crt0.o
[...]
Memory Configuration

Name             Origin             Length             Attributes
RAM              0x0000000020000000 0x0000000000005000 xrw
FLASH            0x0000000008000000 0x0000000000010000 xr
*default*        0x0000000000000000 0xffffffffffffffff

Linker script and memory map

LOAD d:/stm32cubeide_1.6.0/stm32cubeide/plugins/com.st.stm32cube.ide.mcu.externaltools.gnu-tools-for-stm32.9-2020-q2-update.win32_2.0.0.202105311346/tools/bin/../lib/gcc/arm-none-eabi/9.3.1/thumb/v7-m/nofp/crti.o
LOAD d:/stm32cubeide_1.6.0/stm32cubeide/plugins/com.st.stm32cube.ide.mcu.externaltools.gnu-tools-for-stm32.9-2020-q2-update.win32_2.0.0.202105311346/tools/bin/../lib/gcc/arm-none-eabi/9.3.1/thumb/v7-m/nofp/crtbegin.o
LOAD d:/stm32cubeide_1.6.0/stm32cubeide/plugins/com.st.stm32cube.ide.mcu.externaltools.gnu-tools-for-stm32.9-2020-q2-update.win32_2.0.0.202105311346/tools/bin/../lib/gcc/arm-none-eabi/9.3.1/../../../../arm-none-eabi/lib/thumb/v7-m/nofp/crt0.o
LOAD ./Core/Src/main.o
LOAD ./Core/Src/stm32f1xx_hal_msp.o
LOAD ./Core/Src/stm32f1xx_it.o
LOAD ./Core/Src/syscalls.o
LOAD ./Core/Src/sysmem.o
LOAD ./Core/Src/system_stm32f1xx.o
LOAD ./Core/Startup/startup_stm32f103c8tx.o
LOAD ./Drivers/STM32F1xx_HAL_Driver/Src/stm32f1xx_hal.o
LOAD ./Drivers/STM32F1xx_HAL_Driver/Src/stm32f1xx_hal_cortex.o
LOAD ./Drivers/STM32F1xx_HAL_Driver/Src/stm32f1xx_hal_dma.o
LOAD ./Drivers/STM32F1xx_HAL_Driver/Src/stm32f1xx_hal_exti.o
LOAD ./Drivers/STM32F1xx_HAL_Driver/Src/stm32f1xx_hal_flash.o
LOAD ./Drivers/STM32F1xx_HAL_Driver/Src/stm32f1xx_hal_flash_ex.o
LOAD ./Drivers/STM32F1xx_HAL_Driver/Src/stm32f1xx_hal_gpio.o
LOAD ./Drivers/STM32F1xx_HAL_Driver/Src/stm32f1xx_hal_gpio_ex.o
LOAD ./Drivers/STM32F1xx_HAL_Driver/Src/stm32f1xx_hal_pcd.o
LOAD ./Drivers/STM32F1xx_HAL_Driver/Src/stm32f1xx_hal_pcd_ex.o
LOAD ./Drivers/STM32F1xx_HAL_Driver/Src/stm32f1xx_hal_pwr.o
LOAD ./Drivers/STM32F1xx_HAL_Driver/Src/stm32f1xx_hal_rcc.o
LOAD ./Drivers/STM32F1xx_HAL_Driver/Src/stm32f1xx_hal_rcc_ex.o
LOAD ./Drivers/STM32F1xx_HAL_Driver/Src/stm32f1xx_hal_tim.o
LOAD ./Drivers/STM32F1xx_HAL_Driver/Src/stm32f1xx_hal_tim_ex.o
LOAD ./Drivers/STM32F1xx_HAL_Driver/Src/stm32f1xx_ll_usb.o
LOAD ./Middlewares/ST/STM32_USB_Device_Library/Class/HID/Src/usbd_hid.o
LOAD ./Middlewares/ST/STM32_USB_Device_Library/Core/Src/usbd_core.o
LOAD ./Middlewares/ST/STM32_USB_Device_Library/Core/Src/usbd_ctlreq.o
LOAD ./Middlewares/ST/STM32_USB_Device_Library/Core/Src/usbd_ioreq.o
LOAD ./USB_DEVICE/App/usb_device.o
LOAD ./USB_DEVICE/App/usbd_desc.o
LOAD ./USB_DEVICE/Target/usbd_conf.o
START GROUP
LOAD d:/stm32cubeide_1.6.0/stm32cubeide/plugins/com.st.stm32cube.ide.mcu.externaltools.gnu-tools-for-stm32.9-2020-q2-update.win32_2.0.0.202105311346/tools/bin/../lib/gcc/arm-none-eabi/9.3.1/../../../../arm-none-eabi/lib/thumb/v7-m/nofp\libc_nano.a
LOAD d:/stm32cubeide_1.6.0/stm32cubeide/plugins/com.st.stm32cube.ide.mcu.externaltools.gnu-tools-for-stm32.9-2020-q2-update.win32_2.0.0.202105311346/tools/bin/../lib/gcc/arm-none-eabi/9.3.1/../../../../arm-none-eabi/lib/thumb/v7-m/nofp\libm.a
END GROUP
START GROUP
LOAD d:/stm32cubeide_1.6.0/stm32cubeide/plugins/com.st.stm32cube.ide.mcu.externaltools.gnu-tools-for-stm32.9-2020-q2-update.win32_2.0.0.202105311346/tools/bin/../lib/gcc/arm-none-eabi/9.3.1/thumb/v7-m/nofp\libgcc.a
LOAD d:/stm32cubeide_1.6.0/stm32cubeide/plugins/com.st.stm32cube.ide.mcu.externaltools.gnu-tools-for-stm32.9-2020-q2-update.win32_2.0.0.202105311346/tools/bin/../lib/gcc/arm-none-eabi/9.3.1/../../../../arm-none-eabi/lib/thumb/v7-m/nofp\libc_nano.a
END GROUP
START GROUP
LOAD d:/stm32cubeide_1.6.0/stm32cubeide/plugins/com.st.stm32cube.ide.mcu.externaltools.gnu-tools-for-stm32.9-2020-q2-update.win32_2.0.0.202105311346/tools/bin/../lib/gcc/arm-none-eabi/9.3.1/thumb/v7-m/nofp\libgcc.a
LOAD d:/stm32cubeide_1.6.0/stm32cubeide/plugins/com.st.stm32cube.ide.mcu.externaltools.gnu-tools-for-stm32.9-2020-q2-update.win32_2.0.0.202105311346/tools/bin/../lib/gcc/arm-none-eabi/9.3.1/../../../../arm-none-eabi/lib/thumb/v7-m/nofp\libc_nano.a
LOAD d:/stm32cubeide_1.6.0/stm32cubeide/plugins/com.st.stm32cube.ide.mcu.externaltools.gnu-tools-for-stm32.9-2020-q2-update.win32_2.0.0.202105311346/tools/bin/../lib/gcc/arm-none-eabi/9.3.1/../../../../arm-none-eabi/lib/thumb/v7-m/nofp\libnosys.a
END GROUP
START GROUP
LOAD d:/stm32cubeide_1.6.0/stm32cubeide/plugins/com.st.stm32cube.ide.mcu.externaltools.gnu-tools-for-stm32.9-2020-q2-update.win32_2.0.0.202105311346/tools/bin/../lib/gcc/arm-none-eabi/9.3.1/thumb/v7-m/nofp\libgcc.a
LOAD d:/stm32cubeide_1.6.0/stm32cubeide/plugins/com.st.stm32cube.ide.mcu.externaltools.gnu-tools-for-stm32.9-2020-q2-update.win32_2.0.0.202105311346/tools/bin/../lib/gcc/arm-none-eabi/9.3.1/../../../../arm-none-eabi/lib/thumb/v7-m/nofp\libc_nano.a
LOAD d:/stm32cubeide_1.6.0/stm32cubeide/plugins/com.st.stm32cube.ide.mcu.externaltools.gnu-tools-for-stm32.9-2020-q2-update.win32_2.0.0.202105311346/tools/bin/../lib/gcc/arm-none-eabi/9.3.1/../../../../arm-none-eabi/lib/thumb/v7-m/nofp\libnosys.a
END GROUP
LOAD d:/stm32cubeide_1.6.0/stm32cubeide/plugins/com.st.stm32cube.ide.mcu.externaltools.gnu-tools-for-stm32.9-2020-q2-update.win32_2.0.0.202105311346/tools/bin/../lib/gcc/arm-none-eabi/9.3.1/thumb/v7-m/nofp/crtend.o
LOAD d:/stm32cubeide_1.6.0/stm32cubeide/plugins/com.st.stm32cube.ide.mcu.externaltools.gnu-tools-for-stm32.9-2020-q2-update.win32_2.0.0.202105311346/tools/bin/../lib/gcc/arm-none-eabi/9.3.1/thumb/v7-m/nofp/crtn.o
                0x0000000020005000                _estack = (ORIGIN (RAM) + LENGTH (RAM))
                0x0000000000000200                _Min_Heap_Size = 0x200
                0x0000000000000400                _Min_Stack_Size = 0x400

.isr_vector     0x0000000008000000      0x10c
                0x0000000008000000                . = ALIGN (0x4)
 *(.isr_vector)
 .isr_vector    0x0000000008000000      0x10c ./Core/Startup/startup_stm32f103c8tx.o
                0x0000000008000000                g_pfnVectors
                0x000000000800010c                . = ALIGN (0x4)

.text           0x000000000800010c     0x6d64
                0x000000000800010c                . = ALIGN (0x4)
 *(.text)
 .text          0x000000000800010c       0x40 d:/stm32cubeide_1.6.0/stm32cubeide/plugins/com.st.stm32cube.ide.mcu.externaltools.gnu-tools-for-stm32.9-2020-q2-update.win32_2.0.0.202105311346/tools/bin/../lib/gcc/arm-none-eabi/9.3.1/thumb/v7-m/nofp/crtbegin.o
 *(.text*)
 .text.main     0x000000000800014c       0x5c ./Core/Src/main.o
                0x000000000800014c                main
 .text.SystemClock_Config
                0x00000000080001a8       0xb4 ./Core/Src/main.o
                0x00000000080001a8                SystemClock_Config
 .text.MX_GPIO_Init
                0x000000000800025c       0x88 ./Core/Src/main.o
 .text.Error_Handler
                0x00000000080002e4        0xa ./Core/Src/main.o
                0x00000000080002e4                Error_Handler
 *fill*         0x00000000080002ee        0x2 
 .text.HAL_MspInit
                0x00000000080002f0       0x64 ./Core/Src/stm32f1xx_hal_msp.o
                0x00000000080002f0                HAL_MspInit
 .text.NMI_Handler
                0x0000000008000354        0x6 ./Core/Src/stm32f1xx_it.o
                0x0000000008000354                NMI_Handler
 .text.HardFault_Handler
                0x000000000800035a        0x6 ./Core/Src/stm32f1xx_it.o
                0x000000000800035a                HardFault_Handler
 .text.MemManage_Handler
                0x0000000008000360        0x6 ./Core/Src/stm32f1xx_it.o
                0x0000000008000360                MemManage_Handler
 .text.BusFault_Handler
                0x0000000008000366        0x6 ./Core/Src/stm32f1xx_it.o
                0x0000000008000366                BusFault_Handler
 .text.UsageFault_Handler
                0x000000000800036c        0x6 ./Core/Src/stm32f1xx_it.o
                0x000000000800036c                UsageFault_Handler
 .text.SVC_Handler
                0x0000000008000372        0xc ./Core/Src/stm32f1xx_it.o
                0x0000000008000372                SVC_Handler
 .text.DebugMon_Handler
                0x000000000800037e        0xc ./Core/Src/stm32f1xx_it.o
                0x000000000800037e                DebugMon_Handler
 .text.PendSV_Handler
                0x000000000800038a        0xc ./Core/Src/stm32f1xx_it.o
                0x000000000800038a                PendSV_Handler
 .text.SysTick_Handler
                0x0000000008000396        0xc ./Core/Src/stm32f1xx_it.o
                0x0000000008000396                SysTick_Handler
 *fill*         0x00000000080003a2        0x2 
 .text.USB_LP_CAN1_RX0_IRQHandler
                0x00000000080003a4       0x14 ./Core/Src/stm32f1xx_it.o
                0x00000000080003a4                USB_LP_CAN1_RX0_IRQHandler
 .text.SystemInit
                0x00000000080003b8        0xc ./Core/Src/system_stm32f1xx.o
                0x00000000080003b8                SystemInit
 .text.Reset_Handler
                0x00000000080003c4       0x48 ./Core/Startup/startup_stm32f103c8tx.o
                0x00000000080003c4                Reset_Handler
 .text.Default_Handler
                0x000000000800040c        0x2 ./Core/Startup/startup_stm32f103c8tx.o
                0x000000000800040c                RTC_Alarm_IRQHandler
                0x000000000800040c                EXTI2_IRQHandler
                0x000000000800040c                TIM1_CC_IRQHandler
                0x000000000800040c                PVD_IRQHandler
                0x000000000800040c                EXTI3_IRQHandler
                0x000000000800040c                EXTI0_IRQHandler
                0x000000000800040c                I2C2_EV_IRQHandler
                0x000000000800040c                ADC1_2_IRQHandler
                0x000000000800040c                SPI1_IRQHandler
                0x000000000800040c                TAMPER_IRQHandler
                0x000000000800040c                DMA1_Channel4_IRQHandler
                0x000000000800040c                USART3_IRQHandler
                0x000000000800040c                RTC_IRQHandler
                0x000000000800040c                DMA1_Channel7_IRQHandler
                0x000000000800040c                CAN1_RX1_IRQHandler
                0x000000000800040c                TIM4_IRQHandler
                0x000000000800040c                I2C1_EV_IRQHandler
                0x000000000800040c                DMA1_Channel6_IRQHandler
                0x000000000800040c                TIM3_IRQHandler
                0x000000000800040c                RCC_IRQHandler
                0x000000000800040c                TIM1_TRG_COM_IRQHandler
                0x000000000800040c                DMA1_Channel1_IRQHandler
                0x000000000800040c                Default_Handler
                0x000000000800040c                EXTI15_10_IRQHandler
                0x000000000800040c                EXTI9_5_IRQHandler
                0x000000000800040c                SPI2_IRQHandler
                0x000000000800040c                DMA1_Channel5_IRQHandler
                0x000000000800040c                EXTI4_IRQHandler
                0x000000000800040c                USB_HP_CAN1_TX_IRQHandler
                0x000000000800040c                DMA1_Channel3_IRQHandler
                0x000000000800040c                TIM1_UP_IRQHandler
                0x000000000800040c                WWDG_IRQHandler
                0x000000000800040c                TIM2_IRQHandler
                0x000000000800040c                TIM1_BRK_IRQHandler
                0x000000000800040c                EXTI1_IRQHandler
                0x000000000800040c                USART2_IRQHandler
                0x000000000800040c                I2C2_ER_IRQHandler
                0x000000000800040c                DMA1_Channel2_IRQHandler
                0x000000000800040c                CAN1_SCE_IRQHandler
                0x000000000800040c                FLASH_IRQHandler
                0x000000000800040c                USART1_IRQHandler
                0x000000000800040c                I2C1_ER_IRQHandler
                0x000000000800040c                USBWakeUp_IRQHandler
 *fill*         0x000000000800040e        0x2 
 .text.HAL_Init
                0x0000000008000410       0x2c ./Drivers/STM32F1xx_HAL_Driver/Src/stm32f1xx_hal.o
                0x0000000008000410                HAL_Init
 .text.HAL_InitTick
                0x000000000800043c       0x60 ./Drivers/STM32F1xx_HAL_Driver/Src/stm32f1xx_hal.o
                0x000000000800043c                HAL_InitTick
 .text.HAL_IncTick
                0x000000000800049c       0x24 ./Drivers/STM32F1xx_HAL_Driver/Src/stm32f1xx_hal.o
                0x000000000800049c                HAL_IncTick
 .text.HAL_GetTick
                0x00000000080004c0       0x14 ./Drivers/STM32F1xx_HAL_Driver/Src/stm32f1xx_hal.o
                0x00000000080004c0                HAL_GetTick
 .text.HAL_Delay
                0x00000000080004d4       0x48 ./Drivers/STM32F1xx_HAL_Driver/Src/stm32f1xx_hal.o
                0x00000000080004d4                HAL_Delay
 .text.__NVIC_SetPriorityGrouping
                0x000000000800051c       0x48 ./Drivers/STM32F1xx_HAL_Driver/Src/stm32f1xx_hal_cortex.o
 .text.__NVIC_GetPriorityGrouping
                0x0000000008000564       0x1c ./Drivers/STM32F1xx_HAL_Driver/Src/stm32f1xx_hal_cortex.o
 .text.__NVIC_EnableIRQ
                0x0000000008000580       0x38 ./Drivers/STM32F1xx_HAL_Driver/Src/stm32f1xx_hal_cortex.o
 .text.__NVIC_SetPriority
                0x00000000080005b8       0x54 ./Drivers/STM32F1xx_HAL_Driver/Src/stm32f1xx_hal_cortex.o
 .text.NVIC_EncodePriority
                0x000000000800060c       0x64 ./Drivers/STM32F1xx_HAL_Driver/Src/stm32f1xx_hal_cortex.o
 .text.SysTick_Config
                0x0000000008000670       0x44 ./Drivers/STM32F1xx_HAL_Driver/Src/stm32f1xx_hal_cortex.o
 .text.HAL_NVIC_SetPriorityGrouping
                0x00000000080006b4       0x16 ./Drivers/STM32F1xx_HAL_Driver/Src/stm32f1xx_hal_cortex.o
                0x00000000080006b4                HAL_NVIC_SetPriorityGrouping
 .text.HAL_NVIC_SetPriority
                0x00000000080006ca       0x38 ./Drivers/STM32F1xx_HAL_Driver/Src/stm32f1xx_hal_cortex.o
                0x00000000080006ca                HAL_NVIC_SetPriority
 .text.HAL_NVIC_EnableIRQ
                0x0000000008000702       0x1c ./Drivers/STM32F1xx_HAL_Driver/Src/stm32f1xx_hal_cortex.o
                0x0000000008000702                HAL_NVIC_EnableIRQ
 .text.HAL_SYSTICK_Config
                0x000000000800071e       0x18 ./Drivers/STM32F1xx_HAL_Driver/Src/stm32f1xx_hal_cortex.o
                0x000000000800071e                HAL_SYSTICK_Config
 *fill*         0x0000000008000736        0x2 
 .text.HAL_GPIO_Init
                0x0000000008000738      0x308 ./Drivers/STM32F1xx_HAL_Driver/Src/stm32f1xx_hal_gpio.o
                0x0000000008000738                HAL_GPIO_Init
 .text.HAL_GPIO_ReadPin
                0x0000000008000a40       0x2e ./Drivers/STM32F1xx_HAL_Driver/Src/stm32f1xx_hal_gpio.o
                0x0000000008000a40                HAL_GPIO_ReadPin
 .text.HAL_PCD_Init
                0x0000000008000a6e      0x216 ./Drivers/STM32F1xx_HAL_Driver/Src/stm32f1xx_hal_pcd.o
                0x0000000008000a6e                HAL_PCD_Init
 .text.HAL_PCD_Start
                0x0000000008000c84       0x4c ./Drivers/STM32F1xx_HAL_Driver/Src/stm32f1xx_hal_pcd.o
                0x0000000008000c84                HAL_PCD_Start
 .text.HAL_PCD_IRQHandler
                0x0000000008000cd0      0x2aa ./Drivers/STM32F1xx_HAL_Driver/Src/stm32f1xx_hal_pcd.o
                0x0000000008000cd0                HAL_PCD_IRQHandler
 .text.HAL_PCD_SetAddress
                0x0000000008000f7a       0x4a ./Drivers/STM32F1xx_HAL_Driver/Src/stm32f1xx_hal_pcd.o
                0x0000000008000f7a                HAL_PCD_SetAddress
 .text.HAL_PCD_EP_Open
                0x0000000008000fc4       0xcc ./Drivers/STM32F1xx_HAL_Driver/Src/stm32f1xx_hal_pcd.o
                0x0000000008000fc4                HAL_PCD_EP_Open
 .text.HAL_PCD_EP_Close
                0x0000000008001090       0x90 ./Drivers/STM32F1xx_HAL_Driver/Src/stm32f1xx_hal_pcd.o
                0x0000000008001090                HAL_PCD_EP_Close
 .text.HAL_PCD_EP_Receive
                0x0000000008001120       0x7a ./Drivers/STM32F1xx_HAL_Driver/Src/stm32f1xx_hal_pcd.o
                0x0000000008001120                HAL_PCD_EP_Receive
 .text.HAL_PCD_EP_Transmit
                0x000000000800119a       0x86 ./Drivers/STM32F1xx_HAL_Driver/Src/stm32f1xx_hal_pcd.o
                0x000000000800119a                HAL_PCD_EP_Transmit
 .text.HAL_PCD_EP_SetStall
                0x0000000008001220       0xc0 ./Drivers/STM32F1xx_HAL_Driver/Src/stm32f1xx_hal_pcd.o
                0x0000000008001220                HAL_PCD_EP_SetStall
 .text.HAL_PCD_EP_ClrStall
                0x00000000080012e0       0xa8 ./Drivers/STM32F1xx_HAL_Driver/Src/stm32f1xx_hal_pcd.o
                0x00000000080012e0                HAL_PCD_EP_ClrStall
 .text.PCD_EP_ISR_Handler
                0x0000000008001388      0x600 ./Drivers/STM32F1xx_HAL_Driver/Src/stm32f1xx_hal_pcd.o
 .text.HAL_PCD_EP_DB_Receive
                0x0000000008001988      0x21a ./Drivers/STM32F1xx_HAL_Driver/Src/stm32f1xx_hal_pcd.o
 .text.HAL_PCD_EP_DB_Transmit
                0x0000000008001ba2      0x7a4 ./Drivers/STM32F1xx_HAL_Driver/Src/stm32f1xx_hal_pcd.o
 .text.HAL_PCDEx_PMAConfig
                0x0000000008002346       0x84 ./Drivers/STM32F1xx_HAL_Driver/Src/stm32f1xx_hal_pcd_ex.o
                0x0000000008002346                HAL_PCDEx_PMAConfig
 *fill*         0x00000000080023ca        0x2 
 .text.HAL_RCC_OscConfig
                0x00000000080023cc      0x500 ./Drivers/STM32F1xx_HAL_Driver/Src/stm32f1xx_hal_rcc.o
                0x00000000080023cc                HAL_RCC_OscConfig
 .text.HAL_RCC_ClockConfig
                0x00000000080028cc      0x1d4 ./Drivers/STM32F1xx_HAL_Driver/Src/stm32f1xx_hal_rcc.o
                0x00000000080028cc                HAL_RCC_ClockConfig
 .text.HAL_RCC_GetSysClockFreq
                0x0000000008002aa0       0xc0 ./Drivers/STM32F1xx_HAL_Driver/Src/stm32f1xx_hal_rcc.o
                0x0000000008002aa0                HAL_RCC_GetSysClockFreq
 .text.RCC_Delay
                0x0000000008002b60       0x3c ./Drivers/STM32F1xx_HAL_Driver/Src/stm32f1xx_hal_rcc.o
 .text.HAL_RCCEx_PeriphCLKConfig
                0x0000000008002b9c      0x16c ./Drivers/STM32F1xx_HAL_Driver/Src/stm32f1xx_hal_rcc_ex.o
                0x0000000008002b9c                HAL_RCCEx_PeriphCLKConfig
 .text.USB_CoreInit
                0x0000000008002d08       0x20 ./Drivers/STM32F1xx_HAL_Driver/Src/stm32f1xx_ll_usb.o
                0x0000000008002d08                USB_CoreInit
 .text.USB_EnableGlobalInt
                0x0000000008002d28       0x2c ./Drivers/STM32F1xx_HAL_Driver/Src/stm32f1xx_ll_usb.o
                0x0000000008002d28                USB_EnableGlobalInt
 .text.USB_DisableGlobalInt
                0x0000000008002d54       0x34 ./Drivers/STM32F1xx_HAL_Driver/Src/stm32f1xx_ll_usb.o
                0x0000000008002d54                USB_DisableGlobalInt
 .text.USB_SetCurrentMode
                0x0000000008002d88       0x18 ./Drivers/STM32F1xx_HAL_Driver/Src/stm32f1xx_ll_usb.o
                0x0000000008002d88                USB_SetCurrentMode
 .text.USB_DevInit
                0x0000000008002da0       0x40 ./Drivers/STM32F1xx_HAL_Driver/Src/stm32f1xx_ll_usb.o
                0x0000000008002da0                USB_DevInit
 .text.USB_ActivateEndpoint
                0x0000000008002de0      0x6d4 ./Drivers/STM32F1xx_HAL_Driver/Src/stm32f1xx_ll_usb.o
                0x0000000008002de0                USB_ActivateEndpoint
 .text.USB_DeactivateEndpoint
                0x00000000080034b4      0x3d8 ./Drivers/STM32F1xx_HAL_Driver/Src/stm32f1xx_ll_usb.o
                0x00000000080034b4                USB_DeactivateEndpoint
 .text.USB_EPStartXfer
                0x000000000800388c     0x15ee ./Drivers/STM32F1xx_HAL_Driver/Src/stm32f1xx_ll_usb.o
                0x000000000800388c                USB_EPStartXfer
 .text.USB_EPSetStall
                0x0000000008004e7a       0xa0 ./Drivers/STM32F1xx_HAL_Driver/Src/stm32f1xx_ll_usb.o
                0x0000000008004e7a                USB_EPSetStall
 .text.USB_EPClearStall
                0x0000000008004f1a      0x15a ./Drivers/STM32F1xx_HAL_Driver/Src/stm32f1xx_ll_usb.o
                0x0000000008004f1a                USB_EPClearStall
 .text.USB_SetDevAddress
                0x0000000008005074       0x26 ./Drivers/STM32F1xx_HAL_Driver/Src/stm32f1xx_ll_usb.o
                0x0000000008005074                USB_SetDevAddress
 .text.USB_DevConnect
                0x000000000800509a       0x14 ./Drivers/STM32F1xx_HAL_Driver/Src/stm32f1xx_ll_usb.o
                0x000000000800509a                USB_DevConnect
 .text.USB_DevDisconnect
                0x00000000080050ae       0x14 ./Drivers/STM32F1xx_HAL_Driver/Src/stm32f1xx_ll_usb.o
                0x00000000080050ae                USB_DevDisconnect
 .text.USB_ReadInterrupts
                0x00000000080050c2       0x1e ./Drivers/STM32F1xx_HAL_Driver/Src/stm32f1xx_ll_usb.o
                0x00000000080050c2                USB_ReadInterrupts
 .text.USB_EP0_OutStart
                0x00000000080050e0       0x16 ./Drivers/STM32F1xx_HAL_Driver/Src/stm32f1xx_ll_usb.o
                0x00000000080050e0                USB_EP0_OutStart
 .text.USB_WritePMA
                0x00000000080050f6       0x8a ./Drivers/STM32F1xx_HAL_Driver/Src/stm32f1xx_ll_usb.o
                0x00000000080050f6                USB_WritePMA
 .text.USB_ReadPMA
                0x0000000008005180       0x9e ./Drivers/STM32F1xx_HAL_Driver/Src/stm32f1xx_ll_usb.o
                0x0000000008005180                USB_ReadPMA
 .text.USBD_HID_Init
                0x000000000800521e       0x4e ./Middlewares/ST/STM32_USB_Device_Library/Class/HID/Src/usbd_hid.o
 .text.USBD_HID_DeInit
                0x000000000800526c       0x42 ./Middlewares/ST/STM32_USB_Device_Library/Class/HID/Src/usbd_hid.o
 *fill*         0x00000000080052ae        0x2 
 .text.USBD_HID_Setup
                0x00000000080052b0      0x1fc ./Middlewares/ST/STM32_USB_Device_Library/Class/HID/Src/usbd_hid.o
 .text.USBD_HID_SendReport
                0x00000000080054ac       0x44 ./Middlewares/ST/STM32_USB_Device_Library/Class/HID/Src/usbd_hid.o
                0x00000000080054ac                USBD_HID_SendReport
 .text.USBD_HID_GetFSCfgDesc
                0x00000000080054f0       0x20 ./Middlewares/ST/STM32_USB_Device_Library/Class/HID/Src/usbd_hid.o
 .text.USBD_HID_GetHSCfgDesc
                0x0000000008005510       0x20 ./Middlewares/ST/STM32_USB_Device_Library/Class/HID/Src/usbd_hid.o
 .text.USBD_HID_GetOtherSpeedCfgDesc
                0x0000000008005530       0x20 ./Middlewares/ST/STM32_USB_Device_Library/Class/HID/Src/usbd_hid.o
 .text.USBD_HID_DataIn
                0x0000000008005550       0x22 ./Middlewares/ST/STM32_USB_Device_Library/Class/HID/Src/usbd_hid.o
 *fill*         0x0000000008005572        0x2 
 .text.USBD_HID_GetDeviceQualifierDesc
                0x0000000008005574       0x20 ./Middlewares/ST/STM32_USB_Device_Library/Class/HID/Src/usbd_hid.o
 .text.USBD_Init
                0x0000000008005594       0x56 ./Middlewares/ST/STM32_USB_Device_Library/Core/Src/usbd_core.o
                0x0000000008005594                USBD_Init
 .text.USBD_RegisterClass
                0x00000000080055ea       0x32 ./Middlewares/ST/STM32_USB_Device_Library/Core/Src/usbd_core.o
                0x00000000080055ea                USBD_RegisterClass
 .text.USBD_Start
                0x000000000800561c       0x18 ./Middlewares/ST/STM32_USB_Device_Library/Core/Src/usbd_core.o
                0x000000000800561c                USBD_Start
 .text.USBD_RunTestMode
                0x0000000008005634       0x14 ./Middlewares/ST/STM32_USB_Device_Library/Core/Src/usbd_core.o
                0x0000000008005634                USBD_RunTestMode
 .text.USBD_SetClassConfig
                0x0000000008005648       0x3e ./Middlewares/ST/STM32_USB_Device_Library/Core/Src/usbd_core.o
                0x0000000008005648                USBD_SetClassConfig
 .text.USBD_ClrClassConfig
                0x0000000008005686       0x26 ./Middlewares/ST/STM32_USB_Device_Library/Core/Src/usbd_core.o
                0x0000000008005686                USBD_ClrClassConfig
 .text.USBD_LL_SetupStage
                0x00000000080056ac       0x9a ./Middlewares/ST/STM32_USB_Device_Library/Core/Src/usbd_core.o
                0x00000000080056ac                USBD_LL_SetupStage
 .text.USBD_LL_DataOutStage
                0x0000000008005746       0xe2 ./Middlewares/ST/STM32_USB_Device_Library/Core/Src/usbd_core.o
                0x0000000008005746                USBD_LL_DataOutStage
 .text.USBD_LL_DataInStage
                0x0000000008005828      0x14a ./Middlewares/ST/STM32_USB_Device_Library/Core/Src/usbd_core.o
                0x0000000008005828                USBD_LL_DataInStage
 .text.USBD_LL_Reset
                0x0000000008005972       0x82 ./Middlewares/ST/STM32_USB_Device_Library/Core/Src/usbd_core.o
                0x0000000008005972                USBD_LL_Reset
 .text.USBD_LL_SetSpeed
                0x00000000080059f4       0x1e ./Middlewares/ST/STM32_USB_Device_Library/Core/Src/usbd_core.o
                0x00000000080059f4                USBD_LL_SetSpeed
 .text.USBD_LL_Suspend
                0x0000000008005a12       0x28 ./Middlewares/ST/STM32_USB_Device_Library/Core/Src/usbd_core.o
                0x0000000008005a12                USBD_LL_Suspend
 .text.USBD_LL_Resume
                0x0000000008005a3a       0x2a ./Middlewares/ST/STM32_USB_Device_Library/Core/Src/usbd_core.o
                0x0000000008005a3a                USBD_LL_Resume
 .text.USBD_LL_SOF
                0x0000000008005a64       0x34 ./Middlewares/ST/STM32_USB_Device_Library/Core/Src/usbd_core.o
                0x0000000008005a64                USBD_LL_SOF
 .text.USBD_StdDevReq
                0x0000000008005a98       0xd4 ./Middlewares/ST/STM32_USB_Device_Library/Core/Src/usbd_ctlreq.o
                0x0000000008005a98                USBD_StdDevReq
 .text.USBD_StdItfReq
                0x0000000008005b6c       0x90 ./Middlewares/ST/STM32_USB_Device_Library/Core/Src/usbd_ctlreq.o
                0x0000000008005b6c                USBD_StdItfReq
 .text.USBD_StdEPReq
                0x0000000008005bfc      0x2c6 ./Middlewares/ST/STM32_USB_Device_Library/Core/Src/usbd_ctlreq.o
                0x0000000008005bfc                USBD_StdEPReq
 *fill*         0x0000000008005ec2        0x2 
 .text.USBD_GetDescriptor
                0x0000000008005ec4      0x2d0 ./Middlewares/ST/STM32_USB_Device_Library/Core/Src/usbd_ctlreq.o
 .text.USBD_SetAddress
                0x0000000008006194       0x86 ./Middlewares/ST/STM32_USB_Device_Library/Core/Src/usbd_ctlreq.o
 *fill*         0x000000000800621a        0x2 
 .text.USBD_SetConfig
                0x000000000800621c      0x11c ./Middlewares/ST/STM32_USB_Device_Library/Core/Src/usbd_ctlreq.o
 .text.USBD_GetConfig
                0x0000000008006338       0x6a ./Middlewares/ST/STM32_USB_Device_Library/Core/Src/usbd_ctlreq.o
 .text.USBD_GetStatus
                0x00000000080063a2       0x66 ./Middlewares/ST/STM32_USB_Device_Library/Core/Src/usbd_ctlreq.o
 .text.USBD_SetFeature
                0x0000000008006408       0x28 ./Middlewares/ST/STM32_USB_Device_Library/Core/Src/usbd_ctlreq.o
 .text.USBD_ClrFeature
                0x0000000008006430       0x42 ./Middlewares/ST/STM32_USB_Device_Library/Core/Src/usbd_ctlreq.o
 .text.USBD_ParseSetupRequest
                0x0000000008006472       0x78 ./Middlewares/ST/STM32_USB_Device_Library/Core/Src/usbd_ctlreq.o
                0x0000000008006472                USBD_ParseSetupRequest
 .text.USBD_CtlError
                0x00000000080064ea       0x22 ./Middlewares/ST/STM32_USB_Device_Library/Core/Src/usbd_ctlreq.o
                0x00000000080064ea                USBD_CtlError
 .text.USBD_GetString
                0x000000000800650c       0x84 ./Middlewares/ST/STM32_USB_Device_Library/Core/Src/usbd_ctlreq.o
                0x000000000800650c                USBD_GetString
 .text.USBD_GetLen
                0x0000000008006590       0x2e ./Middlewares/ST/STM32_USB_Device_Library/Core/Src/usbd_ctlreq.o
 .text.USBD_CtlSendData
                0x00000000080065be       0x38 ./Middlewares/ST/STM32_USB_Device_Library/Core/Src/usbd_ioreq.o
                0x00000000080065be                USBD_CtlSendData
 .text.USBD_CtlContinueSendData
                0x00000000080065f6       0x24 ./Middlewares/ST/STM32_USB_Device_Library/Core/Src/usbd_ioreq.o
                0x00000000080065f6                USBD_CtlContinueSendData
 .text.USBD_CtlContinueRx
                0x000000000800661a       0x24 ./Middlewares/ST/STM32_USB_Device_Library/Core/Src/usbd_ioreq.o
                0x000000000800661a                USBD_CtlContinueRx
 .text.USBD_CtlSendStatus
                0x000000000800663e       0x26 ./Middlewares/ST/STM32_USB_Device_Library/Core/Src/usbd_ioreq.o
                0x000000000800663e                USBD_CtlSendStatus
 .text.USBD_CtlReceiveStatus
                0x0000000008006664       0x26 ./Middlewares/ST/STM32_USB_Device_Library/Core/Src/usbd_ioreq.o
                0x0000000008006664                USBD_CtlReceiveStatus
 *fill*         0x000000000800668a        0x2 
 .text.MX_USB_DEVICE_Init
                0x000000000800668c       0x4c ./USB_DEVICE/App/usb_device.o
                0x000000000800668c                MX_USB_DEVICE_Init
 .text.USBD_FS_DeviceDescriptor
                0x00000000080066d8       0x24 ./USB_DEVICE/App/usbd_desc.o
                0x00000000080066d8                USBD_FS_DeviceDescriptor
 .text.USBD_FS_LangIDStrDescriptor
                0x00000000080066fc       0x24 ./USB_DEVICE/App/usbd_desc.o
                0x00000000080066fc                USBD_FS_LangIDStrDescriptor
 .text.USBD_FS_ProductStrDescriptor
                0x0000000008006720       0x3c ./USB_DEVICE/App/usbd_desc.o
                0x0000000008006720                USBD_FS_ProductStrDescriptor
 .text.USBD_FS_ManufacturerStrDescriptor
                0x000000000800675c       0x28 ./USB_DEVICE/App/usbd_desc.o
                0x000000000800675c                USBD_FS_ManufacturerStrDescriptor
 .text.USBD_FS_SerialStrDescriptor
                0x0000000008006784       0x24 ./USB_DEVICE/App/usbd_desc.o
                0x0000000008006784                USBD_FS_SerialStrDescriptor
 .text.USBD_FS_ConfigStrDescriptor
                0x00000000080067a8       0x3c ./USB_DEVICE/App/usbd_desc.o
                0x00000000080067a8                USBD_FS_ConfigStrDescriptor
 .text.USBD_FS_InterfaceStrDescriptor
                0x00000000080067e4       0x3c ./USB_DEVICE/App/usbd_desc.o
                0x00000000080067e4                USBD_FS_InterfaceStrDescriptor
 .text.Get_SerialNum
                0x0000000008006820       0x58 ./USB_DEVICE/App/usbd_desc.o
 .text.IntToUnicode
                0x0000000008006878       0x7c ./USB_DEVICE/App/usbd_desc.o
 .text.HAL_PCD_MspInit
                0x00000000080068f4       0x4c ./USB_DEVICE/Target/usbd_conf.o
                0x00000000080068f4                HAL_PCD_MspInit
 .text.HAL_PCD_SetupStageCallback
                0x0000000008006940       0x24 ./USB_DEVICE/Target/usbd_conf.o
                0x0000000008006940                HAL_PCD_SetupStageCallback
 .text.HAL_PCD_DataOutStageCallback
                0x0000000008006964       0x36 ./USB_DEVICE/Target/usbd_conf.o
                0x0000000008006964                HAL_PCD_DataOutStageCallback
 .text.HAL_PCD_DataInStageCallback
                0x000000000800699a       0x34 ./USB_DEVICE/Target/usbd_conf.o
                0x000000000800699a                HAL_PCD_DataInStageCallback
 .text.HAL_PCD_SOFCallback
                0x00000000080069ce       0x1c ./USB_DEVICE/Target/usbd_conf.o
                0x00000000080069ce                HAL_PCD_SOFCallback
 .text.HAL_PCD_ResetCallback
                0x00000000080069ea       0x3c ./USB_DEVICE/Target/usbd_conf.o
                0x00000000080069ea                HAL_PCD_ResetCallback
 *fill*         0x0000000008006a26        0x2 
 .text.HAL_PCD_SuspendCallback
                0x0000000008006a28       0x34 ./USB_DEVICE/Target/usbd_conf.o
                0x0000000008006a28                HAL_PCD_SuspendCallback
 .text.HAL_PCD_ResumeCallback
                0x0000000008006a5c       0x1c ./USB_DEVICE/Target/usbd_conf.o
                0x0000000008006a5c                HAL_PCD_ResumeCallback
 .text.USBD_LL_Init
                0x0000000008006a78       0x90 ./USB_DEVICE/Target/usbd_conf.o
                0x0000000008006a78                USBD_LL_Init
 .text.USBD_LL_Start
                0x0000000008006b08       0x36 ./USB_DEVICE/Target/usbd_conf.o
                0x0000000008006b08                USBD_LL_Start
 .text.USBD_LL_OpenEP
                0x0000000008006b3e       0x4c ./USB_DEVICE/Target/usbd_conf.o
                0x0000000008006b3e                USBD_LL_OpenEP
 .text.USBD_LL_CloseEP
                0x0000000008006b8a       0x3e ./USB_DEVICE/Target/usbd_conf.o
                0x0000000008006b8a                USBD_LL_CloseEP
 .text.USBD_LL_StallEP
                0x0000000008006bc8       0x3e ./USB_DEVICE/Target/usbd_conf.o
                0x0000000008006bc8                USBD_LL_StallEP
 .text.USBD_LL_ClearStallEP
                0x0000000008006c06       0x3e ./USB_DEVICE/Target/usbd_conf.o
                0x0000000008006c06                USBD_LL_ClearStallEP
 .text.USBD_LL_IsStallEP
                0x0000000008006c44       0x58 ./USB_DEVICE/Target/usbd_conf.o
                0x0000000008006c44                USBD_LL_IsStallEP
 .text.USBD_LL_SetUSBAddress
                0x0000000008006c9c       0x3e ./USB_DEVICE/Target/usbd_conf.o
                0x0000000008006c9c                USBD_LL_SetUSBAddress
 .text.USBD_LL_Transmit
                0x0000000008006cda       0x46 ./USB_DEVICE/Target/usbd_conf.o
                0x0000000008006cda                USBD_LL_Transmit
 .text.USBD_LL_PrepareReceive
                0x0000000008006d20       0x46 ./USB_DEVICE/Target/usbd_conf.o
                0x0000000008006d20                USBD_LL_PrepareReceive
 *fill*         0x0000000008006d66        0x2 
 .text.USBD_static_malloc
                0x0000000008006d68       0x18 ./USB_DEVICE/Target/usbd_conf.o
                0x0000000008006d68                USBD_static_malloc
 .text.USBD_static_free
                0x0000000008006d80       0x12 ./USB_DEVICE/Target/usbd_conf.o
                0x0000000008006d80                USBD_static_free
 .text.HAL_PCDEx_SetConnectionState
                0x0000000008006d92       0x16 ./USB_DEVICE/Target/usbd_conf.o
                0x0000000008006d92                HAL_PCDEx_SetConnectionState
 .text.USBD_Get_USB_Status
                0x0000000008006da8       0x58 ./USB_DEVICE/Target/usbd_conf.o
 .text.__libc_init_array
                0x0000000008006e00       0x48 d:/stm32cubeide_1.6.0/stm32cubeide/plugins/com.st.stm32cube.ide.mcu.externaltools.gnu-tools-for-stm32.9-2020-q2-update.win32_2.0.0.202105311346/tools/bin/../lib/gcc/arm-none-eabi/9.3.1/../../../../arm-none-eabi/lib/thumb/v7-m/nofp\libc_nano.a(lib_a-init.o)
                0x0000000008006e00                __libc_init_array
 .text.memset   0x0000000008006e48       0x10 d:/stm32cubeide_1.6.0/stm32cubeide/plugins/com.st.stm32cube.ide.mcu.externaltools.gnu-tools-for-stm32.9-2020-q2-update.win32_2.0.0.202105311346/tools/bin/../lib/gcc/arm-none-eabi/9.3.1/../../../../arm-none-eabi/lib/thumb/v7-m/nofp\libc_nano.a(lib_a-memset.o)
                0x0000000008006e48                memset
 *(.glue_7)
 .glue_7        0x0000000008006e58        0x0 linker stubs
 *(.glue_7t)
 .glue_7t       0x0000000008006e58        0x0 linker stubs
 *(.eh_frame)
 .eh_frame      0x0000000008006e58        0x0 d:/stm32cubeide_1.6.0/stm32cubeide/plugins/com.st.stm32cube.ide.mcu.externaltools.gnu-tools-for-stm32.9-2020-q2-update.win32_2.0.0.202105311346/tools/bin/../lib/gcc/arm-none-eabi/9.3.1/thumb/v7-m/nofp/crtbegin.o
 *(.init)
 .init          0x0000000008006e58        0x4 d:/stm32cubeide_1.6.0/stm32cubeide/plugins/com.st.stm32cube.ide.mcu.externaltools.gnu-tools-for-stm32.9-2020-q2-update.win32_2.0.0.202105311346/tools/bin/../lib/gcc/arm-none-eabi/9.3.1/thumb/v7-m/nofp/crti.o
                0x0000000008006e58                _init
 .init          0x0000000008006e5c        0x8 d:/stm32cubeide_1.6.0/stm32cubeide/plugins/com.st.stm32cube.ide.mcu.externaltools.gnu-tools-for-stm32.9-2020-q2-update.win32_2.0.0.202105311346/tools/bin/../lib/gcc/arm-none-eabi/9.3.1/thumb/v7-m/nofp/crtn.o
 *(.fini)
 .fini          0x0000000008006e64        0x4 d:/stm32cubeide_1.6.0/stm32cubeide/plugins/com.st.stm32cube.ide.mcu.externaltools.gnu-tools-for-stm32.9-2020-q2-update.win32_2.0.0.202105311346/tools/bin/../lib/gcc/arm-none-eabi/9.3.1/thumb/v7-m/nofp/crti.o
                0x0000000008006e64                _fini
 .fini          0x0000000008006e68        0x8 d:/stm32cubeide_1.6.0/stm32cubeide/plugins/com.st.stm32cube.ide.mcu.externaltools.gnu-tools-for-stm32.9-2020-q2-update.win32_2.0.0.202105311346/tools/bin/../lib/gcc/arm-none-eabi/9.3.1/thumb/v7-m/nofp/crtn.o
                0x0000000008006e70                . = ALIGN (0x4)
                0x0000000008006e70                _etext = .

.vfp11_veneer   0x0000000008006e70        0x0
 .vfp11_veneer  0x0000000008006e70        0x0 linker stubs

.v4_bx          0x0000000008006e70        0x0
 .v4_bx         0x0000000008006e70        0x0 linker stubs

.iplt           0x0000000008006e70        0x0
 .iplt          0x0000000008006e70        0x0 d:/stm32cubeide_1.6.0/stm32cubeide/plugins/com.st.stm32cube.ide.mcu.externaltools.gnu-tools-for-stm32.9-2020-q2-update.win32_2.0.0.202105311346/tools/bin/../lib/gcc/arm-none-eabi/9.3.1/thumb/v7-m/nofp/crtbegin.o

.rodata         0x0000000008006e70       0x68
                0x0000000008006e70                . = ALIGN (0x4)
 *(.rodata)
 .rodata        0x0000000008006e70       0x10 ./Drivers/STM32F1xx_HAL_Driver/Src/stm32f1xx_hal_rcc.o
 .rodata        0x0000000008006e80       0x46 ./USB_DEVICE/App/usbd_desc.o
 *(.rodata*)
 *fill*         0x0000000008006ec6        0x2 
 .rodata.AHBPrescTable
                0x0000000008006ec8       0x10 ./Core/Src/system_stm32f1xx.o
                0x0000000008006ec8                AHBPrescTable
                0x0000000008006ed8                . = ALIGN (0x4)

.rel.dyn        0x0000000008006ed8        0x0
 .rel.iplt      0x0000000008006ed8        0x0 d:/stm32cubeide_1.6.0/stm32cubeide/plugins/com.st.stm32cube.ide.mcu.externaltools.gnu-tools-for-stm32.9-2020-q2-update.win32_2.0.0.202105311346/tools/bin/../lib/gcc/arm-none-eabi/9.3.1/thumb/v7-m/nofp/crtbegin.o

.ARM.extab      0x0000000008006ed8        0x0
                0x0000000008006ed8                . = ALIGN (0x4)
 *(.ARM.extab* .gnu.linkonce.armextab.*)
                0x0000000008006ed8                . = ALIGN (0x4)

.ARM            0x0000000008006ed8        0x0
                0x0000000008006ed8                . = ALIGN (0x4)
                0x0000000008006ed8                __exidx_start = .
 *(.ARM.exidx*)
                0x0000000008006ed8                __exidx_end = .
                0x0000000008006ed8                . = ALIGN (0x4)

.preinit_array  0x0000000008006ed8        0x0
                0x0000000008006ed8                . = ALIGN (0x4)
                0x0000000008006ed8                PROVIDE (__preinit_array_start = .)
 *(.preinit_array*)
                0x0000000008006ed8                PROVIDE (__preinit_array_end = .)
                0x0000000008006ed8                . = ALIGN (0x4)

.init_array     0x0000000008006ed8        0x4
                0x0000000008006ed8                . = ALIGN (0x4)
                0x0000000008006ed8                PROVIDE (__init_array_start = .)
 *(SORT_BY_NAME(.init_array.*))
 *(.init_array*)
 .init_array    0x0000000008006ed8        0x4 d:/stm32cubeide_1.6.0/stm32cubeide/plugins/com.st.stm32cube.ide.mcu.externaltools.gnu-tools-for-stm32.9-2020-q2-update.win32_2.0.0.202105311346/tools/bin/../lib/gcc/arm-none-eabi/9.3.1/thumb/v7-m/nofp/crtbegin.o
                0x0000000008006edc                PROVIDE (__init_array_end = .)
                0x0000000008006edc                . = ALIGN (0x4)

.fini_array     0x0000000008006edc        0x4
                0x0000000008006edc                . = ALIGN (0x4)
                [!provide]                        PROVIDE (__fini_array_start = .)
 *(SORT_BY_NAME(.fini_array.*))
 *(.fini_array*)
 .fini_array    0x0000000008006edc        0x4 d:/stm32cubeide_1.6.0/stm32cubeide/plugins/com.st.stm32cube.ide.mcu.externaltools.gnu-tools-for-stm32.9-2020-q2-update.win32_2.0.0.202105311346/tools/bin/../lib/gcc/arm-none-eabi/9.3.1/thumb/v7-m/nofp/crtbegin.o
                [!provide]                        PROVIDE (__fini_array_end = .)
                0x0000000008006ee0                . = ALIGN (0x4)
                0x0000000008006ee0                _sidata = LOADADDR (.data)

.data           0x0000000020000000      0x164 load address 0x0000000008006ee0
                0x0000000020000000                . = ALIGN (0x4)
                0x0000000020000000                _sdata = .
 *(.data)
 *(.data*)
 .data.SystemCoreClock
                0x0000000020000000        0x4 ./Core/Src/system_stm32f1xx.o
                0x0000000020000000                SystemCoreClock
 .data.uwTickPrio
                0x0000000020000004        0x4 ./Drivers/STM32F1xx_HAL_Driver/Src/stm32f1xx_hal.o
                0x0000000020000004                uwTickPrio
 .data.uwTickFreq
                0x0000000020000008        0x1 ./Drivers/STM32F1xx_HAL_Driver/Src/stm32f1xx_hal.o
                0x0000000020000008                uwTickFreq
 *fill*         0x0000000020000009        0x3 
 .data.USBD_HID
                0x000000002000000c       0x38 ./Middlewares/ST/STM32_USB_Device_Library/Class/HID/Src/usbd_hid.o
                0x000000002000000c                USBD_HID
 .data.USBD_HID_CfgFSDesc
                0x0000000020000044       0x22 ./Middlewares/ST/STM32_USB_Device_Library/Class/HID/Src/usbd_hid.o
 *fill*         0x0000000020000066        0x2 
 .data.USBD_HID_CfgHSDesc
                0x0000000020000068       0x22 ./Middlewares/ST/STM32_USB_Device_Library/Class/HID/Src/usbd_hid.o
 *fill*         0x000000002000008a        0x2 
 .data.USBD_HID_OtherSpeedCfgDesc
                0x000000002000008c       0x22 ./Middlewares/ST/STM32_USB_Device_Library/Class/HID/Src/usbd_hid.o
 *fill*         0x00000000200000ae        0x2 
 .data.USBD_HID_Desc
                0x00000000200000b0        0x9 ./Middlewares/ST/STM32_USB_Device_Library/Class/HID/Src/usbd_hid.o
 *fill*         0x00000000200000b9        0x3 
 .data.USBD_HID_DeviceQualifierDesc
                0x00000000200000bc        0xa ./Middlewares/ST/STM32_USB_Device_Library/Class/HID/Src/usbd_hid.o
 *fill*         0x00000000200000c6        0x2 
 .data.HID_MOUSE_ReportDesc
                0x00000000200000c8       0x4a ./Middlewares/ST/STM32_USB_Device_Library/Class/HID/Src/usbd_hid.o
 *fill*         0x0000000020000112        0x2 
 .data.FS_Desc  0x0000000020000114       0x1c ./USB_DEVICE/App/usbd_desc.o
                0x0000000020000114                FS_Desc
 .data.USBD_FS_DeviceDesc
                0x0000000020000130       0x12 ./USB_DEVICE/App/usbd_desc.o
                0x0000000020000130                USBD_FS_DeviceDesc
 *fill*         0x0000000020000142        0x2 
 .data.USBD_LangIDDesc
                0x0000000020000144        0x4 ./USB_DEVICE/App/usbd_desc.o
                0x0000000020000144                USBD_LangIDDesc
 .data.USBD_StringSerial
                0x0000000020000148       0x1a ./USB_DEVICE/App/usbd_desc.o
                0x0000000020000148                USBD_StringSerial
 *(.RamFunc)
 *(.RamFunc*)
                0x0000000020000164                . = ALIGN (0x4)
 *fill*         0x0000000020000162        0x2 
                0x0000000020000164                _edata = .

.igot.plt       0x0000000020000164        0x0 load address 0x0000000008007044
 .igot.plt      0x0000000020000164        0x0 d:/stm32cubeide_1.6.0/stm32cubeide/plugins/com.st.stm32cube.ide.mcu.externaltools.gnu-tools-for-stm32.9-2020-q2-update.win32_2.0.0.202105311346/tools/bin/../lib/gcc/arm-none-eabi/9.3.1/thumb/v7-m/nofp/crtbegin.o
                0x0000000020000164                . = ALIGN (0x4)

.bss            0x0000000020000164      0x7f4 load address 0x0000000008007044
                0x0000000020000164                _sbss = .
                0x0000000020000164                __bss_start__ = _sbss
 *(.bss)
 .bss           0x0000000020000164       0x1c d:/stm32cubeide_1.6.0/stm32cubeide/plugins/com.st.stm32cube.ide.mcu.externaltools.gnu-tools-for-stm32.9-2020-q2-update.win32_2.0.0.202105311346/tools/bin/../lib/gcc/arm-none-eabi/9.3.1/thumb/v7-m/nofp/crtbegin.o
 *(.bss*)
 .bss.cfgidx.7702
                0x0000000020000180        0x1 ./Middlewares/ST/STM32_USB_Device_Library/Core/Src/usbd_ctlreq.o
 *fill*         0x0000000020000181        0x3 
 .bss.mem.7744  0x0000000020000184       0x14 ./USB_DEVICE/Target/usbd_conf.o
 *(COMMON)
 COMMON         0x0000000020000198        0xa ./Core/Src/main.o
                0x0000000020000198                mouseBuffer
 *fill*         0x00000000200001a2        0x2 
 COMMON         0x00000000200001a4        0x4 ./Drivers/STM32F1xx_HAL_Driver/Src/stm32f1xx_hal.o
                0x00000000200001a4                uwTick
 COMMON         0x00000000200001a8      0x2c4 ./USB_DEVICE/App/usb_device.o
                0x00000000200001a8                hUsbDeviceFS
 COMMON         0x000000002000046c      0x200 ./USB_DEVICE/App/usbd_desc.o
                0x000000002000046c                USBD_StrDesc
 COMMON         0x000000002000066c      0x2ec ./USB_DEVICE/Target/usbd_conf.o
                0x000000002000066c                hpcd_USB_FS
                0x0000000020000958                . = ALIGN (0x4)
                0x0000000020000958                _ebss = .
                0x0000000020000958                __bss_end__ = _ebss

._user_heap_stack
                0x0000000020000958      0x600 load address 0x0000000008007044
                0x0000000020000958                . = ALIGN (0x8)
                [!provide]                        PROVIDE (end = .)
                0x0000000020000958                PROVIDE (_end = .)
                0x0000000020000b58                . = (. + _Min_Heap_Size)
 *fill*         0x0000000020000958      0x200 
                0x0000000020000f58                . = (. + _Min_Stack_Size)
 *fill*         0x0000000020000b58      0x400 
                0x0000000020000f58                . = ALIGN (0x8)

/DISCARD/
 libc.a(*)
 libm.a(*)
 libgcc.a(*)

.ARM.attributes
                0x0000000000000000       0x29
 *(.ARM.attributes)
 .ARM.attributes
                0x0000000000000000       0x1d d:/stm32cubeide_1.6.0/stm32cubeide/plugins/com.st.stm32cube.ide.mcu.externaltools.gnu-tools-for-stm32.9-2020-q2-update.win32_2.0.0.202105311346/tools/bin/../lib/gcc/arm-none-eabi/9.3.1/thumb/v7-m/nofp/crti.o
 .ARM.attributes
                0x000000000000001d       0x2d d:/stm32cubeide_1.6.0/stm32cubeide/plugins/com.st.stm32cube.ide.mcu.externaltools.gnu-tools-for-stm32.9-2020-q2-update.win32_2.0.0.202105311346/tools/bin/../lib/gcc/arm-none-eabi/9.3.1/thumb/v7-m/nofp/crtbegin.o
 .ARM.attributes
                0x000000000000004a       0x2d ./Core/Src/main.o
 .ARM.attributes
                0x0000000000000077       0x2d ./Core/Src/stm32f1xx_hal_msp.o
 .ARM.attributes
                0x00000000000000a4       0x2d ./Core/Src/stm32f1xx_it.o
 .ARM.attributes
                0x00000000000000d1       0x2d ./Core/Src/system_stm32f1xx.o
 .ARM.attributes
                0x00000000000000fe       0x21 ./Core/Startup/startup_stm32f103c8tx.o
 .ARM.attributes
                0x000000000000011f       0x2d ./Drivers/STM32F1xx_HAL_Driver/Src/stm32f1xx_hal.o
 .ARM.attributes
                0x000000000000014c       0x2d ./Drivers/STM32F1xx_HAL_Driver/Src/stm32f1xx_hal_cortex.o
 .ARM.attributes
                0x0000000000000179       0x2d ./Drivers/STM32F1xx_HAL_Driver/Src/stm32f1xx_hal_gpio.o
 .ARM.attributes
                0x00000000000001a6       0x2d ./Drivers/STM32F1xx_HAL_Driver/Src/stm32f1xx_hal_pcd.o
 .ARM.attributes
                0x00000000000001d3       0x2d ./Drivers/STM32F1xx_HAL_Driver/Src/stm32f1xx_hal_pcd_ex.o
 .ARM.attributes
                0x0000000000000200       0x2d ./Drivers/STM32F1xx_HAL_Driver/Src/stm32f1xx_hal_rcc.o
 .ARM.attributes
                0x000000000000022d       0x2d ./Drivers/STM32F1xx_HAL_Driver/Src/stm32f1xx_hal_rcc_ex.o
 .ARM.attributes
                0x000000000000025a       0x2d ./Drivers/STM32F1xx_HAL_Driver/Src/stm32f1xx_ll_usb.o
 .ARM.attributes
                0x0000000000000287       0x2d ./Middlewares/ST/STM32_USB_Device_Library/Class/HID/Src/usbd_hid.o
 .ARM.attributes
                0x00000000000002b4       0x2d ./Middlewares/ST/STM32_USB_Device_Library/Core/Src/usbd_core.o
 .ARM.attributes
                0x00000000000002e1       0x2d ./Middlewares/ST/STM32_USB_Device_Library/Core/Src/usbd_ctlreq.o
 .ARM.attributes
                0x000000000000030e       0x2d ./Middlewares/ST/STM32_USB_Device_Library/Core/Src/usbd_ioreq.o
 .ARM.attributes
                0x000000000000033b       0x2d ./USB_DEVICE/App/usb_device.o
 .ARM.attributes
                0x0000000000000368       0x2d ./USB_DEVICE/App/usbd_desc.o
 .ARM.attributes
                0x0000000000000395       0x2d ./USB_DEVICE/Target/usbd_conf.o
 .ARM.attributes
                0x00000000000003c2       0x2d d:/stm32cubeide_1.6.0/stm32cubeide/plugins/com.st.stm32cube.ide.mcu.externaltools.gnu-tools-for-stm32.9-2020-q2-update.win32_2.0.0.202105311346/tools/bin/../lib/gcc/arm-none-eabi/9.3.1/../../../../arm-none-eabi/lib/thumb/v7-m/nofp\libc_nano.a(lib_a-init.o)
 .ARM.attributes
                0x00000000000003ef       0x2d d:/stm32cubeide_1.6.0/stm32cubeide/plugins/com.st.stm32cube.ide.mcu.externaltools.gnu-tools-for-stm32.9-2020-q2-update.win32_2.0.0.202105311346/tools/bin/../lib/gcc/arm-none-eabi/9.3.1/../../../../arm-none-eabi/lib/thumb/v7-m/nofp\libc_nano.a(lib_a-memset.o)
 .ARM.attributes
                0x000000000000041c       0x1d d:/stm32cubeide_1.6.0/stm32cubeide/plugins/com.st.stm32cube.ide.mcu.externaltools.gnu-tools-for-stm32.9-2020-q2-update.win32_2.0.0.202105311346/tools/bin/../lib/gcc/arm-none-eabi/9.3.1/thumb/v7-m/nofp/crtn.o
OUTPUT(USB_HID.elf elf32-littlearm)
LOAD linker stubs
LOAD d:/stm32cubeide_1.6.0/stm32cubeide/plugins/com.st.stm32cube.ide.mcu.externaltools.gnu-tools-for-stm32.9-2020-q2-update.win32_2.0.0.202105311346/tools/bin/../lib/gcc/arm-none-eabi/9.3.1/../../../../arm-none-eabi/lib/thumb/v7-m/nofp\libc.a
LOAD d:/stm32cubeide_1.6.0/stm32cubeide/plugins/com.st.stm32cube.ide.mcu.externaltools.gnu-tools-for-stm32.9-2020-q2-update.win32_2.0.0.202105311346/tools/bin/../lib/gcc/arm-none-eabi/9.3.1/../../../../arm-none-eabi/lib/thumb/v7-m/nofp\libm.a
LOAD d:/stm32cubeide_1.6.0/stm32cubeide/plugins/com.st.stm32cube.ide.mcu.externaltools.gnu-tools-for-stm32.9-2020-q2-update.win32_2.0.0.202105311346/tools/bin/../lib/gcc/arm-none-eabi/9.3.1/thumb/v7-m/nofp\libgcc.a

.debug_info     0x0000000000000000    0x10189
 .debug_info    0x0000000000000000     0x1283 ./Core/Src/main.o
 .debug_info    0x0000000000001283      0x2fc ./Core/Src/stm32f1xx_hal_msp.o
 .debug_info    0x000000000000157f      0x713 ./Core/Src/stm32f1xx_it.o
 .debug_info    0x0000000000001c92      0x2be ./Core/Src/system_stm32f1xx.o
 .debug_info    0x0000000000001f50       0x22 ./Core/Startup/startup_stm32f103c8tx.o
 .debug_info    0x0000000000001f72      0x76a ./Drivers/STM32F1xx_HAL_Driver/Src/stm32f1xx_hal.o
 .debug_info    0x00000000000026dc      0xbdc ./Drivers/STM32F1xx_HAL_Driver/Src/stm32f1xx_hal_cortex.o
 .debug_info    0x00000000000032b8      0x701 ./Drivers/STM32F1xx_HAL_Driver/Src/stm32f1xx_hal_gpio.o
 .debug_info    0x00000000000039b9     0x1509 ./Drivers/STM32F1xx_HAL_Driver/Src/stm32f1xx_hal_pcd.o
 .debug_info    0x0000000000004ec2      0x7fc ./Drivers/STM32F1xx_HAL_Driver/Src/stm32f1xx_hal_pcd_ex.o
 .debug_info    0x00000000000056be      0x88e ./Drivers/STM32F1xx_HAL_Driver/Src/stm32f1xx_hal_rcc.o
 .debug_info    0x0000000000005f4c      0x480 ./Drivers/STM32F1xx_HAL_Driver/Src/stm32f1xx_hal_rcc_ex.o
 .debug_info    0x00000000000063cc     0x19e6 ./Drivers/STM32F1xx_HAL_Driver/Src/stm32f1xx_ll_usb.o
 .debug_info    0x0000000000007db2     0x124f ./Middlewares/ST/STM32_USB_Device_Library/Class/HID/Src/usbd_hid.o
 .debug_info    0x0000000000009001     0x12ef ./Middlewares/ST/STM32_USB_Device_Library/Core/Src/usbd_core.o
 .debug_info    0x000000000000a2f0     0x125c ./Middlewares/ST/STM32_USB_Device_Library/Core/Src/usbd_ctlreq.o
 .debug_info    0x000000000000b54c     0x102e ./Middlewares/ST/STM32_USB_Device_Library/Core/Src/usbd_ioreq.o
 .debug_info    0x000000000000c57a      0xeaf ./USB_DEVICE/App/usb_device.o
 .debug_info    0x000000000000d429      0xde8 ./USB_DEVICE/App/usbd_desc.o
 .debug_info    0x000000000000e211     0x1f78 ./USB_DEVICE/Target/usbd_conf.o

.debug_abbrev   0x0000000000000000     0x29b0
 .debug_abbrev  0x0000000000000000      0x285 ./Core/Src/main.o
 .debug_abbrev  0x0000000000000285      0x11d ./Core/Src/stm32f1xx_hal_msp.o
 .debug_abbrev  0x00000000000003a2      0x173 ./Core/Src/stm32f1xx_it.o
 .debug_abbrev  0x0000000000000515      0x14e ./Core/Src/system_stm32f1xx.o
 .debug_abbrev  0x0000000000000663       0x12 ./Core/Startup/startup_stm32f103c8tx.o
 .debug_abbrev  0x0000000000000675      0x1ed ./Drivers/STM32F1xx_HAL_Driver/Src/stm32f1xx_hal.o
 .debug_abbrev  0x0000000000000862      0x313 ./Drivers/STM32F1xx_HAL_Driver/Src/stm32f1xx_hal_cortex.o
 .debug_abbrev  0x0000000000000b75      0x1e8 ./Drivers/STM32F1xx_HAL_Driver/Src/stm32f1xx_hal_gpio.o
 .debug_abbrev  0x0000000000000d5d      0x29e ./Drivers/STM32F1xx_HAL_Driver/Src/stm32f1xx_hal_pcd.o
 .debug_abbrev  0x0000000000000ffb      0x1ac ./Drivers/STM32F1xx_HAL_Driver/Src/stm32f1xx_hal_pcd_ex.o
 .debug_abbrev  0x00000000000011a7      0x273 ./Drivers/STM32F1xx_HAL_Driver/Src/stm32f1xx_hal_rcc.o
 .debug_abbrev  0x000000000000141a      0x193 ./Drivers/STM32F1xx_HAL_Driver/Src/stm32f1xx_hal_rcc_ex.o
 .debug_abbrev  0x00000000000015ad      0x1fa ./Drivers/STM32F1xx_HAL_Driver/Src/stm32f1xx_ll_usb.o
 .debug_abbrev  0x00000000000017a7      0x2b7 ./Middlewares/ST/STM32_USB_Device_Library/Class/HID/Src/usbd_hid.o
 .debug_abbrev  0x0000000000001a5e      0x2a8 ./Middlewares/ST/STM32_USB_Device_Library/Core/Src/usbd_core.o
 .debug_abbrev  0x0000000000001d06      0x2de ./Middlewares/ST/STM32_USB_Device_Library/Core/Src/usbd_ctlreq.o
 .debug_abbrev  0x0000000000001fe4      0x20a ./Middlewares/ST/STM32_USB_Device_Library/Core/Src/usbd_ioreq.o
 .debug_abbrev  0x00000000000021ee      0x1db ./USB_DEVICE/App/usb_device.o
 .debug_abbrev  0x00000000000023c9      0x2ca ./USB_DEVICE/App/usbd_desc.o
 .debug_abbrev  0x0000000000002693      0x31d ./USB_DEVICE/Target/usbd_conf.o

.debug_aranges  0x0000000000000000      0x9f8
 .debug_aranges
                0x0000000000000000       0x38 ./Core/Src/main.o
 .debug_aranges
                0x0000000000000038       0x20 ./Core/Src/stm32f1xx_hal_msp.o
 .debug_aranges
                0x0000000000000058       0x68 ./Core/Src/stm32f1xx_it.o
 .debug_aranges
                0x00000000000000c0       0x28 ./Core/Src/system_stm32f1xx.o
 .debug_aranges
                0x00000000000000e8       0x28 ./Core/Startup/startup_stm32f103c8tx.o
 .debug_aranges
                0x0000000000000110       0xe0 ./Drivers/STM32F1xx_HAL_Driver/Src/stm32f1xx_hal.o
 .debug_aranges
                0x00000000000001f0      0x100 ./Drivers/STM32F1xx_HAL_Driver/Src/stm32f1xx_hal_cortex.o
 .debug_aranges
                0x00000000000002f0       0x58 ./Drivers/STM32F1xx_HAL_Driver/Src/stm32f1xx_hal_gpio.o
 .debug_aranges
                0x0000000000000348      0x138 ./Drivers/STM32F1xx_HAL_Driver/Src/stm32f1xx_hal_pcd.o
 .debug_aranges
                0x0000000000000480       0x38 ./Drivers/STM32F1xx_HAL_Driver/Src/stm32f1xx_hal_pcd_ex.o
 .debug_aranges
                0x00000000000004b8       0x90 ./Drivers/STM32F1xx_HAL_Driver/Src/stm32f1xx_hal_rcc.o
 .debug_aranges
                0x0000000000000548       0x30 ./Drivers/STM32F1xx_HAL_Driver/Src/stm32f1xx_hal_rcc_ex.o
 .debug_aranges
                0x0000000000000578       0xf0 ./Drivers/STM32F1xx_HAL_Driver/Src/stm32f1xx_ll_usb.o
 .debug_aranges
                0x0000000000000668       0x68 ./Middlewares/ST/STM32_USB_Device_Library/Class/HID/Src/usbd_hid.o
 .debug_aranges
                0x00000000000006d0       0xb8 ./Middlewares/ST/STM32_USB_Device_Library/Core/Src/usbd_core.o
 .debug_aranges
                0x0000000000000788       0x88 ./Middlewares/ST/STM32_USB_Device_Library/Core/Src/usbd_ctlreq.o
 .debug_aranges
                0x0000000000000810       0x50 ./Middlewares/ST/STM32_USB_Device_Library/Core/Src/usbd_ioreq.o
 .debug_aranges
                0x0000000000000860       0x20 ./USB_DEVICE/App/usb_device.o
 .debug_aranges
                0x0000000000000880       0x60 ./USB_DEVICE/App/usbd_desc.o
 .debug_aranges
                0x00000000000008e0      0x118 ./USB_DEVICE/Target/usbd_conf.o

.debug_ranges   0x0000000000000000      0x8c0
 .debug_ranges  0x0000000000000000       0x28 ./Core/Src/main.o
 .debug_ranges  0x0000000000000028       0x10 ./Core/Src/stm32f1xx_hal_msp.o
 .debug_ranges  0x0000000000000038       0x58 ./Core/Src/stm32f1xx_it.o
 .debug_ranges  0x0000000000000090       0x18 ./Core/Src/system_stm32f1xx.o
 .debug_ranges  0x00000000000000a8       0x20 ./Core/Startup/startup_stm32f103c8tx.o
 .debug_ranges  0x00000000000000c8       0xd0 ./Drivers/STM32F1xx_HAL_Driver/Src/stm32f1xx_hal.o
 .debug_ranges  0x0000000000000198       0xf0 ./Drivers/STM32F1xx_HAL_Driver/Src/stm32f1xx_hal_cortex.o
 .debug_ranges  0x0000000000000288       0x48 ./Drivers/STM32F1xx_HAL_Driver/Src/stm32f1xx_hal_gpio.o
 .debug_ranges  0x00000000000002d0      0x128 ./Drivers/STM32F1xx_HAL_Driver/Src/stm32f1xx_hal_pcd.o
 .debug_ranges  0x00000000000003f8       0x28 ./Drivers/STM32F1xx_HAL_Driver/Src/stm32f1xx_hal_pcd_ex.o
 .debug_ranges  0x0000000000000420       0x80 ./Drivers/STM32F1xx_HAL_Driver/Src/stm32f1xx_hal_rcc.o
 .debug_ranges  0x00000000000004a0       0x20 ./Drivers/STM32F1xx_HAL_Driver/Src/stm32f1xx_hal_rcc_ex.o
 .debug_ranges  0x00000000000004c0       0xe0 ./Drivers/STM32F1xx_HAL_Driver/Src/stm32f1xx_ll_usb.o
 .debug_ranges  0x00000000000005a0       0x58 ./Middlewares/ST/STM32_USB_Device_Library/Class/HID/Src/usbd_hid.o
 .debug_ranges  0x00000000000005f8       0xa8 ./Middlewares/ST/STM32_USB_Device_Library/Core/Src/usbd_core.o
 .debug_ranges  0x00000000000006a0       0x78 ./Middlewares/ST/STM32_USB_Device_Library/Core/Src/usbd_ctlreq.o
 .debug_ranges  0x0000000000000718       0x40 ./Middlewares/ST/STM32_USB_Device_Library/Core/Src/usbd_ioreq.o
 .debug_ranges  0x0000000000000758       0x10 ./USB_DEVICE/App/usb_device.o
 .debug_ranges  0x0000000000000768       0x50 ./USB_DEVICE/App/usbd_desc.o
 .debug_ranges  0x00000000000007b8      0x108 ./USB_DEVICE/Target/usbd_conf.o

.debug_macro    0x0000000000000000    0x192a8
 .debug_macro   0x0000000000000000      0x3dd ./Core/Src/main.o
 .debug_macro   0x00000000000003dd      0xa9c ./Core/Src/main.o
 .debug_macro   0x0000000000000e79      0x215 ./Core/Src/main.o
 .debug_macro   0x000000000000108e       0x2e ./Core/Src/main.o
 .debug_macro   0x00000000000010bc       0x22 ./Core/Src/main.o
 .debug_macro   0x00000000000010de       0x22 ./Core/Src/main.o
 .debug_macro   0x0000000000001100       0x8e ./Core/Src/main.o
 .debug_macro   0x000000000000118e       0x51 ./Core/Src/main.o
 .debug_macro   0x00000000000011df      0x103 ./Core/Src/main.o
 .debug_macro   0x00000000000012e2       0x6a ./Core/Src/main.o
 .debug_macro   0x000000000000134c      0x1df ./Core/Src/main.o
 .debug_macro   0x000000000000152b       0x1c ./Core/Src/main.o
 .debug_macro   0x0000000000001547       0x22 ./Core/Src/main.o
 .debug_macro   0x0000000000001569       0xc3 ./Core/Src/main.o
 .debug_macro   0x000000000000162c      0xd23 ./Core/Src/main.o
 .debug_macro   0x000000000000234f     0xe09e ./Core/Src/main.o
 .debug_macro   0x00000000000103ed       0x6d ./Core/Src/main.o
 .debug_macro   0x000000000001045a     0x3468 ./Core/Src/main.o
 .debug_macro   0x00000000000138c2      0x174 ./Core/Src/main.o
 .debug_macro   0x0000000000013a36       0x5c ./Core/Src/main.o
 .debug_macro   0x0000000000013a92      0x5be ./Core/Src/main.o
 .debug_macro   0x0000000000014050      0x289 ./Core/Src/main.o
 .debug_macro   0x00000000000142d9      0x1cb ./Core/Src/main.o
 .debug_macro   0x00000000000144a4      0x114 ./Core/Src/main.o
 .debug_macro   0x00000000000145b8      0x1b2 ./Core/Src/main.o
 .debug_macro   0x000000000001476a       0x27 ./Core/Src/main.o
 .debug_macro   0x0000000000014791      0x136 ./Core/Src/main.o
 .debug_macro   0x00000000000148c7      0x1bc ./Core/Src/main.o
 .debug_macro   0x0000000000014a83       0x34 ./Core/Src/main.o
 .debug_macro   0x0000000000014ab7       0x3c ./Core/Src/main.o
 .debug_macro   0x0000000000014af3       0x57 ./Core/Src/main.o
 .debug_macro   0x0000000000014b4a       0x88 ./Core/Src/main.o
 .debug_macro   0x0000000000014bd2      0x241 ./Core/Src/main.o
 .debug_macro   0x0000000000014e13      0x141 ./Core/Src/main.o
 .debug_macro   0x0000000000014f54       0x65 ./Core/Src/main.o
 .debug_macro   0x0000000000014fb9      0x249 ./Core/Src/main.o
 .debug_macro   0x0000000000015202       0x83 ./Core/Src/main.o
 .debug_macro   0x0000000000015285       0x10 ./Core/Src/main.o
 .debug_macro   0x0000000000015295       0x52 ./Core/Src/main.o
 .debug_macro   0x00000000000152e7       0x18 ./Core/Src/main.o
 .debug_macro   0x00000000000152ff       0x3c ./Core/Src/main.o
 .debug_macro   0x000000000001533b       0x34 ./Core/Src/main.o
 .debug_macro   0x000000000001536f       0x16 ./Core/Src/main.o
 .debug_macro   0x0000000000015385       0x35 ./Core/Src/main.o
 .debug_macro   0x00000000000153ba      0x333 ./Core/Src/main.o
 .debug_macro   0x00000000000156ed       0x10 ./Core/Src/main.o
 .debug_macro   0x00000000000156fd       0x16 ./Core/Src/main.o
 .debug_macro   0x0000000000015713       0x43 ./Core/Src/main.o
 .debug_macro   0x0000000000015756       0x34 ./Core/Src/main.o
 .debug_macro   0x000000000001578a       0x10 ./Core/Src/main.o
 .debug_macro   0x000000000001579a       0x58 ./Core/Src/main.o
 .debug_macro   0x00000000000157f2       0x71 ./Core/Src/main.o
 .debug_macro   0x0000000000015863       0x1c ./Core/Src/main.o
 .debug_macro   0x000000000001587f      0x12a ./Core/Src/main.o
 .debug_macro   0x00000000000159a9       0x10 ./Core/Src/main.o
 .debug_macro   0x00000000000159b9       0x1c ./Core/Src/main.o
 .debug_macro   0x00000000000159d5       0x52 ./Core/Src/main.o
 .debug_macro   0x0000000000015a27       0x22 ./Core/Src/main.o
 .debug_macro   0x0000000000015a49       0x10 ./Core/Src/main.o
 .debug_macro   0x0000000000015a59       0x40 ./Core/Src/main.o
 .debug_macro   0x0000000000015a99       0xd5 ./Core/Src/main.o
 .debug_macro   0x0000000000015b6e       0x1c ./Core/Src/main.o
 .debug_macro   0x0000000000015b8a       0x3d ./Core/Src/main.o
 .debug_macro   0x0000000000015bc7       0x16 ./Core/Src/main.o
 .debug_macro   0x0000000000015bdd      0x145 ./Core/Src/main.o
 .debug_macro   0x0000000000015d22       0x16 ./Core/Src/main.o
 .debug_macro   0x0000000000015d38       0x16 ./Core/Src/main.o
 .debug_macro   0x0000000000015d4e       0x29 ./Core/Src/main.o
 .debug_macro   0x0000000000015d77       0x16 ./Core/Src/main.o
 .debug_macro   0x0000000000015d8d       0x20 ./Core/Src/main.o
 .debug_macro   0x0000000000015dad       0x60 ./Core/Src/main.o
 .debug_macro   0x0000000000015e0d      0x1c8 ./Core/Src/main.o
 .debug_macro   0x0000000000015fd5       0x5e ./Core/Src/main.o
 .debug_macro   0x0000000000016033      0x1b7 ./Core/Src/stm32f1xx_hal_msp.o
 .debug_macro   0x00000000000161ea      0x1c1 ./Core/Src/stm32f1xx_it.o
 .debug_macro   0x00000000000163ab      0x1a8 ./Core/Src/system_stm32f1xx.o
 .debug_macro   0x0000000000016553      0x1cc ./Drivers/STM32F1xx_HAL_Driver/Src/stm32f1xx_hal.o
 .debug_macro   0x000000000001671f      0x1a8 ./Drivers/STM32F1xx_HAL_Driver/Src/stm32f1xx_hal_cortex.o
 .debug_macro   0x00000000000168c7      0x213 ./Drivers/STM32F1xx_HAL_Driver/Src/stm32f1xx_hal_gpio.o
 .debug_macro   0x0000000000016ada      0x1b4 ./Drivers/STM32F1xx_HAL_Driver/Src/stm32f1xx_hal_pcd.o
 .debug_macro   0x0000000000016c8e      0x1a8 ./Drivers/STM32F1xx_HAL_Driver/Src/stm32f1xx_hal_pcd_ex.o
 .debug_macro   0x0000000000016e36      0x1ba ./Drivers/STM32F1xx_HAL_Driver/Src/stm32f1xx_hal_rcc.o
 .debug_macro   0x0000000000016ff0      0x1a8 ./Drivers/STM32F1xx_HAL_Driver/Src/stm32f1xx_hal_rcc_ex.o
 .debug_macro   0x0000000000017198      0x1a8 ./Drivers/STM32F1xx_HAL_Driver/Src/stm32f1xx_ll_usb.o
 .debug_macro   0x0000000000017340      0x3cd ./Middlewares/ST/STM32_USB_Device_Library/Class/HID/Src/usbd_hid.o
 .debug_macro   0x000000000001770d       0x97 ./Middlewares/ST/STM32_USB_Device_Library/Class/HID/Src/usbd_hid.o
 .debug_macro   0x00000000000177a4       0xfd ./Middlewares/ST/STM32_USB_Device_Library/Class/HID/Src/usbd_hid.o
 .debug_macro   0x00000000000178a1       0xbd ./Middlewares/ST/STM32_USB_Device_Library/Class/HID/Src/usbd_hid.o
 .debug_macro   0x000000000001795e       0x56 ./Middlewares/ST/STM32_USB_Device_Library/Class/HID/Src/usbd_hid.o
 .debug_macro   0x00000000000179b4      0x3b4 ./Middlewares/ST/STM32_USB_Device_Library/Core/Src/usbd_core.o
 .debug_macro   0x0000000000017d68      0x1ce ./Middlewares/ST/STM32_USB_Device_Library/Core/Src/usbd_core.o
 .debug_macro   0x0000000000017f36      0x3be ./Middlewares/ST/STM32_USB_Device_Library/Core/Src/usbd_ctlreq.o
 .debug_macro   0x00000000000182f4      0x3ba ./Middlewares/ST/STM32_USB_Device_Library/Core/Src/usbd_ioreq.o
 .debug_macro   0x00000000000186ae      0x3e4 ./USB_DEVICE/App/usb_device.o
 .debug_macro   0x0000000000018a92       0x16 ./USB_DEVICE/App/usb_device.o
 .debug_macro   0x0000000000018aa8       0x22 ./USB_DEVICE/App/usb_device.o
 .debug_macro   0x0000000000018aca      0x3f1 ./USB_DEVICE/App/usbd_desc.o
 .debug_macro   0x0000000000018ebb       0x1c ./USB_DEVICE/App/usbd_desc.o
 .debug_macro   0x0000000000018ed7      0x3d1 ./USB_DEVICE/Target/usbd_conf.o

.debug_line     0x0000000000000000     0xd1b7
 .debug_line    0x0000000000000000      0xa56 ./Core/Src/main.o
 .debug_line    0x0000000000000a56      0x670 ./Core/Src/stm32f1xx_hal_msp.o
 .debug_line    0x00000000000010c6      0x749 ./Core/Src/stm32f1xx_it.o
 .debug_line    0x000000000000180f      0x6ed ./Core/Src/system_stm32f1xx.o
 .debug_line    0x0000000000001efc       0x87 ./Core/Startup/startup_stm32f103c8tx.o
 .debug_line    0x0000000000001f83      0x91a ./Drivers/STM32F1xx_HAL_Driver/Src/stm32f1xx_hal.o
 .debug_line    0x000000000000289d      0xb02 ./Drivers/STM32F1xx_HAL_Driver/Src/stm32f1xx_hal_cortex.o
 .debug_line    0x000000000000339f      0x9b1 ./Drivers/STM32F1xx_HAL_Driver/Src/stm32f1xx_hal_gpio.o
 .debug_line    0x0000000000003d50     0x1308 ./Drivers/STM32F1xx_HAL_Driver/Src/stm32f1xx_hal_pcd.o
 .debug_line    0x0000000000005058      0x6e8 ./Drivers/STM32F1xx_HAL_Driver/Src/stm32f1xx_hal_pcd_ex.o
 .debug_line    0x0000000000005740      0xd28 ./Drivers/STM32F1xx_HAL_Driver/Src/stm32f1xx_hal_rcc.o
 .debug_line    0x0000000000006468      0x866 ./Drivers/STM32F1xx_HAL_Driver/Src/stm32f1xx_hal_rcc_ex.o
 .debug_line    0x0000000000006cce     0x1022 ./Drivers/STM32F1xx_HAL_Driver/Src/stm32f1xx_ll_usb.o
 .debug_line    0x0000000000007cf0      0xbb2 ./Middlewares/ST/STM32_USB_Device_Library/Class/HID/Src/usbd_hid.o
 .debug_line    0x00000000000088a2      0xd79 ./Middlewares/ST/STM32_USB_Device_Library/Core/Src/usbd_core.o
 .debug_line    0x000000000000961b      0xf98 ./Middlewares/ST/STM32_USB_Device_Library/Core/Src/usbd_ctlreq.o
 .debug_line    0x000000000000a5b3      0xa0f ./Middlewares/ST/STM32_USB_Device_Library/Core/Src/usbd_ioreq.o
 .debug_line    0x000000000000afc2      0x9b5 ./USB_DEVICE/App/usb_device.o
 .debug_line    0x000000000000b977      0xa98 ./USB_DEVICE/App/usbd_desc.o
 .debug_line    0x000000000000c40f      0xda8 ./USB_DEVICE/Target/usbd_conf.o

.debug_str      0x0000000000000000    0x84a01
 .debug_str     0x0000000000000000    0x8243e ./Core/Src/main.o
                                      0x828b5 (size before relaxing)
 .debug_str     0x000000000008243e       0x5a ./Core/Src/stm32f1xx_hal_msp.o
                                      0x7d58a (size before relaxing)
 .debug_str     0x0000000000082498      0x3d9 ./Core/Src/stm32f1xx_it.o
                                      0x7d92d (size before relaxing)
 .debug_str     0x0000000000082871       0x52 ./Core/Src/system_stm32f1xx.o
                                      0x7d549 (size before relaxing)
 .debug_str     0x00000000000828c3       0x36 ./Core/Startup/startup_stm32f103c8tx.o
                                         0x56 (size before relaxing)
 .debug_str     0x00000000000828f9      0x55e ./Drivers/STM32F1xx_HAL_Driver/Src/stm32f1xx_hal.o
                                      0x7dbda (size before relaxing)
 .debug_str     0x0000000000082e57      0x2d8 ./Drivers/STM32F1xx_HAL_Driver/Src/stm32f1xx_hal_cortex.o
                                      0x7dbe2 (size before relaxing)
 .debug_str     0x000000000008312f      0x340 ./Drivers/STM32F1xx_HAL_Driver/Src/stm32f1xx_hal_gpio.o
                                      0x7d90d (size before relaxing)
 .debug_str     0x000000000008346f      0x3e5 ./Drivers/STM32F1xx_HAL_Driver/Src/stm32f1xx_hal_pcd.o
                                      0x7dc9c (size before relaxing)
 .debug_str     0x0000000000083854      0x18d ./Drivers/STM32F1xx_HAL_Driver/Src/stm32f1xx_hal_pcd_ex.o
                                      0x7d9e9 (size before relaxing)
 .debug_str     0x00000000000839e1      0x24f ./Drivers/STM32F1xx_HAL_Driver/Src/stm32f1xx_hal_rcc.o
                                      0x7d946 (size before relaxing)
 .debug_str     0x0000000000083c30       0xb9 ./Drivers/STM32F1xx_HAL_Driver/Src/stm32f1xx_hal_rcc_ex.o
                                      0x7d6d3 (size before relaxing)
 .debug_str     0x0000000000083ce9      0x2ad ./Drivers/STM32F1xx_HAL_Driver/Src/stm32f1xx_ll_usb.o
                                      0x7da1c (size before relaxing)
 .debug_str     0x0000000000083f96      0x270 ./Middlewares/ST/STM32_USB_Device_Library/Class/HID/Src/usbd_hid.o
                                      0x8286d (size before relaxing)
 .debug_str     0x0000000000084206      0x1a2 ./Middlewares/ST/STM32_USB_Device_Library/Core/Src/usbd_core.o
                                      0x82676 (size before relaxing)
 .debug_str     0x00000000000843a8      0x12f ./Middlewares/ST/STM32_USB_Device_Library/Core/Src/usbd_ctlreq.o
                                      0x825fc (size before relaxing)
 .debug_str     0x00000000000844d7       0xc9 ./Middlewares/ST/STM32_USB_Device_Library/Core/Src/usbd_ioreq.o
                                      0x82584 (size before relaxing)
 .debug_str     0x00000000000845a0       0xb5 ./USB_DEVICE/App/usb_device.o
                                      0x826f0 (size before relaxing)
 .debug_str     0x0000000000084655      0x258 ./USB_DEVICE/App/usbd_desc.o
                                      0x824ef (size before relaxing)
 .debug_str     0x00000000000848ad      0x154 ./USB_DEVICE/Target/usbd_conf.o
                                      0x8303e (size before relaxing)

.comment        0x0000000000000000       0x53
 .comment       0x0000000000000000       0x53 ./Core/Src/main.o
                                         0x54 (size before relaxing)
 .comment       0x0000000000000053       0x54 ./Core/Src/stm32f1xx_hal_msp.o
 .comment       0x0000000000000053       0x54 ./Core/Src/stm32f1xx_it.o
 .comment       0x0000000000000053       0x54 ./Core/Src/system_stm32f1xx.o
 .comment       0x0000000000000053       0x54 ./Drivers/STM32F1xx_HAL_Driver/Src/stm32f1xx_hal.o
 .comment       0x0000000000000053       0x54 ./Drivers/STM32F1xx_HAL_Driver/Src/stm32f1xx_hal_cortex.o
 .comment       0x0000000000000053       0x54 ./Drivers/STM32F1xx_HAL_Driver/Src/stm32f1xx_hal_gpio.o
 .comment       0x0000000000000053       0x54 ./Drivers/STM32F1xx_HAL_Driver/Src/stm32f1xx_hal_pcd.o
 .comment       0x0000000000000053       0x54 ./Drivers/STM32F1xx_HAL_Driver/Src/stm32f1xx_hal_pcd_ex.o
 .comment       0x0000000000000053       0x54 ./Drivers/STM32F1xx_HAL_Driver/Src/stm32f1xx_hal_rcc.o
 .comment       0x0000000000000053       0x54 ./Drivers/STM32F1xx_HAL_Driver/Src/stm32f1xx_hal_rcc_ex.o
 .comment       0x0000000000000053       0x54 ./Drivers/STM32F1xx_HAL_Driver/Src/stm32f1xx_ll_usb.o
 .comment       0x0000000000000053       0x54 ./Middlewares/ST/STM32_USB_Device_Library/Class/HID/Src/usbd_hid.o
 .comment       0x0000000000000053       0x54 ./Middlewares/ST/STM32_USB_Device_Library/Core/Src/usbd_core.o
 .comment       0x0000000000000053       0x54 ./Middlewares/ST/STM32_USB_Device_Library/Core/Src/usbd_ctlreq.o
 .comment       0x0000000000000053       0x54 ./Middlewares/ST/STM32_USB_Device_Library/Core/Src/usbd_ioreq.o
 .comment       0x0000000000000053       0x54 ./USB_DEVICE/App/usb_device.o
 .comment       0x0000000000000053       0x54 ./USB_DEVICE/App/usbd_desc.o
 .comment       0x0000000000000053       0x54 ./USB_DEVICE/Target/usbd_conf.o

.debug_frame    0x0000000000000000     0x262c
 .debug_frame   0x0000000000000000       0x8c ./Core/Src/main.o
 .debug_frame   0x000000000000008c       0x38 ./Core/Src/stm32f1xx_hal_msp.o
 .debug_frame   0x00000000000000c4      0x120 ./Core/Src/stm32f1xx_it.o
 .debug_frame   0x00000000000001e4       0x58 ./Core/Src/system_stm32f1xx.o
 .debug_frame   0x000000000000023c      0x334 ./Drivers/STM32F1xx_HAL_Driver/Src/stm32f1xx_hal.o
 .debug_frame   0x0000000000000570      0x428 ./Drivers/STM32F1xx_HAL_Driver/Src/stm32f1xx_hal_cortex.o
 .debug_frame   0x0000000000000998      0x14c ./Drivers/STM32F1xx_HAL_Driver/Src/stm32f1xx_hal_gpio.o
 .debug_frame   0x0000000000000ae4      0x578 ./Drivers/STM32F1xx_HAL_Driver/Src/stm32f1xx_hal_pcd.o
 .debug_frame   0x000000000000105c       0xb0 ./Drivers/STM32F1xx_HAL_Driver/Src/stm32f1xx_hal_pcd_ex.o
 .debug_frame   0x000000000000110c      0x21c ./Drivers/STM32F1xx_HAL_Driver/Src/stm32f1xx_hal_rcc.o
 .debug_frame   0x0000000000001328       0x84 ./Drivers/STM32F1xx_HAL_Driver/Src/stm32f1xx_hal_rcc_ex.o
 .debug_frame   0x00000000000013ac      0x450 ./Drivers/STM32F1xx_HAL_Driver/Src/stm32f1xx_ll_usb.o
 .debug_frame   0x00000000000017fc      0x190 ./Middlewares/ST/STM32_USB_Device_Library/Class/HID/Src/usbd_hid.o
 .debug_frame   0x000000000000198c      0x300 ./Middlewares/ST/STM32_USB_Device_Library/Core/Src/usbd_core.o
 .debug_frame   0x0000000000001c8c      0x218 ./Middlewares/ST/STM32_USB_Device_Library/Core/Src/usbd_ctlreq.o
 .debug_frame   0x0000000000001ea4      0x10c ./Middlewares/ST/STM32_USB_Device_Library/Core/Src/usbd_ioreq.o
 .debug_frame   0x0000000000001fb0       0x2c ./USB_DEVICE/App/usb_device.o
 .debug_frame   0x0000000000001fdc      0x160 ./USB_DEVICE/App/usbd_desc.o
 .debug_frame   0x000000000000213c      0x4a4 ./USB_DEVICE/Target/usbd_conf.o
 .debug_frame   0x00000000000025e0       0x2c d:/stm32cubeide_1.6.0/stm32cubeide/plugins/com.st.stm32cube.ide.mcu.externaltools.gnu-tools-for-stm32.9-2020-q2-update.win32_2.0.0.202105311346/tools/bin/../lib/gcc/arm-none-eabi/9.3.1/../../../../arm-none-eabi/lib/thumb/v7-m/nofp\libc_nano.a(lib_a-init.o)
 .debug_frame   0x000000000000260c       0x20 d:/stm32cubeide_1.6.0/stm32cubeide/plugins/com.st.stm32cube.ide.mcu.externaltools.gnu-tools-for-stm32.9-2020-q2-update.win32_2.0.0.202105311346/tools/bin/../lib/gcc/arm-none-eabi/9.3.1/../../../../arm-none-eabi/lib/thumb/v7-m/nofp\libc_nano.a(lib_a-memset.o)
