18:22:31 **** Incremental Build of configuration Debug for project BluePill_Blink ****
make -j8 all 
arm-none-eabi-gcc "../Core/Src/main.c" -mcpu=cortex-m3 -std=gnu11 -g3 -DDEBUG -DUSE_HAL_DRIVER -DSTM32F103xB -c -I../Core/Inc -I../Drivers/STM32F1xx_HAL_Driver/Inc -I../Drivers/STM32F1xx_HAL_Driver/Inc/Legacy -I../Drivers/CMSIS/Device/ST/STM32F1xx/Include -I../Drivers/CMSIS/Include -O0 -ffunction-sections -fdata-sections -Wall -fstack-usage -MMD -MP -MF"Core/Src/main.d" -MT"Core/Src/main.o" --specs=nano.specs -mfloat-abi=soft -mthumb -o "Core/Src/main.o"
arm-none-eabi-gcc "../Core/Src/system_stm32f1xx.c" -mcpu=cortex-m3 -std=gnu11 -g3 -DDEBUG -DUSE_HAL_DRIVER -DSTM32F103xB -c -I../Core/Inc -I../Drivers/STM32F1xx_HAL_Driver/Inc -I../Drivers/STM32F1xx_HAL_Driver/Inc/Legacy -I../Drivers/CMSIS/Device/ST/STM32F1xx/Include -I../Drivers/CMSIS/Include -O0 -ffunction-sections -fdata-sections -Wall -fstack-usage -MMD -MP -MF"Core/Src/system_stm32f1xx.d" -MT"Core/Src/system_stm32f1xx.o" --specs=nano.specs -mfloat-abi=soft -mthumb -o "Core/Src/system_stm32f1xx.o"
arm-none-eabi-gcc -o "BluePill_Blink.elf" @"objects.list"   -mcpu=cortex-m3 -T"D:\STM32cubeide_1.6.0_WORKSPACE\BluePill_Blink\STM32F103C8TX_FLASH.ld" --specs=nosys.specs -Wl,-Map="BluePill_Blink.map" -Wl,--gc-sections -static --specs=nano.specs -mfloat-abi=soft -mthumb -Wl,--start-group -lc -lm -Wl,--end-group
Finished building target: BluePill_Blink.elf
 
arm-none-eabi-objdump -h -S  BluePill_Blink.elf  > "BluePill_Blink.list"
arm-none-eabi-objcopy  -O binary  BluePill_Blink.elf  "BluePill_Blink.bin"
arm-none-eabi-size   BluePill_Blink.elf 
   text	   data	    bss	    dec	    hex	filename
   4592	     20	   1572	   6184	   1828	BluePill_Blink.elf
Finished building: default.size.stdout
 
Finished building: BluePill_Blink.list
Finished building: BluePill_Blink.bin
 
 

18:22:32 Build Finished. 0 errors, 0 warnings. (took 1s.55ms)

